#
# There is insufficient memory for the Java Runtime Environment to continue.
# Native memory allocation (malloc) failed to allocate 2089936 bytes. Error detail: Chunk::new
# Possible reasons:
#   The system is out of physical RAM or swap space
#   This process is running with CompressedOops enabled, and the Java Heap may be blocking the growth of the native heap
# Possible solutions:
#   Reduce memory load on the system
#   Increase physical memory or swap space
#   Check if swap backing store is full
#   Decrease Java heap size (-Xmx/-Xms)
#   Decrease number of Java threads
#   Decrease Java thread stack sizes (-Xss)
#   Set larger code cache with -XX:ReservedCodeCacheSize=
#   JVM is running with Unscaled Compressed Oops mode in which the Java heap is
#     placed in the first 4GB address space. The Java Heap base address is the
#     maximum limit for the native heap growth. Please use -XX:HeapBaseMinAddress
#     to set the Java Heap base and to place the Java Heap above 4GB virtual address.
# This output file may be truncated or incomplete.
#
#  Out of Memory Error (arena.cpp:168), pid=39180, tid=29448
#
# JRE version: OpenJDK Runtime Environment (21.0.3) (build 21.0.3+-12282718-b509.11)
# Java VM: OpenJDK 64-Bit Server VM (21.0.3+-12282718-b509.11, mixed mode, tiered, compressed oops, compressed class ptrs, g1 gc, windows-amd64)
# No core dump will be written. Minidumps are not enabled by default on client versions of Windows
#

---------------  S U M M A R Y ------------

Command Line: org.jetbrains.kotlin.cli.jvm.K2JVMCompiler @C:\Users\dinis\AndroidStudioProjects\BrainBrawl\app\build\20250414_13828469438220952904.compiler.options

Host: Intel(R) Core(TM) i3-1005G1 CPU @ 1.20GHz, 4 cores, 7G,  Windows 11 , 64 bit Build 22621 (10.0.22621.5124)
Time: Mon Apr 14 10:08:17 2025 Hora de Verão de GMT elapsed time: 11.898056 seconds (0d 0h 0m 11s)

---------------  T H R E A D  ---------------

Current thread (0x000001f915064560):  JavaThread "C2 CompilerThread0" daemon [_thread_in_native, id=29448, stack(0x000000437e200000,0x000000437e300000) (1024K)]


Current CompileTask:
C2:  11898 11262       4       org.jetbrains.kotlin.resolve.calls.tower.AbstractSimpleScopeTowerProcessor::createCandidates (101 bytes)

Stack: [0x000000437e200000,0x000000437e300000]
Native frames: (J=compiled Java code, j=interpreted, Vv=VM code, C=native code)
V  [jvm.dll+0x6cafb9]
V  [jvm.dll+0x858523]
V  [jvm.dll+0x85aa7e]
V  [jvm.dll+0x85b163]
V  [jvm.dll+0x27d356]
V  [jvm.dll+0xbf93d]
V  [jvm.dll+0xbfe73]
V  [jvm.dll+0x3b1cb1]
V  [jvm.dll+0x37e787]
V  [jvm.dll+0x37dbfa]
V  [jvm.dll+0x246b02]
V  [jvm.dll+0x2460d1]
V  [jvm.dll+0x1c5804]
V  [jvm.dll+0x25575c]
V  [jvm.dll+0x253c36]
V  [jvm.dll+0x3ec996]
V  [jvm.dll+0x800d78]
V  [jvm.dll+0x6c98cd]
C  [ucrtbase.dll+0x29333]
C  [KERNEL32.DLL+0x1259d]
C  [ntdll.dll+0x5af38]


---------------  P R O C E S S  ---------------

Threads class SMR info:
_java_thread_list=0x000001f91575e5d0, length=11, elements={
0x000001f977e7c750, 0x000001f91504eaf0, 0x000001f91504fe50, 0x000001f91505af30,
0x000001f91505bc50, 0x000001f91505ee70, 0x000001f91505fa00, 0x000001f915064560,
0x000001f91506a0e0, 0x000001f915200ec0, 0x000001f91520ee60
}

Java Threads: ( => current thread )
  0x000001f977e7c750 JavaThread "main"                              [_thread_blocked, id=11688, stack(0x000000437d400000,0x000000437d500000) (1024K)]
  0x000001f91504eaf0 JavaThread "Reference Handler"          daemon [_thread_blocked, id=45820, stack(0x000000437dc00000,0x000000437dd00000) (1024K)]
  0x000001f91504fe50 JavaThread "Finalizer"                  daemon [_thread_blocked, id=41456, stack(0x000000437dd00000,0x000000437de00000) (1024K)]
  0x000001f91505af30 JavaThread "Signal Dispatcher"          daemon [_thread_blocked, id=40704, stack(0x000000437de00000,0x000000437df00000) (1024K)]
  0x000001f91505bc50 JavaThread "Attach Listener"            daemon [_thread_blocked, id=43628, stack(0x000000437df00000,0x000000437e000000) (1024K)]
  0x000001f91505ee70 JavaThread "Service Thread"             daemon [_thread_blocked, id=35920, stack(0x000000437e000000,0x000000437e100000) (1024K)]
  0x000001f91505fa00 JavaThread "Monitor Deflation Thread"   daemon [_thread_blocked, id=40028, stack(0x000000437e100000,0x000000437e200000) (1024K)]
=>0x000001f915064560 JavaThread "C2 CompilerThread0"         daemon [_thread_in_native, id=29448, stack(0x000000437e200000,0x000000437e300000) (1024K)]
  0x000001f91506a0e0 JavaThread "C1 CompilerThread0"         daemon [_thread_blocked, id=42240, stack(0x000000437e300000,0x000000437e400000) (1024K)]
  0x000001f915200ec0 JavaThread "Notification Thread"        daemon [_thread_blocked, id=35536, stack(0x000000437e400000,0x000000437e500000) (1024K)]
  0x000001f91520ee60 JavaThread "Common-Cleaner"             daemon [_thread_blocked, id=41904, stack(0x000000437e500000,0x000000437e600000) (1024K)]
Total: 11

Other Threads:
  0x000001f97fc43860 VMThread "VM Thread"                           [id=44328, stack(0x000000437db00000,0x000000437dc00000) (1024K)]
  0x000001f97fc2c5a0 WatcherThread "VM Periodic Task Thread"        [id=45156, stack(0x000000437da00000,0x000000437db00000) (1024K)]
  0x000001f97a02b130 WorkerThread "GC Thread#0"                     [id=42904, stack(0x000000437d500000,0x000000437d600000) (1024K)]
  0x000001f97fc434c0 WorkerThread "GC Thread#1"                     [id=37988, stack(0x000000437e700000,0x000000437e800000) (1024K)]
  0x000001f97fc43c00 WorkerThread "GC Thread#2"                     [id=38992, stack(0x000000437e800000,0x000000437e900000) (1024K)]
  0x000001f97fc43fa0 WorkerThread "GC Thread#3"                     [id=33768, stack(0x000000437e900000,0x000000437ea00000) (1024K)]
  0x000001f97a03c110 ConcurrentGCThread "G1 Main Marker"            [id=11112, stack(0x000000437d600000,0x000000437d700000) (1024K)]
  0x000001f97a03d3b0 WorkerThread "G1 Conc#0"                       [id=38392, stack(0x000000437d700000,0x000000437d800000) (1024K)]
  0x000001f97a09e1a0 ConcurrentGCThread "G1 Refine#0"               [id=33640, stack(0x000000437d800000,0x000000437d900000) (1024K)]
  0x000001f97fb020c0 ConcurrentGCThread "G1 Service"                [id=28244, stack(0x000000437d900000,0x000000437da00000) (1024K)]
Total: 10

Threads with active compile tasks:
C2 CompilerThread0    11923 11262       4       org.jetbrains.kotlin.resolve.calls.tower.AbstractSimpleScopeTowerProcessor::createCandidates (101 bytes)
C1 CompilerThread0    11923 11356       3       org.jetbrains.kotlin.psi.psiUtil.KtPsiUtilKt::isContractDescriptionCallPsiCheck (66 bytes)
Total: 2

VM state: at safepoint (normal execution)

VM Mutex/Monitor currently owned by a thread:  ([mutex/lock_event])
[0x00007ffc364220c8] Threads_lock - owner thread: 0x000001f97fc43860
[0x00007ffc364221c8] Heap_lock - owner thread: 0x000001f977e7c750

Heap address: 0x0000000084c00000, size: 1972 MB, Compressed Oops mode: 32-bit

CDS archive(s) not mapped
Compressed class space mapped at: 0x0000000100000000-0x0000000140000000, reserved size: 1073741824
Narrow klass base: 0x0000000000000000, Narrow klass shift: 3, Narrow klass range: 0x140000000

GC Precious Log:
 CardTable entry size: 512
 Card Set container configuration: InlinePtr #cards 5 size 8 Array Of Cards #cards 12 size 40 Howl #buckets 4 coarsen threshold 1843 Howl Bitmap #cards 512 size 80 coarsen threshold 460 Card regions per heap region 1 cards per card region 2048
 CPUs: 4 total, 4 available
 Memory: 7880M
 Large Page Support: Disabled
 NUMA Support: Disabled
 Compressed Oops: Enabled (32-bit)
 Heap Region Size: 1M
 Heap Min Capacity: 8M
 Heap Initial Capacity: 124M
 Heap Max Capacity: 1972M
 Pre-touch: Disabled
 Parallel Workers: 4
 Concurrent Workers: 1
 Concurrent Refinement Workers: 4
 Periodic GC: Disabled

Heap:
 garbage-first heap   total 123904K, used 101067K [0x0000000084c00000, 0x0000000100000000)
  region size 1024K, 51 young (52224K), 4 survivors (4096K)
 Metaspace       used 69870K, committed 70592K, reserved 1114112K
  class space    used 7945K, committed 8320K, reserved 1048576K

Heap Regions: E=young(eden), S=young(survivor), O=old, HS=humongous(starts), HC=humongous(continues), CS=collection set, F=free, TAMS=top-at-mark-start, PB=parsable bottom
|   0|0x0000000084c00000, 0x0000000084d00000, 0x0000000084d00000|100%|HS|  |TAMS 0x0000000084c00000| PB 0x0000000084c00000| Complete 
|   1|0x0000000084d00000, 0x0000000084e00000, 0x0000000084e00000|100%|HC|  |TAMS 0x0000000084d00000| PB 0x0000000084d00000| Complete 
|   2|0x0000000084e00000, 0x0000000084f00000, 0x0000000084f00000|100%|HC|  |TAMS 0x0000000084e00000| PB 0x0000000084e00000| Complete 
|   3|0x0000000084f00000, 0x0000000085000000, 0x0000000085000000|100%|HC|  |TAMS 0x0000000084f00000| PB 0x0000000084f00000| Complete 
|   4|0x0000000085000000, 0x0000000085100000, 0x0000000085100000|100%| O|  |TAMS 0x0000000085000000| PB 0x0000000085000000| Untracked 
|   5|0x0000000085100000, 0x0000000085200000, 0x0000000085200000|100%| O|  |TAMS 0x0000000085100000| PB 0x0000000085100000| Untracked 
|   6|0x0000000085200000, 0x0000000085300000, 0x0000000085300000|100%| O|  |TAMS 0x0000000085200000| PB 0x0000000085200000| Untracked 
|   7|0x0000000085300000, 0x0000000085400000, 0x0000000085400000|100%| O|  |TAMS 0x0000000085300000| PB 0x0000000085300000| Untracked 
|   8|0x0000000085400000, 0x0000000085500000, 0x0000000085500000|100%| O|  |TAMS 0x0000000085400000| PB 0x0000000085400000| Untracked 
|   9|0x0000000085500000, 0x0000000085600000, 0x0000000085600000|100%| O|  |TAMS 0x0000000085500000| PB 0x0000000085500000| Untracked 
|  10|0x0000000085600000, 0x0000000085700000, 0x0000000085700000|100%| O|  |TAMS 0x0000000085600000| PB 0x0000000085600000| Untracked 
|  11|0x0000000085700000, 0x0000000085800000, 0x0000000085800000|100%| O|  |TAMS 0x0000000085700000| PB 0x0000000085700000| Untracked 
|  12|0x0000000085800000, 0x0000000085900000, 0x0000000085900000|100%| O|  |TAMS 0x0000000085800000| PB 0x0000000085800000| Untracked 
|  13|0x0000000085900000, 0x0000000085a00000, 0x0000000085a00000|100%| O|  |TAMS 0x0000000085900000| PB 0x0000000085900000| Untracked 
|  14|0x0000000085a00000, 0x0000000085b00000, 0x0000000085b00000|100%| O|  |TAMS 0x0000000085a00000| PB 0x0000000085a00000| Untracked 
|  15|0x0000000085b00000, 0x0000000085c00000, 0x0000000085c00000|100%| O|  |TAMS 0x0000000085b00000| PB 0x0000000085b00000| Untracked 
|  16|0x0000000085c00000, 0x0000000085d00000, 0x0000000085d00000|100%| O|  |TAMS 0x0000000085c00000| PB 0x0000000085c00000| Untracked 
|  17|0x0000000085d00000, 0x0000000085e00000, 0x0000000085e00000|100%| O|  |TAMS 0x0000000085d00000| PB 0x0000000085d00000| Untracked 
|  18|0x0000000085e00000, 0x0000000085f00000, 0x0000000085f00000|100%| O|  |TAMS 0x0000000085e00000| PB 0x0000000085e00000| Untracked 
|  19|0x0000000085f00000, 0x0000000086000000, 0x0000000086000000|100%| O|  |TAMS 0x0000000085f00000| PB 0x0000000085f00000| Untracked 
|  20|0x0000000086000000, 0x0000000086100000, 0x0000000086100000|100%| O|  |TAMS 0x0000000086000000| PB 0x0000000086000000| Untracked 
|  21|0x0000000086100000, 0x0000000086200000, 0x0000000086200000|100%| O|  |TAMS 0x0000000086100000| PB 0x0000000086100000| Untracked 
|  22|0x0000000086200000, 0x0000000086300000, 0x0000000086300000|100%|HS|  |TAMS 0x0000000086200000| PB 0x0000000086200000| Complete 
|  23|0x0000000086300000, 0x0000000086400000, 0x0000000086400000|100%|HC|  |TAMS 0x0000000086300000| PB 0x0000000086300000| Complete 
|  24|0x0000000086400000, 0x0000000086500000, 0x0000000086500000|100%| O|  |TAMS 0x0000000086400000| PB 0x0000000086400000| Untracked 
|  25|0x0000000086500000, 0x0000000086600000, 0x0000000086600000|100%| O|  |TAMS 0x0000000086500000| PB 0x0000000086500000| Untracked 
|  26|0x0000000086600000, 0x0000000086700000, 0x0000000086700000|100%| O|  |TAMS 0x0000000086600000| PB 0x0000000086600000| Untracked 
|  27|0x0000000086700000, 0x0000000086800000, 0x0000000086800000|100%| O|  |TAMS 0x0000000086700000| PB 0x0000000086700000| Untracked 
|  28|0x0000000086800000, 0x0000000086900000, 0x0000000086900000|100%| O|  |TAMS 0x0000000086800000| PB 0x0000000086800000| Untracked 
|  29|0x0000000086900000, 0x0000000086a00000, 0x0000000086a00000|100%| O|  |TAMS 0x0000000086900000| PB 0x0000000086900000| Untracked 
|  30|0x0000000086a00000, 0x0000000086b00000, 0x0000000086b00000|100%| O|  |TAMS 0x0000000086a00000| PB 0x0000000086a00000| Untracked 
|  31|0x0000000086b00000, 0x0000000086c00000, 0x0000000086c00000|100%| O|  |TAMS 0x0000000086b00000| PB 0x0000000086b00000| Untracked 
|  32|0x0000000086c00000, 0x0000000086d00000, 0x0000000086d00000|100%| O|  |TAMS 0x0000000086c00000| PB 0x0000000086c00000| Untracked 
|  33|0x0000000086d00000, 0x0000000086e00000, 0x0000000086e00000|100%| O|  |TAMS 0x0000000086d00000| PB 0x0000000086d00000| Untracked 
|  34|0x0000000086e00000, 0x0000000086f00000, 0x0000000086f00000|100%| O|  |TAMS 0x0000000086e00000| PB 0x0000000086e00000| Untracked 
|  35|0x0000000086f00000, 0x0000000087000000, 0x0000000087000000|100%| O|  |TAMS 0x0000000086f00000| PB 0x0000000086f00000| Untracked 
|  36|0x0000000087000000, 0x0000000087100000, 0x0000000087100000|100%| O|  |TAMS 0x0000000087000000| PB 0x0000000087000000| Untracked 
|  37|0x0000000087100000, 0x0000000087200000, 0x0000000087200000|100%| O|  |TAMS 0x0000000087100000| PB 0x0000000087100000| Untracked 
|  38|0x0000000087200000, 0x0000000087300000, 0x0000000087300000|100%| O|  |TAMS 0x0000000087200000| PB 0x0000000087200000| Untracked 
|  39|0x0000000087300000, 0x0000000087400000, 0x0000000087400000|100%| O|  |TAMS 0x0000000087300000| PB 0x0000000087300000| Untracked 
|  40|0x0000000087400000, 0x0000000087500000, 0x0000000087500000|100%| O|  |TAMS 0x0000000087400000| PB 0x0000000087400000| Untracked 
|  41|0x0000000087500000, 0x0000000087600000, 0x0000000087600000|100%| O|  |TAMS 0x0000000087500000| PB 0x0000000087500000| Untracked 
|  42|0x0000000087600000, 0x0000000087700000, 0x0000000087700000|100%| O|  |TAMS 0x0000000087600000| PB 0x0000000087600000| Untracked 
|  43|0x0000000087700000, 0x0000000087800000, 0x0000000087800000|100%| O|  |TAMS 0x0000000087700000| PB 0x0000000087700000| Untracked 
|  44|0x0000000087800000, 0x0000000087900000, 0x0000000087900000|100%| O|  |TAMS 0x0000000087800000| PB 0x0000000087800000| Untracked 
|  45|0x0000000087900000, 0x0000000087a00000, 0x0000000087a00000|100%| O|  |TAMS 0x0000000087900000| PB 0x0000000087900000| Untracked 
|  46|0x0000000087a00000, 0x0000000087b00000, 0x0000000087b00000|100%| O|  |TAMS 0x0000000087a00000| PB 0x0000000087a00000| Untracked 
|  47|0x0000000087b00000, 0x0000000087c00000, 0x0000000087c00000|100%| O|  |TAMS 0x0000000087b00000| PB 0x0000000087b00000| Untracked 
|  48|0x0000000087c00000, 0x0000000087d00000, 0x0000000087d00000|100%| O|  |TAMS 0x0000000087c00000| PB 0x0000000087c00000| Untracked 
|  49|0x0000000087d00000, 0x0000000087e00000, 0x0000000087e00000|100%| O|  |TAMS 0x0000000087d00000| PB 0x0000000087d00000| Untracked 
|  50|0x0000000087e00000, 0x0000000087f00000, 0x0000000087f00000|100%| O|  |TAMS 0x0000000087e00000| PB 0x0000000087e00000| Untracked 
|  51|0x0000000087f00000, 0x0000000088000000, 0x0000000088000000|100%| O|  |TAMS 0x0000000087f00000| PB 0x0000000087f00000| Untracked 
|  52|0x0000000088000000, 0x0000000088000000, 0x0000000088100000|  0%| F|  |TAMS 0x0000000088000000| PB 0x0000000088000000| Untracked 
|  53|0x0000000088100000, 0x0000000088100000, 0x0000000088200000|  0%| F|  |TAMS 0x0000000088100000| PB 0x0000000088100000| Untracked 
|  54|0x0000000088200000, 0x0000000088200000, 0x0000000088300000|  0%| F|  |TAMS 0x0000000088200000| PB 0x0000000088200000| Untracked 
|  55|0x0000000088300000, 0x0000000088300000, 0x0000000088400000|  0%| F|  |TAMS 0x0000000088300000| PB 0x0000000088300000| Untracked 
|  56|0x0000000088400000, 0x0000000088400000, 0x0000000088500000|  0%| F|  |TAMS 0x0000000088400000| PB 0x0000000088400000| Untracked 
|  57|0x0000000088500000, 0x0000000088600000, 0x0000000088600000|100%| E|CS|TAMS 0x0000000088500000| PB 0x0000000088500000| Complete 
|  58|0x0000000088600000, 0x0000000088700000, 0x0000000088700000|100%| E|CS|TAMS 0x0000000088600000| PB 0x0000000088600000| Complete 
|  59|0x0000000088700000, 0x0000000088800000, 0x0000000088800000|100%| E|CS|TAMS 0x0000000088700000| PB 0x0000000088700000| Complete 
|  60|0x0000000088800000, 0x0000000088900000, 0x0000000088900000|100%| E|CS|TAMS 0x0000000088800000| PB 0x0000000088800000| Complete 
|  61|0x0000000088900000, 0x0000000088a00000, 0x0000000088a00000|100%| E|CS|TAMS 0x0000000088900000| PB 0x0000000088900000| Complete 
|  62|0x0000000088a00000, 0x0000000088b00000, 0x0000000088b00000|100%| E|CS|TAMS 0x0000000088a00000| PB 0x0000000088a00000| Complete 
|  63|0x0000000088b00000, 0x0000000088c00000, 0x0000000088c00000|100%| E|CS|TAMS 0x0000000088b00000| PB 0x0000000088b00000| Complete 
|  64|0x0000000088c00000, 0x0000000088d00000, 0x0000000088d00000|100%| E|CS|TAMS 0x0000000088c00000| PB 0x0000000088c00000| Complete 
|  65|0x0000000088d00000, 0x0000000088d00000, 0x0000000088e00000|  0%| F|  |TAMS 0x0000000088d00000| PB 0x0000000088d00000| Untracked 
|  66|0x0000000088e00000, 0x0000000088e00000, 0x0000000088f00000|  0%| F|  |TAMS 0x0000000088e00000| PB 0x0000000088e00000| Untracked 
|  67|0x0000000088f00000, 0x0000000088f00000, 0x0000000089000000|  0%| F|  |TAMS 0x0000000088f00000| PB 0x0000000088f00000| Untracked 
|  68|0x0000000089000000, 0x0000000089000000, 0x0000000089100000|  0%| F|  |TAMS 0x0000000089000000| PB 0x0000000089000000| Untracked 
|  69|0x0000000089100000, 0x0000000089180000, 0x0000000089200000| 50%| S|  |TAMS 0x0000000089100000| PB 0x0000000089100000| Complete 
|  70|0x0000000089200000, 0x0000000089300000, 0x0000000089300000|100%| S|  |TAMS 0x0000000089200000| PB 0x0000000089200000| Complete 
|  71|0x0000000089300000, 0x0000000089400000, 0x0000000089400000|100%| S|  |TAMS 0x0000000089300000| PB 0x0000000089300000| Complete 
|  72|0x0000000089400000, 0x0000000089500000, 0x0000000089500000|100%| S|  |TAMS 0x0000000089400000| PB 0x0000000089400000| Complete 
|  73|0x0000000089500000, 0x0000000089600000, 0x0000000089600000|100%| S|  |TAMS 0x0000000089500000| PB 0x0000000089500000| Complete 
|  74|0x0000000089600000, 0x0000000089700000, 0x0000000089700000|100%| E|CS|TAMS 0x0000000089600000| PB 0x0000000089600000| Complete 
|  75|0x0000000089700000, 0x0000000089800000, 0x0000000089800000|100%| E|CS|TAMS 0x0000000089700000| PB 0x0000000089700000| Complete 
|  76|0x0000000089800000, 0x0000000089900000, 0x0000000089900000|100%| E|CS|TAMS 0x0000000089800000| PB 0x0000000089800000| Complete 
|  77|0x0000000089900000, 0x0000000089a00000, 0x0000000089a00000|100%| E|CS|TAMS 0x0000000089900000| PB 0x0000000089900000| Complete 
|  78|0x0000000089a00000, 0x0000000089b00000, 0x0000000089b00000|100%| E|CS|TAMS 0x0000000089a00000| PB 0x0000000089a00000| Complete 
|  79|0x0000000089b00000, 0x0000000089c00000, 0x0000000089c00000|100%| E|CS|TAMS 0x0000000089b00000| PB 0x0000000089b00000| Complete 
|  80|0x0000000089c00000, 0x0000000089d00000, 0x0000000089d00000|100%| E|CS|TAMS 0x0000000089c00000| PB 0x0000000089c00000| Complete 
|  81|0x0000000089d00000, 0x0000000089e00000, 0x0000000089e00000|100%| E|CS|TAMS 0x0000000089d00000| PB 0x0000000089d00000| Complete 
|  82|0x0000000089e00000, 0x0000000089f00000, 0x0000000089f00000|100%| E|CS|TAMS 0x0000000089e00000| PB 0x0000000089e00000| Complete 
|  83|0x0000000089f00000, 0x000000008a000000, 0x000000008a000000|100%| E|CS|TAMS 0x0000000089f00000| PB 0x0000000089f00000| Complete 
|  84|0x000000008a000000, 0x000000008a100000, 0x000000008a100000|100%| E|CS|TAMS 0x000000008a000000| PB 0x000000008a000000| Complete 
|  85|0x000000008a100000, 0x000000008a200000, 0x000000008a200000|100%| E|CS|TAMS 0x000000008a100000| PB 0x000000008a100000| Complete 
|  86|0x000000008a200000, 0x000000008a300000, 0x000000008a300000|100%| E|CS|TAMS 0x000000008a200000| PB 0x000000008a200000| Complete 
|  87|0x000000008a300000, 0x000000008a400000, 0x000000008a400000|100%| E|CS|TAMS 0x000000008a300000| PB 0x000000008a300000| Complete 
|  88|0x000000008a400000, 0x000000008a500000, 0x000000008a500000|100%| E|CS|TAMS 0x000000008a400000| PB 0x000000008a400000| Complete 
|  89|0x000000008a500000, 0x000000008a600000, 0x000000008a600000|100%| E|CS|TAMS 0x000000008a500000| PB 0x000000008a500000| Complete 
|  90|0x000000008a600000, 0x000000008a700000, 0x000000008a700000|100%| E|CS|TAMS 0x000000008a600000| PB 0x000000008a600000| Complete 
|  91|0x000000008a700000, 0x000000008a800000, 0x000000008a800000|100%| E|CS|TAMS 0x000000008a700000| PB 0x000000008a700000| Complete 
|  92|0x000000008a800000, 0x000000008a900000, 0x000000008a900000|100%| E|CS|TAMS 0x000000008a800000| PB 0x000000008a800000| Complete 
|  93|0x000000008a900000, 0x000000008aa00000, 0x000000008aa00000|100%| E|CS|TAMS 0x000000008a900000| PB 0x000000008a900000| Complete 
|  94|0x000000008aa00000, 0x000000008ab00000, 0x000000008ab00000|100%| E|CS|TAMS 0x000000008aa00000| PB 0x000000008aa00000| Complete 
|  95|0x000000008ab00000, 0x000000008ac00000, 0x000000008ac00000|100%| E|CS|TAMS 0x000000008ab00000| PB 0x000000008ab00000| Complete 
|  96|0x000000008ac00000, 0x000000008ad00000, 0x000000008ad00000|100%| E|CS|TAMS 0x000000008ac00000| PB 0x000000008ac00000| Complete 
|  97|0x000000008ad00000, 0x000000008ae00000, 0x000000008ae00000|100%| E|CS|TAMS 0x000000008ad00000| PB 0x000000008ad00000| Complete 
|  98|0x000000008ae00000, 0x000000008af00000, 0x000000008af00000|100%| E|CS|TAMS 0x000000008ae00000| PB 0x000000008ae00000| Complete 
|  99|0x000000008af00000, 0x000000008b000000, 0x000000008b000000|100%| E|CS|TAMS 0x000000008af00000| PB 0x000000008af00000| Complete 
| 100|0x000000008b000000, 0x000000008b100000, 0x000000008b100000|100%| E|CS|TAMS 0x000000008b000000| PB 0x000000008b000000| Complete 
| 101|0x000000008b100000, 0x000000008b200000, 0x000000008b200000|100%| E|CS|TAMS 0x000000008b100000| PB 0x000000008b100000| Complete 
| 102|0x000000008b200000, 0x000000008b300000, 0x000000008b300000|100%| E|CS|TAMS 0x000000008b200000| PB 0x000000008b200000| Complete 
| 103|0x000000008b300000, 0x000000008b400000, 0x000000008b400000|100%| E|CS|TAMS 0x000000008b300000| PB 0x000000008b300000| Complete 
| 104|0x000000008b400000, 0x000000008b500000, 0x000000008b500000|100%| E|CS|TAMS 0x000000008b400000| PB 0x000000008b400000| Complete 
| 105|0x000000008b500000, 0x000000008b600000, 0x000000008b600000|100%| E|CS|TAMS 0x000000008b500000| PB 0x000000008b500000| Complete 
| 106|0x000000008b600000, 0x000000008b700000, 0x000000008b700000|100%| E|CS|TAMS 0x000000008b600000| PB 0x000000008b600000| Complete 
| 107|0x000000008b700000, 0x000000008b800000, 0x000000008b800000|100%| E|CS|TAMS 0x000000008b700000| PB 0x000000008b700000| Complete 
| 108|0x000000008b800000, 0x000000008b900000, 0x000000008b900000|100%| E|CS|TAMS 0x000000008b800000| PB 0x000000008b800000| Complete 
| 109|0x000000008b900000, 0x000000008ba00000, 0x000000008ba00000|100%| E|CS|TAMS 0x000000008b900000| PB 0x000000008b900000| Complete 
| 110|0x000000008ba00000, 0x000000008bb00000, 0x000000008bb00000|100%| E|CS|TAMS 0x000000008ba00000| PB 0x000000008ba00000| Complete 
| 111|0x000000008bb00000, 0x000000008bc00000, 0x000000008bc00000|100%| E|CS|TAMS 0x000000008bb00000| PB 0x000000008bb00000| Complete 
| 112|0x000000008bc00000, 0x000000008bd00000, 0x000000008bd00000|100%| E|CS|TAMS 0x000000008bc00000| PB 0x000000008bc00000| Complete 
| 113|0x000000008bd00000, 0x000000008be00000, 0x000000008be00000|100%| E|CS|TAMS 0x000000008bd00000| PB 0x000000008bd00000| Complete 
| 114|0x000000008be00000, 0x000000008bf00000, 0x000000008bf00000|100%| E|CS|TAMS 0x000000008be00000| PB 0x000000008be00000| Complete 
| 115|0x000000008bf00000, 0x000000008c000000, 0x000000008c000000|100%| E|CS|TAMS 0x000000008bf00000| PB 0x000000008bf00000| Complete 
| 116|0x000000008c000000, 0x000000008c100000, 0x000000008c100000|100%| E|CS|TAMS 0x000000008c000000| PB 0x000000008c000000| Complete 
| 117|0x000000008c100000, 0x000000008c200000, 0x000000008c200000|100%| E|CS|TAMS 0x000000008c100000| PB 0x000000008c100000| Complete 
| 118|0x000000008c200000, 0x000000008c300000, 0x000000008c300000|100%| E|CS|TAMS 0x000000008c200000| PB 0x000000008c200000| Complete 
| 119|0x000000008c300000, 0x000000008c400000, 0x000000008c400000|100%| E|CS|TAMS 0x000000008c300000| PB 0x000000008c300000| Complete 
| 123|0x000000008c700000, 0x000000008c800000, 0x000000008c800000|100%| E|CS|TAMS 0x000000008c700000| PB 0x000000008c700000| Complete 

Card table byte_map: [0x000001f97d500000,0x000001f97d8e0000] _byte_map_base: 0x000001f97d0da000

Marking Bits: (CMBitMap*) 0x000001f97a02c040
 Bits: [0x000001f97d8e0000, 0x000001f97f7b0000)

Polling page: 0x000001f977fc0000

Metaspace:

Usage:
  Non-class:     60.47 MB used.
      Class:      7.76 MB used.
       Both:     68.23 MB used.

Virtual space:
  Non-class space:       64.00 MB reserved,      60.81 MB ( 95%) committed,  1 nodes.
      Class space:        1.00 GB reserved,       8.12 MB ( <1%) committed,  1 nodes.
             Both:        1.06 GB reserved,      68.94 MB (  6%) committed. 

Chunk freelists:
   Non-Class:  2.94 MB
       Class:  7.91 MB
        Both:  10.85 MB

MaxMetaspaceSize: unlimited
CompressedClassSpaceSize: 1.00 GB
Initial GC threshold: 21.00 MB
Current GC threshold: 89.69 MB
CDS: off
 - commit_granule_bytes: 65536.
 - commit_granule_words: 8192.
 - virtual_space_node_default_size: 8388608.
 - enlarge_chunks_in_place: 1.
 - use_allocation_guard: 0.


Internal statistics:

num_allocs_failed_limit: 6.
num_arena_births: 1308.
num_arena_deaths: 0.
num_vsnodes_births: 2.
num_vsnodes_deaths: 0.
num_space_committed: 1101.
num_space_uncommitted: 0.
num_chunks_returned_to_freelist: 6.
num_chunks_taken_from_freelist: 3687.
num_chunk_merges: 6.
num_chunk_splits: 2791.
num_chunks_enlarged: 2186.
num_inconsistent_stats: 0.

CodeHeap 'non-profiled nmethods': size=120000Kb used=4902Kb max_used=4902Kb free=115097Kb
 bounds [0x000001f907ad0000, 0x000001f907fa0000, 0x000001f90f000000]
CodeHeap 'profiled nmethods': size=120000Kb used=31268Kb max_used=31268Kb free=88731Kb
 bounds [0x000001f900000000, 0x000001f901e90000, 0x000001f907530000]
CodeHeap 'non-nmethods': size=5760Kb used=1753Kb max_used=1796Kb free=4007Kb
 bounds [0x000001f907530000, 0x000001f9077a0000, 0x000001f907ad0000]
 total_blobs=11234 nmethods=10597 adapters=539
 compilation: enabled
              stopped_count=0, restarted_count=0
 full_count=0

Compilation events (20 events):
Event: 11.885 Thread 0x000001f91506a0e0 11346       3       org.jetbrains.kotlin.com.intellij.psi.stubs.StubList::findChildStubByType (51 bytes)
Event: 11.885 Thread 0x000001f91506a0e0 nmethod 11346 0x000001f901e79510 code [0x000001f901e79740, 0x000001f901e79fb0]
Event: 11.886 Thread 0x000001f91506a0e0 11345       3       org.jetbrains.kotlin.com.intellij.psi.stubs.StubList::findChildStubByType (120 bytes)
Event: 11.887 Thread 0x000001f91506a0e0 nmethod 11345 0x000001f901e7a390 code [0x000001f901e7a6c0, 0x000001f901e7b9b0]
Event: 11.887 Thread 0x000001f91506a0e0 11338       3       java.util.concurrent.atomic.AtomicReferenceArray::get (12 bytes)
Event: 11.887 Thread 0x000001f91506a0e0 nmethod 11338 0x000001f901e7c110 code [0x000001f901e7c360, 0x000001f901e7cdf0]
Event: 11.887 Thread 0x000001f91506a0e0 11339       3       java.lang.invoke.VarHandleGuards::guard_LI_L (89 bytes)
Event: 11.889 Thread 0x000001f91506a0e0 nmethod 11339 0x000001f901e7d190 code [0x000001f901e7d520, 0x000001f901e7f0b0]
Event: 11.889 Thread 0x000001f91506a0e0 11340       3       java.lang.invoke.VarHandleReferences$Array::getVolatile (49 bytes)
Event: 11.890 Thread 0x000001f91506a0e0 nmethod 11340 0x000001f901e7f910 code [0x000001f901e7fb00, 0x000001f901e80090]
Event: 11.890 Thread 0x000001f91506a0e0 11341       3       java.lang.invoke.LambdaForm$MH/0x0000000100758c00::linkToTargetMethod (13 bytes)
Event: 11.890 Thread 0x000001f91506a0e0 nmethod 11341 0x000001f901e80310 code [0x000001f901e804e0, 0x000001f901e80858]
Event: 11.890 Thread 0x000001f91506a0e0 11342       3       org.jetbrains.kotlin.com.intellij.psi.impl.source.resolve.ResolveCache$$Lambda/0x000000010075fca0::<init> (26 bytes)
Event: 11.890 Thread 0x000001f91506a0e0 nmethod 11342 0x000001f901e80990 code [0x000001f901e80b40, 0x000001f901e80dc0]
Event: 11.890 Thread 0x000001f91506a0e0 11343       3       org.jetbrains.kotlin.com.intellij.psi.impl.source.resolve.ResolveCache::resolve (176 bytes)
Event: 11.893 Thread 0x000001f91506a0e0 nmethod 11343 0x000001f901e80e90 code [0x000001f901e813a0, 0x000001f901e83ce8]
Event: 11.893 Thread 0x000001f91506a0e0 11347       3       org.jetbrains.kotlin.com.intellij.psi.impl.compiled.ClsFileImpl::isValid (30 bytes)
Event: 11.894 Thread 0x000001f91506a0e0 nmethod 11347 0x000001f901e84910 code [0x000001f901e84b00, 0x000001f901e85070]
Event: 11.894 Thread 0x000001f91506a0e0 11348       3       org.jetbrains.kotlin.com.intellij.psi.impl.file.PsiBinaryFileImpl::isValid (76 bytes)
Event: 11.894 Thread 0x000001f91506a0e0 nmethod 11348 0x000001f901e85210 code [0x000001f901e854a0, 0x000001f901e85fa8]

GC Heap History (20 events):
Event: 3.773 GC heap before
{Heap before GC invocations=10 (full 0):
 garbage-first heap   total 58368K, used 48112K [0x0000000084c00000, 0x0000000100000000)
  region size 1024K, 29 young (29696K), 4 survivors (4096K)
 Metaspace       used 48713K, committed 49472K, reserved 1114112K
  class space    used 5899K, committed 6272K, reserved 1048576K
}
Event: 3.783 GC heap after
{Heap after GC invocations=11 (full 0):
 garbage-first heap   total 58368K, used 25055K [0x0000000084c00000, 0x0000000100000000)
  region size 1024K, 4 young (4096K), 4 survivors (4096K)
 Metaspace       used 48713K, committed 49472K, reserved 1114112K
  class space    used 5899K, committed 6272K, reserved 1048576K
}
Event: 4.011 GC heap before
{Heap before GC invocations=11 (full 0):
 garbage-first heap   total 58368K, used 49631K [0x0000000084c00000, 0x0000000100000000)
  region size 1024K, 26 young (26624K), 4 survivors (4096K)
 Metaspace       used 50457K, committed 51200K, reserved 1114112K
  class space    used 6098K, committed 6464K, reserved 1048576K
}
Event: 4.018 GC heap after
{Heap after GC invocations=12 (full 0):
 garbage-first heap   total 58368K, used 29377K [0x0000000084c00000, 0x0000000100000000)
  region size 1024K, 2 young (2048K), 2 survivors (2048K)
 Metaspace       used 50457K, committed 51200K, reserved 1114112K
  class space    used 6098K, committed 6464K, reserved 1048576K
}
Event: 4.469 GC heap before
{Heap before GC invocations=12 (full 0):
 garbage-first heap   total 58368K, used 48833K [0x0000000084c00000, 0x0000000100000000)
  region size 1024K, 22 young (22528K), 2 survivors (2048K)
 Metaspace       used 52764K, committed 53504K, reserved 1114112K
  class space    used 6314K, committed 6656K, reserved 1048576K
}
Event: 4.479 GC heap after
{Heap after GC invocations=13 (full 0):
 garbage-first heap   total 70656K, used 34157K [0x0000000084c00000, 0x0000000100000000)
  region size 1024K, 3 young (3072K), 3 survivors (3072K)
 Metaspace       used 52764K, committed 53504K, reserved 1114112K
  class space    used 6314K, committed 6656K, reserved 1048576K
}
Event: 5.175 GC heap before
{Heap before GC invocations=14 (full 0):
 garbage-first heap   total 70656K, used 57709K [0x0000000084c00000, 0x0000000100000000)
  region size 1024K, 26 young (26624K), 3 survivors (3072K)
 Metaspace       used 53684K, committed 54400K, reserved 1114112K
  class space    used 6340K, committed 6656K, reserved 1048576K
}
Event: 5.188 GC heap after
{Heap after GC invocations=15 (full 0):
 garbage-first heap   total 70656K, used 38845K [0x0000000084c00000, 0x0000000100000000)
  region size 1024K, 4 young (4096K), 4 survivors (4096K)
 Metaspace       used 53684K, committed 54400K, reserved 1114112K
  class space    used 6340K, committed 6656K, reserved 1048576K
}
Event: 5.554 GC heap before
{Heap before GC invocations=15 (full 0):
 garbage-first heap   total 70656K, used 60349K [0x0000000084c00000, 0x0000000100000000)
  region size 1024K, 25 young (25600K), 4 survivors (4096K)
 Metaspace       used 54092K, committed 54784K, reserved 1114112K
  class space    used 6370K, committed 6720K, reserved 1048576K
}
Event: 5.571 GC heap after
{Heap after GC invocations=16 (full 0):
 garbage-first heap   total 70656K, used 43008K [0x0000000084c00000, 0x0000000100000000)
  region size 1024K, 4 young (4096K), 4 survivors (4096K)
 Metaspace       used 54092K, committed 54784K, reserved 1114112K
  class space    used 6370K, committed 6720K, reserved 1048576K
}
Event: 5.668 GC heap before
{Heap before GC invocations=16 (full 0):
 garbage-first heap   total 70656K, used 61440K [0x0000000084c00000, 0x0000000100000000)
  region size 1024K, 22 young (22528K), 4 survivors (4096K)
 Metaspace       used 54388K, committed 55104K, reserved 1114112K
  class space    used 6390K, committed 6720K, reserved 1048576K
}
Event: 5.677 GC heap after
{Heap after GC invocations=17 (full 0):
 garbage-first heap   total 70656K, used 44434K [0x0000000084c00000, 0x0000000100000000)
  region size 1024K, 1 young (1024K), 1 survivors (1024K)
 Metaspace       used 54388K, committed 55104K, reserved 1114112K
  class space    used 6390K, committed 6720K, reserved 1048576K
}
Event: 5.725 GC heap before
{Heap before GC invocations=17 (full 0):
 garbage-first heap   total 70656K, used 61842K [0x0000000084c00000, 0x0000000100000000)
  region size 1024K, 18 young (18432K), 1 survivors (1024K)
 Metaspace       used 54391K, committed 55104K, reserved 1114112K
  class space    used 6391K, committed 6720K, reserved 1048576K
}
Event: 5.726 GC heap after
{Heap after GC invocations=18 (full 0):
 garbage-first heap   total 70656K, used 44146K [0x0000000084c00000, 0x0000000100000000)
  region size 1024K, 1 young (1024K), 1 survivors (1024K)
 Metaspace       used 54391K, committed 55104K, reserved 1114112K
  class space    used 6391K, committed 6720K, reserved 1048576K
}
Event: 5.918 GC heap before
{Heap before GC invocations=19 (full 0):
 garbage-first heap   total 86016K, used 61554K [0x0000000084c00000, 0x0000000100000000)
  region size 1024K, 19 young (19456K), 1 survivors (1024K)
 Metaspace       used 56002K, committed 56704K, reserved 1114112K
  class space    used 6570K, committed 6912K, reserved 1048576K
}
Event: 5.922 GC heap after
{Heap after GC invocations=20 (full 0):
 garbage-first heap   total 86016K, used 44261K [0x0000000084c00000, 0x0000000100000000)
  region size 1024K, 2 young (2048K), 2 survivors (2048K)
 Metaspace       used 56002K, committed 56704K, reserved 1114112K
  class space    used 6570K, committed 6912K, reserved 1048576K
}
Event: 6.630 GC heap before
{Heap before GC invocations=20 (full 0):
 garbage-first heap   total 86016K, used 74981K [0x0000000084c00000, 0x0000000100000000)
  region size 1024K, 32 young (32768K), 2 survivors (2048K)
 Metaspace       used 63293K, committed 64064K, reserved 1114112K
  class space    used 7590K, committed 7936K, reserved 1048576K
}
Event: 6.638 GC heap after
{Heap after GC invocations=21 (full 0):
 garbage-first heap   total 123904K, used 45206K [0x0000000084c00000, 0x0000000100000000)
  region size 1024K, 4 young (4096K), 4 survivors (4096K)
 Metaspace       used 63293K, committed 64064K, reserved 1114112K
  class space    used 7590K, committed 7936K, reserved 1048576K
}
Event: 9.800 GC heap before
{Heap before GC invocations=21 (full 0):
 garbage-first heap   total 123904K, used 103574K [0x0000000084c00000, 0x0000000100000000)
  region size 1024K, 60 young (61440K), 4 survivors (4096K)
 Metaspace       used 68078K, committed 68800K, reserved 1114112K
  class space    used 7873K, committed 8192K, reserved 1048576K
}
Event: 9.820 GC heap after
{Heap after GC invocations=22 (full 0):
 garbage-first heap   total 123904K, used 52939K [0x0000000084c00000, 0x0000000100000000)
  region size 1024K, 8 young (8192K), 8 survivors (8192K)
 Metaspace       used 68078K, committed 68800K, reserved 1114112K
  class space    used 7873K, committed 8192K, reserved 1048576K
}

Dll operation events (3 events):
Event: 0.006 Loaded shared library C:\Program Files\Android\Android Studio\jbr\bin\java.dll
Event: 0.010 Loaded shared library C:\Program Files\Android\Android Studio\jbr\bin\zip.dll
Event: 1.766 Loaded shared library C:\Program Files\Android\Android Studio\jbr\bin\verify.dll

Deoptimization events (20 events):
Event: 11.518 Thread 0x000001f977e7c750 Uncommon trap: trap_request=0xffffff66 fr.pc=0x000001f907f7ab2c relative=0x000000000000178c
Event: 11.518 Thread 0x000001f977e7c750 Uncommon trap: reason=speculate_class_check action=maybe_recompile pc=0x000001f907f7ab2c method=org.jetbrains.kotlin.types.checker.ClassicTypeSystemContext$DefaultImpls.asSimpleType(Lorg/jetbrains/kotlin/types/checker/ClassicTypeSystemContext;Lorg/jetbrai
Event: 11.518 Thread 0x000001f977e7c750 DEOPT PACKING pc=0x000001f907f7ab2c sp=0x000000437d4f7ad0
Event: 11.518 Thread 0x000001f977e7c750 DEOPT UNPACKING pc=0x000001f907587da2 sp=0x000000437d4f7620 mode 2
Event: 11.518 Thread 0x000001f977e7c750 Uncommon trap: trap_request=0xffffff66 fr.pc=0x000001f907f7ab90 relative=0x00000000000017f0
Event: 11.518 Thread 0x000001f977e7c750 Uncommon trap: reason=speculate_class_check action=maybe_recompile pc=0x000001f907f7ab90 method=org.jetbrains.kotlin.types.checker.ClassicTypeSystemContext$DefaultImpls.asSimpleType(Lorg/jetbrains/kotlin/types/checker/ClassicTypeSystemContext;Lorg/jetbrai
Event: 11.518 Thread 0x000001f977e7c750 DEOPT PACKING pc=0x000001f907f7ab90 sp=0x000000437d4f7a10
Event: 11.518 Thread 0x000001f977e7c750 DEOPT UNPACKING pc=0x000001f907587da2 sp=0x000000437d4f7578 mode 2
Event: 11.541 Thread 0x000001f977e7c750 Uncommon trap: trap_request=0xffffffde fr.pc=0x000001f907ca9388 relative=0x0000000000000328
Event: 11.541 Thread 0x000001f977e7c750 Uncommon trap: reason=class_check action=maybe_recompile pc=0x000001f907ca9388 method=org.jetbrains.kotlin.parsing.AbstractKotlinParsing.at(Lorg/jetbrains/kotlin/com/intellij/psi/tree/IElementType;)Z @ 30 c2
Event: 11.541 Thread 0x000001f977e7c750 DEOPT PACKING pc=0x000001f907ca9388 sp=0x000000437d4f9420
Event: 11.541 Thread 0x000001f977e7c750 DEOPT UNPACKING pc=0x000001f907587da2 sp=0x000000437d4f93c0 mode 2
Event: 11.579 Thread 0x000001f977e7c750 Uncommon trap: trap_request=0xffffff45 fr.pc=0x000001f907c747bc relative=0x00000000000001dc
Event: 11.579 Thread 0x000001f977e7c750 Uncommon trap: reason=unstable_if action=reinterpret pc=0x000001f907c747bc method=org.jetbrains.kotlin.protobuf.GeneratedMessageLite$ExtendableMessage$ExtensionWriter.writeUntil(ILorg/jetbrains/kotlin/protobuf/CodedOutputStream;)V @ 109 c2
Event: 11.579 Thread 0x000001f977e7c750 DEOPT PACKING pc=0x000001f907c747bc sp=0x000000437d4f07c0
Event: 11.579 Thread 0x000001f977e7c750 DEOPT UNPACKING pc=0x000001f907587da2 sp=0x000000437d4f0788 mode 2
Event: 11.656 Thread 0x000001f977e7c750 Uncommon trap: trap_request=0xffffffc6 fr.pc=0x000001f907edffe4 relative=0x0000000000000444
Event: 11.656 Thread 0x000001f977e7c750 Uncommon trap: reason=bimorphic_or_optimized_type_check action=maybe_recompile pc=0x000001f907edffe4 method=gnu.trove.TObjectHash.insertionIndex(Ljava/lang/Object;)I @ 177 c2
Event: 11.656 Thread 0x000001f977e7c750 DEOPT PACKING pc=0x000001f907edffe4 sp=0x000000437d4f8880
Event: 11.656 Thread 0x000001f977e7c750 DEOPT UNPACKING pc=0x000001f907587da2 sp=0x000000437d4f87e8 mode 2

Classes loaded (20 events):
Event: 6.725 Loading class jdk/internal/math/FloatingDecimal
Event: 6.726 Loading class jdk/internal/math/FloatingDecimal done
Event: 6.726 Loading class jdk/internal/math/FloatingDecimal$ExceptionalBinaryToASCIIBuffer
Event: 6.726 Loading class jdk/internal/math/FloatingDecimal$BinaryToASCIIConverter
Event: 6.726 Loading class jdk/internal/math/FloatingDecimal$BinaryToASCIIConverter done
Event: 6.726 Loading class jdk/internal/math/FloatingDecimal$ExceptionalBinaryToASCIIBuffer done
Event: 6.726 Loading class jdk/internal/math/FloatingDecimal$BinaryToASCIIBuffer
Event: 6.726 Loading class jdk/internal/math/FloatingDecimal$BinaryToASCIIBuffer done
Event: 6.726 Loading class jdk/internal/math/FloatingDecimal$1
Event: 6.727 Loading class jdk/internal/math/FloatingDecimal$1 done
Event: 6.727 Loading class jdk/internal/math/FloatingDecimal$PreparedASCIIToBinaryBuffer
Event: 6.727 Loading class jdk/internal/math/FloatingDecimal$ASCIIToBinaryConverter
Event: 6.727 Loading class jdk/internal/math/FloatingDecimal$ASCIIToBinaryConverter done
Event: 6.727 Loading class jdk/internal/math/FloatingDecimal$PreparedASCIIToBinaryBuffer done
Event: 6.734 Loading class jdk/internal/math/FloatingDecimal$ASCIIToBinaryBuffer
Event: 6.734 Loading class jdk/internal/math/FloatingDecimal$ASCIIToBinaryBuffer done
Event: 8.461 Loading class java/security/CodeSigner
Event: 8.461 Loading class java/security/CodeSigner done
Event: 9.593 Loading class java/util/Collections$CopiesList
Event: 9.594 Loading class java/util/Collections$CopiesList done

Classes unloaded (0 events):
No events

Classes redefined (0 events):
No events

Internal exceptions (20 events):
Event: 4.320 Thread 0x000001f977e7c750 Exception <a 'java/lang/NoSuchMethodError'{0x00000000876a24b0}: 'java.lang.Object java.lang.invoke.DirectMethodHandle$Holder.invokeSpecial(java.lang.Object, java.lang.Object, java.lang.Object, java.lang.Object, java.lang.Object, java.lang.Object, int)'> (0x00000000876a24b0) 
thrown [s\src\hotspot\share\interpreter\linkResolver.cpp, line 784]
Event: 4.430 Thread 0x000001f977e7c750 Exception <a 'java/lang/NoSuchMethodError'{0x00000000872cb020}: 'java.lang.Object java.lang.invoke.DirectMethodHandle$Holder.invokeStaticInit(java.lang.Object, java.lang.Object, java.lang.Object)'> (0x00000000872cb020) 
thrown [s\src\hotspot\share\interpreter\linkResolver.cpp, line 784]
Event: 5.148 Thread 0x000001f977e7c750 Implicit null exception at 0x000001f907b2511a to 0x000001f907b2531c
Event: 5.275 Thread 0x000001f977e7c750 Exception <a 'java/lang/NoSuchMethodError'{0x000000008b159128}: 'java.lang.Object java.lang.invoke.DirectMethodHandle$Holder.newInvokeSpecial(java.lang.Object, int, java.lang.Object)'> (0x000000008b159128) 
thrown [s\src\hotspot\share\interpreter\linkResolver.cpp, line 784]
Event: 6.148 Thread 0x000001f977e7c750 Implicit null exception at 0x000001f907c3eada to 0x000001f907c3ebd8
Event: 6.148 Thread 0x000001f977e7c750 Implicit null exception at 0x000001f907d0ff1f to 0x000001f907d113a8
Event: 6.148 Thread 0x000001f977e7c750 Implicit null exception at 0x000001f907d129e9 to 0x000001f907d131a6
Event: 6.285 Thread 0x000001f977e7c750 Exception <a 'java/lang/NoSuchMethodError'{0x0000000088bb09a0}: 'void java.lang.invoke.DirectMethodHandle$Holder.invokeSpecial(java.lang.Object, java.lang.Object, int, java.lang.Object)'> (0x0000000088bb09a0) 
thrown [s\src\hotspot\share\interpreter\linkResolver.cpp, line 784]
Event: 6.303 Thread 0x000001f977e7c750 Exception <a 'java/lang/NoSuchMethodError'{0x0000000088a32ff0}: 'java.lang.Object java.lang.invoke.DirectMethodHandle$Holder.newInvokeSpecial(java.lang.Object, java.lang.Object, java.lang.Object, java.lang.Object, int)'> (0x0000000088a32ff0) 
thrown [s\src\hotspot\share\interpreter\linkResolver.cpp, line 784]
Event: 6.303 Thread 0x000001f977e7c750 Exception <a 'java/lang/NoSuchMethodError'{0x0000000088a37a60}: 'java.lang.Object java.lang.invoke.DirectMethodHandle$Holder.invokeSpecial(java.lang.Object, java.lang.Object, java.lang.Object, java.lang.Object, java.lang.Object, int)'> (0x0000000088a37a60) 
thrown [s\src\hotspot\share\interpreter\linkResolver.cpp, line 784]
Event: 6.304 Thread 0x000001f977e7c750 Exception <a 'java/lang/NoSuchMethodError'{0x0000000088a3bf90}: 'java.lang.Object java.lang.invoke.Invokers$Holder.linkToTargetMethod(java.lang.Object, java.lang.Object, java.lang.Object, int, java.lang.Object)'> (0x0000000088a3bf90) 
thrown [s\src\hotspot\share\interpreter\linkResolver.cpp, line 784]
Event: 6.352 Thread 0x000001f977e7c750 Exception <a 'java/lang/NoSuchMethodError'{0x00000000889c6f00}: 'void java.lang.invoke.DirectMethodHandle$Holder.invokeInterface(java.lang.Object, java.lang.Object)'> (0x00000000889c6f00) 
thrown [s\src\hotspot\share\interpreter\linkResolver.cpp, line 784]
Event: 6.419 Thread 0x000001f977e7c750 Exception <a 'java/lang/IncompatibleClassChangeError'{0x00000000887bdcb8}: Found class java.lang.Object, but interface was expected> (0x00000000887bdcb8) 
thrown [s\src\hotspot\share\interpreter\linkResolver.cpp, line 851]
Event: 6.491 Thread 0x000001f977e7c750 Exception <a 'java/lang/NoSuchMethodError'{0x00000000884d31a8}: 'java.lang.Object java.lang.invoke.DirectMethodHandle$Holder.invokeInterface(java.lang.Object, java.lang.Object, java.lang.Object)'> (0x00000000884d31a8) 
thrown [s\src\hotspot\share\interpreter\linkResolver.cpp, line 784]
Event: 6.492 Thread 0x000001f977e7c750 Exception <a 'java/lang/IncompatibleClassChangeError'{0x00000000884d6840}: Found class java.lang.Object, but interface was expected> (0x00000000884d6840) 
thrown [s\src\hotspot\share\interpreter\linkResolver.cpp, line 851]
Event: 6.721 Thread 0x000001f977e7c750 Exception <a 'java/lang/NoSuchMethodError'{0x000000008c36a768}: 'int java.lang.invoke.DirectMethodHandle$Holder.invokeStaticInit(java.lang.Object, int)'> (0x000000008c36a768) 
thrown [s\src\hotspot\share\interpreter\linkResolver.cpp, line 784]
Event: 7.801 Thread 0x000001f977e7c750 Implicit null exception at 0x000001f907d196ca to 0x000001f907d1991c
Event: 9.329 Thread 0x000001f977e7c750 Exception <a 'java/lang/NoSuchMethodError'{0x00000000896d21f0}: 'java.lang.Object java.lang.invoke.DirectMethodHandle$Holder.invokeStatic(java.lang.Object, int, java.lang.Object)'> (0x00000000896d21f0) 
thrown [s\src\hotspot\share\interpreter\linkResolver.cpp, line 784]
Event: 9.792 Thread 0x000001f977e7c750 Exception <a 'java/lang/NoSuchMethodError'{0x0000000088dc5448}: 'java.lang.Object java.lang.invoke.DirectMethodHandle$Holder.newInvokeSpecial(java.lang.Object, int, java.lang.Object, java.lang.Object)'> (0x0000000088dc5448) 
thrown [s\src\hotspot\share\interpreter\linkResolver.cpp, line 784]
Event: 9.935 Thread 0x000001f977e7c750 Implicit null exception at 0x000001f907cf7a4a to 0x000001f907cf8db4

ZGC Phase Switch (0 events):
No events

VM Operations (20 events):
Event: 10.381 Executing VM operation: HandshakeAllThreads (Deoptimize)
Event: 10.381 Executing VM operation: HandshakeAllThreads (Deoptimize) done
Event: 10.430 Executing VM operation: HandshakeAllThreads (Deoptimize)
Event: 10.430 Executing VM operation: HandshakeAllThreads (Deoptimize) done
Event: 10.510 Executing VM operation: ICBufferFull
Event: 10.510 Executing VM operation: ICBufferFull done
Event: 10.708 Executing VM operation: ICBufferFull
Event: 10.708 Executing VM operation: ICBufferFull done
Event: 10.984 Executing VM operation: ICBufferFull
Event: 10.984 Executing VM operation: ICBufferFull done
Event: 11.045 Executing VM operation: HandshakeAllThreads (Deoptimize)
Event: 11.045 Executing VM operation: HandshakeAllThreads (Deoptimize) done
Event: 11.240 Executing VM operation: ICBufferFull
Event: 11.240 Executing VM operation: ICBufferFull done
Event: 11.401 Executing VM operation: ICBufferFull
Event: 11.401 Executing VM operation: ICBufferFull done
Event: 11.462 Executing VM operation: ICBufferFull
Event: 11.462 Executing VM operation: ICBufferFull done
Event: 11.585 Executing VM operation: ICBufferFull
Event: 11.585 Executing VM operation: ICBufferFull done

Events (20 events):
Event: 5.744 Thread 0x000001f97fc43860 flushing nmethod 0x000001f907bcdb10
Event: 5.744 Thread 0x000001f97fc43860 flushing nmethod 0x000001f907bb6f90
Event: 5.744 Thread 0x000001f97fc43860 flushing nmethod 0x000001f907ba2390
Event: 5.744 Thread 0x000001f97fc43860 flushing nmethod 0x000001f907b7c390
Event: 5.744 Thread 0x000001f97fc43860 flushing nmethod 0x000001f907b91090
Event: 5.744 Thread 0x000001f97fc43860 flushing nmethod 0x000001f907b78c90
Event: 5.744 Thread 0x000001f97fc43860 flushing nmethod 0x000001f907b76d10
Event: 5.744 Thread 0x000001f97fc43860 flushing nmethod 0x000001f907b74810
Event: 5.744 Thread 0x000001f97fc43860 flushing nmethod 0x000001f907b5fb90
Event: 5.744 Thread 0x000001f97fc43860 flushing nmethod 0x000001f907b50390
Event: 5.744 Thread 0x000001f97fc43860 flushing nmethod 0x000001f907b55810
Event: 5.744 Thread 0x000001f97fc43860 flushing nmethod 0x000001f907b40e10
Event: 5.744 Thread 0x000001f97fc43860 flushing nmethod 0x000001f907b3f210
Event: 5.744 Thread 0x000001f97fc43860 flushing nmethod 0x000001f907b3b810
Event: 5.744 Thread 0x000001f97fc43860 flushing nmethod 0x000001f907b33010
Event: 5.744 Thread 0x000001f97fc43860 flushing nmethod 0x000001f907b2fa90
Event: 5.744 Thread 0x000001f97fc43860 flushing nmethod 0x000001f907af9190
Event: 5.744 Thread 0x000001f97fc43860 flushing nmethod 0x000001f907af0710
Event: 5.744 Thread 0x000001f97fc43860 flushing nmethod 0x000001f907aebf90
Event: 5.744 Thread 0x000001f97fc43860 flushing nmethod 0x000001f907ad6510


Dynamic libraries:
0x00007ff620270000 - 0x00007ff62027a000 	C:\Program Files\Android\Android Studio\jbr\bin\java.exe
0x00007ffcb1cd0000 - 0x00007ffcb1ee7000 	C:\WINDOWS\SYSTEM32\ntdll.dll
0x00007ffcb1050000 - 0x00007ffcb1114000 	C:\WINDOWS\System32\KERNEL32.DLL
0x00007ffcaf1c0000 - 0x00007ffcaf593000 	C:\WINDOWS\System32\KERNELBASE.dll
0x00007ffcaef80000 - 0x00007ffcaf091000 	C:\WINDOWS\System32\ucrtbase.dll
0x00007ffc95c30000 - 0x00007ffc95c4b000 	C:\Program Files\Android\Android Studio\jbr\bin\VCRUNTIME140.dll
0x00007ffc91f00000 - 0x00007ffc91f18000 	C:\Program Files\Android\Android Studio\jbr\bin\jli.dll
0x00007ffcb13b0000 - 0x00007ffcb1561000 	C:\WINDOWS\System32\USER32.dll
0x00007ffc99820000 - 0x00007ffc99ab8000 	C:\WINDOWS\WinSxS\amd64_microsoft.windows.common-controls_6595b64144ccf1df_6.0.22621.5124_none_270e8f4f7386d69d\COMCTL32.dll
0x00007ffcaeea0000 - 0x00007ffcaeec6000 	C:\WINDOWS\System32\win32u.dll
0x00007ffcb1b50000 - 0x00007ffcb1bf7000 	C:\WINDOWS\System32\msvcrt.dll
0x00007ffcb1a10000 - 0x00007ffcb1a39000 	C:\WINDOWS\System32\GDI32.dll
0x00007ffcaf0a0000 - 0x00007ffcaf1bb000 	C:\WINDOWS\System32\gdi32full.dll
0x00007ffcaf5a0000 - 0x00007ffcaf63a000 	C:\WINDOWS\System32\msvcp_win.dll
0x00007ffcafb90000 - 0x00007ffcafbc1000 	C:\WINDOWS\System32\IMM32.DLL
0x00007ffc992b0000 - 0x00007ffc992bc000 	C:\Program Files\Android\Android Studio\jbr\bin\vcruntime140_1.dll
0x00007ffc6a920000 - 0x00007ffc6a9ad000 	C:\Program Files\Android\Android Studio\jbr\bin\msvcp140.dll
0x00007ffc35880000 - 0x00007ffc364fd000 	C:\Program Files\Android\Android Studio\jbr\bin\server\jvm.dll
0x00007ffcb0f90000 - 0x00007ffcb1041000 	C:\WINDOWS\System32\ADVAPI32.dll
0x00007ffcb1120000 - 0x00007ffcb11c8000 	C:\WINDOWS\System32\sechost.dll
0x00007ffcaef50000 - 0x00007ffcaef78000 	C:\WINDOWS\System32\bcrypt.dll
0x00007ffcb0e50000 - 0x00007ffcb0f64000 	C:\WINDOWS\System32\RPCRT4.dll
0x00007ffcb1330000 - 0x00007ffcb13a1000 	C:\WINDOWS\System32\WS2_32.dll
0x00007ffcadc60000 - 0x00007ffcadcad000 	C:\WINDOWS\SYSTEM32\POWRPROF.dll
0x00007ffca5930000 - 0x00007ffca593a000 	C:\WINDOWS\SYSTEM32\VERSION.dll
0x00007ffca7580000 - 0x00007ffca75b4000 	C:\WINDOWS\SYSTEM32\WINMM.dll
0x00007ffcadc40000 - 0x00007ffcadc53000 	C:\WINDOWS\SYSTEM32\UMPDC.dll
0x00007ffcadf00000 - 0x00007ffcadf18000 	C:\WINDOWS\SYSTEM32\kernel.appcore.dll
0x00007ffc990c0000 - 0x00007ffc990ca000 	C:\Program Files\Android\Android Studio\jbr\bin\jimage.dll
0x00007ffcac710000 - 0x00007ffcac942000 	C:\WINDOWS\SYSTEM32\DBGHELP.DLL
0x00007ffcb1670000 - 0x00007ffcb1a02000 	C:\WINDOWS\System32\combase.dll
0x00007ffcb02d0000 - 0x00007ffcb03a7000 	C:\WINDOWS\System32\OLEAUT32.dll
0x00007ffca4b20000 - 0x00007ffca4b52000 	C:\WINDOWS\SYSTEM32\dbgcore.DLL
0x00007ffcaf640000 - 0x00007ffcaf6bb000 	C:\WINDOWS\System32\bcryptPrimitives.dll
0x00007ffc92cb0000 - 0x00007ffc92ccf000 	C:\Program Files\Android\Android Studio\jbr\bin\java.dll
0x00007ffc829e0000 - 0x00007ffc829f8000 	C:\Program Files\Android\Android Studio\jbr\bin\zip.dll
0x00007ffcb05b0000 - 0x00007ffcb0e46000 	C:\WINDOWS\System32\SHELL32.dll
0x00007ffcaf830000 - 0x00007ffcaf96f000 	C:\WINDOWS\System32\wintypes.dll
0x00007ffcacd10000 - 0x00007ffcad62a000 	C:\WINDOWS\SYSTEM32\windows.storage.dll
0x00007ffcb0440000 - 0x00007ffcb054a000 	C:\WINDOWS\System32\SHCORE.dll
0x00007ffcafb20000 - 0x00007ffcafb83000 	C:\WINDOWS\System32\shlwapi.dll
0x00007ffcaed10000 - 0x00007ffcaed3b000 	C:\WINDOWS\SYSTEM32\profapi.dll
0x00007ffc95b20000 - 0x00007ffc95b30000 	C:\Program Files\Android\Android Studio\jbr\bin\net.dll
0x00007ffca5590000 - 0x00007ffca56bc000 	C:\WINDOWS\SYSTEM32\WINHTTP.dll
0x00007ffcae380000 - 0x00007ffcae3ea000 	C:\WINDOWS\system32\mswsock.dll
0x00007ffc827a0000 - 0x00007ffc827b6000 	C:\Program Files\Android\Android Studio\jbr\bin\nio.dll
0x00007ffc914b0000 - 0x00007ffc914c0000 	C:\Program Files\Android\Android Studio\jbr\bin\verify.dll

dbghelp: loaded successfully - version: 4.0.5 - missing functions: none
symbol engine: initialized successfully - sym options: 0x614 - pdb path: .;C:\Program Files\Android\Android Studio\jbr\bin;C:\WINDOWS\SYSTEM32;C:\WINDOWS\WinSxS\amd64_microsoft.windows.common-controls_6595b64144ccf1df_6.0.22621.5124_none_270e8f4f7386d69d;C:\Program Files\Android\Android Studio\jbr\bin\server

VM Arguments:
java_command: org.jetbrains.kotlin.cli.jvm.K2JVMCompiler @C:\Users\dinis\AndroidStudioProjects\BrainBrawl\app\build\20250414_13828469438220952904.compiler.options
java_class_path (initial): C:\Users\dinis\.gradle\caches\modules-2\files-2.1\org.jetbrains.kotlin\kotlin-compiler-embeddable\1.9.0\2c8c3a7402becca891f12739b3e9fd2dc2adbd7a\kotlin-compiler-embeddable-1.9.0.jar;C:\Users\dinis\.gradle\caches\modules-2\files-2.1\org.jetbrains.kotlin\kotlin-stdlib\1.9.0\8ee15ef0c67dc83d874f412d84378d7f0eb50b63\kotlin-stdlib-1.9.0.jar;C:\Users\dinis\.gradle\caches\modules-2\files-2.1\org.jetbrains.kotlin\kotlin-script-runtime\1.9.0\4b3102cbbb7e1b58d9d1adf89563f00069ffa7d1\kotlin-script-runtime-1.9.0.jar;C:\Users\dinis\.gradle\caches\modules-2\files-2.1\org.jetbrains.kotlin\kotlin-reflect\1.6.10\1cbe9c92c12a94eea200d23c2bbaedaf3daf5132\kotlin-reflect-1.6.10.jar;C:\Users\dinis\.gradle\caches\modules-2\files-2.1\org.jetbrains.kotlin\kotlin-daemon-embeddable\1.9.0\186543f5e28cf8d9a0290fecc2cf34301c40a65c\kotlin-daemon-embeddable-1.9.0.jar;C:\Users\dinis\.gradle\caches\modules-2\files-2.1\org.jetbrains.intellij.deps\trove4j\1.0.20200330\3afb14d5f9ceb459d724e907a21145e8ff394f02\trove4j-1.0.20200330.jar;C:\Users\dinis\.gradle\caches\modules-2\files-2.1\org.jetbrains.kotlin\kotlin-stdlib-common\1.9.0\cd65c21cfd1eec4d44ef09f9f52b6d9f8a720636\kotlin-stdlib-common-1.9.0.jar;C:\Users\dinis\.gradle\caches\modules-2\files-2.1\org.jetbrains\annotations\13.0\919f0dfe192fb4e063e7dacadee7f8bb9a2672a9\annotations-13.0.jar
Launcher Type: SUN_STANDARD

[Global flags]
     intx CICompilerCount                          = 3                                         {product} {ergonomic}
     uint ConcGCThreads                            = 1                                         {product} {ergonomic}
     uint G1ConcRefinementThreads                  = 4                                         {product} {ergonomic}
   size_t G1HeapRegionSize                         = 1048576                                   {product} {ergonomic}
    uintx GCDrainStackTargetSize                   = 64                                        {product} {ergonomic}
   size_t InitialHeapSize                          = 130023424                                 {product} {ergonomic}
   size_t MarkStackSize                            = 4194304                                   {product} {ergonomic}
   size_t MaxHeapSize                              = 2067791872                                {product} {ergonomic}
   size_t MaxNewSize                               = 1240465408                                {product} {ergonomic}
   size_t MinHeapDeltaBytes                        = 1048576                                   {product} {ergonomic}
   size_t MinHeapSize                              = 8388608                                   {product} {ergonomic}
    uintx NonNMethodCodeHeapSize                   = 5832780                                {pd product} {ergonomic}
    uintx NonProfiledCodeHeapSize                  = 122912730                              {pd product} {ergonomic}
    uintx ProfiledCodeHeapSize                     = 122912730                              {pd product} {ergonomic}
    uintx ReservedCodeCacheSize                    = 251658240                              {pd product} {ergonomic}
     bool SegmentedCodeCache                       = true                                      {product} {ergonomic}
   size_t SoftMaxHeapSize                          = 2067791872                             {manageable} {ergonomic}
     bool UseCompressedOops                        = true                           {product lp64_product} {ergonomic}
     bool UseG1GC                                  = true                                      {product} {ergonomic}
     bool UseLargePagesIndividualAllocation        = false                                  {pd product} {ergonomic}

Logging:
Log output configuration:
 #0: stdout all=warning uptime,level,tags foldmultilines=false
 #1: stderr all=off uptime,level,tags foldmultilines=false

Environment Variables:
JAVA_HOME=C:\Program Files\Java\jdk-21
PATH=C:\Program Files\Common Files\Oracle\Java\javapath;C:\Python313\Scripts\;C:\Python313\;C:\Program Files (x86)\Razer Chroma SDK\bin;C:\Program Files\Razer Chroma SDK\bin;C:\Program Files (x86)\Razer\ChromaBroadcast\bin;C:\Program Files\Razer\ChromaBroadcast\bin;C:\WINDOWS\system32;C:\WINDOWS;C:\WINDOWS\System32\Wbem;C:\WINDOWS\System32\WindowsPowerShell\v1.0\;C:\WINDOWS\System32\OpenSSH\;C:\msys64\mingw64\bin;C:\WINDOWS\system32\config\systemprofile\AppData\Local\Microsoft\WindowsApps;C:\Program Files\dotnet\;C:\xampp\php;C:\xampp\php\php.exe;C:\ProgramData\ComposerSetup\bin;c:\Users\dinis\AppData\Local\Programs\cursor\resources\app\bin;C:\Program Files\nodejs\;C:\ProgramData\chocolatey\bin;C:\Program Files\Git\cmd;C:\Program Files\Microsoft SQL Server\150\Tools\Binn\;C:\Program Files\Microsoft SQL Server\Client SDK\ODBC\170\Tools\Binn\;C:\Users\dinis\AppData\Local\Programs\Python\Launcher\;C:\Users\dinis\AppData\Local\Microsoft\WindowsApps;C:\Users\dinis\AppData\Local\Programs\Microsoft VS Code\bin;C:\Program Files\JetBrains\PyCharm Community Edition 2023.1\bin;;C:\Users\dinis\AppData\Local\GitHubDesktop\bin;C:\Users\dinis\AppData\Roaming\Composer\vendor\bin;C:\Users\dinis\AppData\Roaming\npm;C:\Program Files\Java\jdk-21\bin;C:\Users\dinis\.dotnet\tools
USERNAME=dinis
OS=Windows_NT
PROCESSOR_IDENTIFIER=Intel64 Family 6 Model 126 Stepping 5, GenuineIntel
TMP=C:\Users\dinis\AppData\Local\Temp
TEMP=C:\Users\dinis\AppData\Local\Temp




Periodic native trim disabled

JNI global refs:
JNI global refs: 11, weak refs: 7

JNI global refs memory usage: 835, weak refs: 833

Process memory usage:
Resident Set Size: 323052K (4% of 8069924K total physical memory with 329428K free physical memory)

OOME stack traces (most recent first):
Classloader memory used:
Loader jdk.internal.loader.ClassLoaders$AppClassLoader                                 : 57088K
Loader bootstrap                                                                       : 12782K

---------------  S Y S T E M  ---------------

OS:
 Windows 11 , 64 bit Build 22621 (10.0.22621.5124)
OS uptime: 2 days 20:42 hours

CPU: total 4 (initial active 4) (2 cores per cpu, 2 threads per core) family 6 model 126 stepping 5 microcode 0xa0, cx8, cmov, fxsr, ht, mmx, 3dnowpref, sse, sse2, sse3, ssse3, sse4.1, sse4.2, popcnt, lzcnt, tsc, tscinvbit, avx, avx2, aes, erms, clmul, bmi1, bmi2, adx, avx512f, avx512dq, avx512cd, avx512bw, avx512vl, sha, fma, vzeroupper, avx512_vpopcntdq, avx512_vpclmulqdq, avx512_vaes, avx512_vnni, clflush, clflushopt, avx512_vbmi2, avx512_vbmi, rdtscp, rdpid, fsrm, gfni, avx512_bitalg, f16c, pku, avx512_ifma
Processor Information for all 4 processors :
  Max Mhz: 1190, Current Mhz: 1190, Mhz Limit: 1190

Memory: 4k page, system-wide physical 7880M (316M free)
TotalPageFile size 32456M (AvailPageFile size 7M)
current process WorkingSet (physical memory assigned to process): 315M, peak: 315M
current process commit charge ("private bytes"): 342M, peak: 345M

vm_info: OpenJDK 64-Bit Server VM (21.0.3+-12282718-b509.11) for windows-amd64 JRE (21.0.3+-12282718-b509.11), built on 2024-08-27T17:34:15Z by "builder" with MS VC++ 16.10 / 16.11 (VS2019)

END.
