#
# There is insufficient memory for the Java Runtime Environment to continue.
# Native memory allocation (malloc) failed to allocate 938736 bytes. Error detail: Chunk::new
# Possible reasons:
#   The system is out of physical RAM or swap space
#   This process is running with CompressedOops enabled, and the Java Heap may be blocking the growth of the native heap
# Possible solutions:
#   Reduce memory load on the system
#   Increase physical memory or swap space
#   Check if swap backing store is full
#   Decrease Java heap size (-Xmx/-Xms)
#   Decrease number of Java threads
#   Decrease Java thread stack sizes (-Xss)
#   Set larger code cache with -XX:ReservedCodeCacheSize=
#   JVM is running with Unscaled Compressed Oops mode in which the Java heap is
#     placed in the first 4GB address space. The Java Heap base address is the
#     maximum limit for the native heap growth. Please use -XX:HeapBaseMinAddress
#     to set the Java Heap base and to place the Java Heap above 4GB virtual address.
# This output file may be truncated or incomplete.
#
#  Out of Memory Error (arena.cpp:168), pid=43552, tid=38888
#
# JRE version: OpenJDK Runtime Environment (21.0.3) (build 21.0.3+-12282718-b509.11)
# Java VM: OpenJDK 64-Bit Server VM (21.0.3+-12282718-b509.11, mixed mode, tiered, compressed oops, compressed class ptrs, g1 gc, windows-amd64)
# No core dump will be written. Minidumps are not enabled by default on client versions of Windows
#

---------------  S U M M A R Y ------------

Command Line: org.jetbrains.kotlin.cli.jvm.K2JVMCompiler @C:\Users\dinis\AndroidStudioProjects\BrainBrawl\app\build\20250414_4103023351038887130.compiler.options

Host: Intel(R) Core(TM) i3-1005G1 CPU @ 1.20GHz, 4 cores, 7G,  Windows 11 , 64 bit Build 22621 (10.0.22621.5124)
Time: Mon Apr 14 10:09:29 2025 Hora de Verão de GMT elapsed time: 17.833943 seconds (0d 0h 0m 17s)

---------------  T H R E A D  ---------------

Current thread (0x0000023647170160):  JavaThread "C2 CompilerThread1" daemon [_thread_in_native, id=38888, stack(0x0000007b69500000,0x0000007b69600000) (1024K)]


Current CompileTask:
C2:  17834 6551       4       org.jetbrains.kotlin.com.intellij.lang.impl.PsiBuilderImpl::createLeaf (155 bytes)

Stack: [0x0000007b69500000,0x0000007b69600000]
Native frames: (J=compiled Java code, j=interpreted, Vv=VM code, C=native code)
V  [jvm.dll+0x6cafb9]
V  [jvm.dll+0x858523]
V  [jvm.dll+0x85aa7e]
V  [jvm.dll+0x85b163]
V  [jvm.dll+0x27d356]
V  [jvm.dll+0xbf93d]
V  [jvm.dll+0xbfe73]
V  [jvm.dll+0x3b1cb1]
V  [jvm.dll+0x37e787]
V  [jvm.dll+0x37dbfa]
V  [jvm.dll+0x246b02]
V  [jvm.dll+0x2460d1]
V  [jvm.dll+0x1c5804]
V  [jvm.dll+0x25575c]
V  [jvm.dll+0x253c36]
V  [jvm.dll+0x3ec996]
V  [jvm.dll+0x800d78]
V  [jvm.dll+0x6c98cd]
C  [ucrtbase.dll+0x29333]
C  [KERNEL32.DLL+0x1259d]
C  [ntdll.dll+0x5af38]


---------------  P R O C E S S  ---------------

Threads class SMR info:
_java_thread_list=0x000002364a5c6570, length=12, elements={
0x0000023629c1b5e0, 0x0000023647048310, 0x0000023647053ad0, 0x0000023647060b00,
0x0000023647056240, 0x0000023647062180, 0x0000023647063800, 0x00000236470641a0,
0x0000023647069470, 0x00000236471fd1b0, 0x000002364721cbd0, 0x0000023647170160
}

Java Threads: ( => current thread )
  0x0000023629c1b5e0 JavaThread "main"                              [_thread_in_Java, id=39516, stack(0x0000007b68300000,0x0000007b68400000) (1024K)]
  0x0000023647048310 JavaThread "Reference Handler"          daemon [_thread_blocked, id=14604, stack(0x0000007b68b00000,0x0000007b68c00000) (1024K)]
  0x0000023647053ad0 JavaThread "Finalizer"                  daemon [_thread_blocked, id=44912, stack(0x0000007b68c00000,0x0000007b68d00000) (1024K)]
  0x0000023647060b00 JavaThread "Signal Dispatcher"          daemon [_thread_blocked, id=39536, stack(0x0000007b68d00000,0x0000007b68e00000) (1024K)]
  0x0000023647056240 JavaThread "Attach Listener"            daemon [_thread_blocked, id=42332, stack(0x0000007b68e00000,0x0000007b68f00000) (1024K)]
  0x0000023647062180 JavaThread "Service Thread"             daemon [_thread_blocked, id=5188, stack(0x0000007b68f00000,0x0000007b69000000) (1024K)]
  0x0000023647063800 JavaThread "Monitor Deflation Thread"   daemon [_thread_blocked, id=7908, stack(0x0000007b69000000,0x0000007b69100000) (1024K)]
  0x00000236470641a0 JavaThread "C2 CompilerThread0"         daemon [_thread_in_native, id=36060, stack(0x0000007b69100000,0x0000007b69200000) (1024K)]
  0x0000023647069470 JavaThread "C1 CompilerThread0"         daemon [_thread_blocked, id=44608, stack(0x0000007b69200000,0x0000007b69300000) (1024K)]
  0x00000236471fd1b0 JavaThread "Notification Thread"        daemon [_thread_blocked, id=34568, stack(0x0000007b69300000,0x0000007b69400000) (1024K)]
  0x000002364721cbd0 JavaThread "Common-Cleaner"             daemon [_thread_blocked, id=35780, stack(0x0000007b69400000,0x0000007b69500000) (1024K)]
=>0x0000023647170160 JavaThread "C2 CompilerThread1"         daemon [_thread_in_native, id=38888, stack(0x0000007b69500000,0x0000007b69600000) (1024K)]
Total: 12

Other Threads:
  0x00000236429e6990 VMThread "VM Thread"                           [id=28780, stack(0x0000007b68a00000,0x0000007b68b00000) (1024K)]
  0x000002364294c970 WatcherThread "VM Periodic Task Thread"        [id=44528, stack(0x0000007b68900000,0x0000007b68a00000) (1024K)]
  0x0000023629deddb0 WorkerThread "GC Thread#0"                     [id=35596, stack(0x0000007b68400000,0x0000007b68500000) (1024K)]
  0x000002364781ee50 WorkerThread "GC Thread#1"                     [id=37524, stack(0x0000007b69600000,0x0000007b69700000) (1024K)]
  0x0000023647830a80 WorkerThread "GC Thread#2"                     [id=31544, stack(0x0000007b69700000,0x0000007b69800000) (1024K)]
  0x0000023647830e20 WorkerThread "GC Thread#3"                     [id=41600, stack(0x0000007b69800000,0x0000007b69900000) (1024K)]
  0x0000023629dfed90 ConcurrentGCThread "G1 Main Marker"            [id=27052, stack(0x0000007b68500000,0x0000007b68600000) (1024K)]
  0x0000023629e00030 WorkerThread "G1 Conc#0"                       [id=45280, stack(0x0000007b68600000,0x0000007b68700000) (1024K)]
  0x0000023629e5e020 ConcurrentGCThread "G1 Refine#0"               [id=45316, stack(0x0000007b68700000,0x0000007b68800000) (1024K)]
  0x0000023629e5eb90 ConcurrentGCThread "G1 Service"                [id=38056, stack(0x0000007b68800000,0x0000007b68900000) (1024K)]
Total: 10

Threads with active compile tasks:
C2 CompilerThread0    17858 6548       4       org.jetbrains.kotlin.com.intellij.lang.impl.PsiBuilderImpl::insertLeaves (88 bytes)
C2 CompilerThread1    17858 6551       4       org.jetbrains.kotlin.com.intellij.lang.impl.PsiBuilderImpl::createLeaf (155 bytes)
Total: 2

VM state: not at safepoint (normal execution)

VM Mutex/Monitor currently owned by a thread: None

Heap address: 0x0000000084c00000, size: 1972 MB, Compressed Oops mode: 32-bit

CDS archive(s) not mapped
Compressed class space mapped at: 0x0000000100000000-0x0000000140000000, reserved size: 1073741824
Narrow klass base: 0x0000000000000000, Narrow klass shift: 3, Narrow klass range: 0x140000000

GC Precious Log:
 CardTable entry size: 512
 Card Set container configuration: InlinePtr #cards 5 size 8 Array Of Cards #cards 12 size 40 Howl #buckets 4 coarsen threshold 1843 Howl Bitmap #cards 512 size 80 coarsen threshold 460 Card regions per heap region 1 cards per card region 2048
 CPUs: 4 total, 4 available
 Memory: 7880M
 Large Page Support: Disabled
 NUMA Support: Disabled
 Compressed Oops: Enabled (32-bit)
 Heap Region Size: 1M
 Heap Min Capacity: 8M
 Heap Initial Capacity: 124M
 Heap Max Capacity: 1972M
 Pre-touch: Disabled
 Parallel Workers: 4
 Concurrent Workers: 1
 Concurrent Refinement Workers: 4
 Periodic GC: Disabled

Heap:
 garbage-first heap   total 75776K, used 55541K [0x0000000084c00000, 0x0000000100000000)
  region size 1024K, 17 young (17408K), 2 survivors (2048K)
 Metaspace       used 58847K, committed 59520K, reserved 1114112K
  class space    used 6915K, committed 7232K, reserved 1048576K

Heap Regions: E=young(eden), S=young(survivor), O=old, HS=humongous(starts), HC=humongous(continues), CS=collection set, F=free, TAMS=top-at-mark-start, PB=parsable bottom
|   0|0x0000000084c00000, 0x0000000084d00000, 0x0000000084d00000|100%|HS|  |TAMS 0x0000000084c00000| PB 0x0000000084c00000| Complete 
|   1|0x0000000084d00000, 0x0000000084e00000, 0x0000000084e00000|100%|HC|  |TAMS 0x0000000084d00000| PB 0x0000000084d00000| Complete 
|   2|0x0000000084e00000, 0x0000000084f00000, 0x0000000084f00000|100%|HC|  |TAMS 0x0000000084e00000| PB 0x0000000084e00000| Complete 
|   3|0x0000000084f00000, 0x0000000085000000, 0x0000000085000000|100%|HC|  |TAMS 0x0000000084f00000| PB 0x0000000084f00000| Complete 
|   4|0x0000000085000000, 0x00000000850f7a30, 0x0000000085100000| 96%| O|  |TAMS 0x0000000085000000| PB 0x0000000085000000| Untracked 
|   5|0x0000000085100000, 0x0000000085200000, 0x0000000085200000|100%| O|  |TAMS 0x0000000085100000| PB 0x0000000085100000| Untracked 
|   6|0x0000000085200000, 0x0000000085300000, 0x0000000085300000|100%| O|  |TAMS 0x0000000085200000| PB 0x0000000085200000| Untracked 
|   7|0x0000000085300000, 0x0000000085400000, 0x0000000085400000|100%| O|  |TAMS 0x0000000085300000| PB 0x0000000085300000| Untracked 
|   8|0x0000000085400000, 0x0000000085500000, 0x0000000085500000|100%| O|  |TAMS 0x0000000085400000| PB 0x0000000085400000| Untracked 
|   9|0x0000000085500000, 0x0000000085600000, 0x0000000085600000|100%| O|  |TAMS 0x0000000085500000| PB 0x0000000085500000| Untracked 
|  10|0x0000000085600000, 0x0000000085600000, 0x0000000085700000|  0%| F|  |TAMS 0x0000000085600000| PB 0x0000000085600000| Untracked 
|  11|0x0000000085700000, 0x0000000085800000, 0x0000000085800000|100%| O|  |TAMS 0x0000000085700000| PB 0x0000000085700000| Untracked 
|  12|0x0000000085800000, 0x0000000085900000, 0x0000000085900000|100%| O|  |TAMS 0x0000000085800000| PB 0x0000000085800000| Untracked 
|  13|0x0000000085900000, 0x0000000085a00000, 0x0000000085a00000|100%| O|  |TAMS 0x0000000085900000| PB 0x0000000085900000| Untracked 
|  14|0x0000000085a00000, 0x0000000085b00000, 0x0000000085b00000|100%| O|  |TAMS 0x0000000085a00000| PB 0x0000000085a00000| Untracked 
|  15|0x0000000085b00000, 0x0000000085c00000, 0x0000000085c00000|100%| O|  |TAMS 0x0000000085b00000| PB 0x0000000085b00000| Untracked 
|  16|0x0000000085c00000, 0x0000000085d00000, 0x0000000085d00000|100%| O|  |TAMS 0x0000000085c00000| PB 0x0000000085c00000| Untracked 
|  17|0x0000000085d00000, 0x0000000085e00000, 0x0000000085e00000|100%| O|  |TAMS 0x0000000085d00000| PB 0x0000000085d00000| Untracked 
|  18|0x0000000085e00000, 0x0000000085f00000, 0x0000000085f00000|100%| O|  |TAMS 0x0000000085e00000| PB 0x0000000085e00000| Untracked 
|  19|0x0000000085f00000, 0x0000000086000000, 0x0000000086000000|100%| O|  |TAMS 0x0000000085f00000| PB 0x0000000085f00000| Untracked 
|  20|0x0000000086000000, 0x0000000086100000, 0x0000000086100000|100%| O|  |TAMS 0x0000000086000000| PB 0x0000000086000000| Untracked 
|  21|0x0000000086100000, 0x0000000086200000, 0x0000000086200000|100%| O|Cm|TAMS 0x0000000086100000| PB 0x0000000086100000| Complete 
|  22|0x0000000086200000, 0x0000000086300000, 0x0000000086300000|100%|HS|  |TAMS 0x0000000086200000| PB 0x0000000086200000| Complete 
|  23|0x0000000086300000, 0x0000000086400000, 0x0000000086400000|100%|HC|  |TAMS 0x0000000086300000| PB 0x0000000086300000| Complete 
|  24|0x0000000086400000, 0x0000000086500000, 0x0000000086500000|100%| O|  |TAMS 0x0000000086400000| PB 0x0000000086400000| Untracked 
|  25|0x0000000086500000, 0x0000000086600000, 0x0000000086600000|100%| O|  |TAMS 0x0000000086500000| PB 0x0000000086500000| Untracked 
|  26|0x0000000086600000, 0x0000000086700000, 0x0000000086700000|100%| O|  |TAMS 0x0000000086600000| PB 0x0000000086600000| Untracked 
|  27|0x0000000086700000, 0x0000000086800000, 0x0000000086800000|100%| O|  |TAMS 0x0000000086700000| PB 0x0000000086700000| Untracked 
|  28|0x0000000086800000, 0x0000000086900000, 0x0000000086900000|100%| O|  |TAMS 0x0000000086800000| PB 0x0000000086800000| Untracked 
|  29|0x0000000086900000, 0x0000000086a00000, 0x0000000086a00000|100%| O|  |TAMS 0x0000000086900000| PB 0x0000000086900000| Untracked 
|  30|0x0000000086a00000, 0x0000000086b00000, 0x0000000086b00000|100%| O|  |TAMS 0x0000000086a00000| PB 0x0000000086a00000| Untracked 
|  31|0x0000000086b00000, 0x0000000086c00000, 0x0000000086c00000|100%| O|  |TAMS 0x0000000086b00000| PB 0x0000000086b00000| Untracked 
|  32|0x0000000086c00000, 0x0000000086d00000, 0x0000000086d00000|100%| O|  |TAMS 0x0000000086c00000| PB 0x0000000086c00000| Untracked 
|  33|0x0000000086d00000, 0x0000000086e00000, 0x0000000086e00000|100%| O|  |TAMS 0x0000000086d00000| PB 0x0000000086d00000| Untracked 
|  34|0x0000000086e00000, 0x0000000086f00000, 0x0000000086f00000|100%| O|  |TAMS 0x0000000086e00000| PB 0x0000000086e00000| Untracked 
|  35|0x0000000086f00000, 0x0000000087000000, 0x0000000087000000|100%| O|  |TAMS 0x0000000086f00000| PB 0x0000000086f00000| Untracked 
|  36|0x0000000087000000, 0x0000000087100000, 0x0000000087100000|100%| O|  |TAMS 0x0000000087000000| PB 0x0000000087000000| Untracked 
|  37|0x0000000087100000, 0x0000000087200000, 0x0000000087200000|100%| O|Cm|TAMS 0x0000000087100000| PB 0x0000000087100000| Complete 
|  38|0x0000000087200000, 0x0000000087300000, 0x0000000087300000|100%| O|  |TAMS 0x0000000087200000| PB 0x0000000087200000| Untracked 
|  39|0x0000000087300000, 0x0000000087400000, 0x0000000087400000|100%| O|  |TAMS 0x0000000087300000| PB 0x0000000087300000| Untracked 
|  40|0x0000000087400000, 0x0000000087500000, 0x0000000087500000|100%| O|  |TAMS 0x0000000087400000| PB 0x0000000087400000| Untracked 
|  41|0x0000000087500000, 0x0000000087500000, 0x0000000087600000|  0%| F|  |TAMS 0x0000000087500000| PB 0x0000000087500000| Untracked 
|  42|0x0000000087600000, 0x0000000087600000, 0x0000000087700000|  0%| F|  |TAMS 0x0000000087600000| PB 0x0000000087600000| Untracked 
|  43|0x0000000087700000, 0x0000000087700000, 0x0000000087800000|  0%| F|  |TAMS 0x0000000087700000| PB 0x0000000087700000| Untracked 
|  44|0x0000000087800000, 0x0000000087800000, 0x0000000087900000|  0%| F|  |TAMS 0x0000000087800000| PB 0x0000000087800000| Untracked 
|  45|0x0000000087900000, 0x0000000087900000, 0x0000000087a00000|  0%| F|  |TAMS 0x0000000087900000| PB 0x0000000087900000| Untracked 
|  46|0x0000000087a00000, 0x0000000087a00000, 0x0000000087b00000|  0%| F|  |TAMS 0x0000000087a00000| PB 0x0000000087a00000| Untracked 
|  47|0x0000000087b00000, 0x0000000087b00000, 0x0000000087c00000|  0%| F|  |TAMS 0x0000000087b00000| PB 0x0000000087b00000| Untracked 
|  48|0x0000000087c00000, 0x0000000087c00000, 0x0000000087d00000|  0%| F|  |TAMS 0x0000000087c00000| PB 0x0000000087c00000| Untracked 
|  49|0x0000000087d00000, 0x0000000087d00000, 0x0000000087e00000|  0%| F|  |TAMS 0x0000000087d00000| PB 0x0000000087d00000| Untracked 
|  50|0x0000000087e00000, 0x0000000087e00000, 0x0000000087f00000|  0%| F|  |TAMS 0x0000000087e00000| PB 0x0000000087e00000| Untracked 
|  51|0x0000000087f00000, 0x0000000087f00000, 0x0000000088000000|  0%| F|  |TAMS 0x0000000087f00000| PB 0x0000000087f00000| Untracked 
|  52|0x0000000088000000, 0x0000000088000000, 0x0000000088100000|  0%| F|  |TAMS 0x0000000088000000| PB 0x0000000088000000| Untracked 
|  53|0x0000000088100000, 0x0000000088100000, 0x0000000088200000|  0%| F|  |TAMS 0x0000000088100000| PB 0x0000000088100000| Untracked 
|  54|0x0000000088200000, 0x0000000088200000, 0x0000000088300000|  0%| F|  |TAMS 0x0000000088200000| PB 0x0000000088200000| Untracked 
|  55|0x0000000088300000, 0x0000000088345a80, 0x0000000088400000| 27%| S|CS|TAMS 0x0000000088300000| PB 0x0000000088300000| Complete 
|  56|0x0000000088400000, 0x0000000088500000, 0x0000000088500000|100%| S|CS|TAMS 0x0000000088400000| PB 0x0000000088400000| Complete 
|  57|0x0000000088500000, 0x0000000088500000, 0x0000000088600000|  0%| F|  |TAMS 0x0000000088500000| PB 0x0000000088500000| Untracked 
|  58|0x0000000088600000, 0x0000000088600000, 0x0000000088700000|  0%| F|  |TAMS 0x0000000088600000| PB 0x0000000088600000| Untracked 
|  59|0x0000000088700000, 0x00000000887a9558, 0x0000000088800000| 66%| E|  |TAMS 0x0000000088700000| PB 0x0000000088700000| Complete 
|  60|0x0000000088800000, 0x0000000088900000, 0x0000000088900000|100%| E|CS|TAMS 0x0000000088800000| PB 0x0000000088800000| Complete 
|  61|0x0000000088900000, 0x0000000088a00000, 0x0000000088a00000|100%| E|CS|TAMS 0x0000000088900000| PB 0x0000000088900000| Complete 
|  62|0x0000000088a00000, 0x0000000088b00000, 0x0000000088b00000|100%| E|CS|TAMS 0x0000000088a00000| PB 0x0000000088a00000| Complete 
|  63|0x0000000088b00000, 0x0000000088c00000, 0x0000000088c00000|100%| E|CS|TAMS 0x0000000088b00000| PB 0x0000000088b00000| Complete 
|  64|0x0000000088c00000, 0x0000000088d00000, 0x0000000088d00000|100%| E|CS|TAMS 0x0000000088c00000| PB 0x0000000088c00000| Complete 
|  65|0x0000000088d00000, 0x0000000088e00000, 0x0000000088e00000|100%| E|  |TAMS 0x0000000088d00000| PB 0x0000000088d00000| Complete 
|  66|0x0000000088e00000, 0x0000000088f00000, 0x0000000088f00000|100%| E|CS|TAMS 0x0000000088e00000| PB 0x0000000088e00000| Complete 
|  67|0x0000000088f00000, 0x0000000089000000, 0x0000000089000000|100%| E|CS|TAMS 0x0000000088f00000| PB 0x0000000088f00000| Complete 
|  68|0x0000000089000000, 0x0000000089100000, 0x0000000089100000|100%| E|CS|TAMS 0x0000000089000000| PB 0x0000000089000000| Complete 
|  98|0x000000008ae00000, 0x000000008af00000, 0x000000008af00000|100%| E|CS|TAMS 0x000000008ae00000| PB 0x000000008ae00000| Complete 
| 102|0x000000008b200000, 0x000000008b300000, 0x000000008b300000|100%| E|CS|TAMS 0x000000008b200000| PB 0x000000008b200000| Complete 
| 103|0x000000008b300000, 0x000000008b400000, 0x000000008b400000|100%| E|CS|TAMS 0x000000008b300000| PB 0x000000008b300000| Complete 
| 104|0x000000008b400000, 0x000000008b500000, 0x000000008b500000|100%| E|CS|TAMS 0x000000008b400000| PB 0x000000008b400000| Complete 
| 123|0x000000008c700000, 0x000000008c800000, 0x000000008c800000|100%| E|CS|TAMS 0x000000008c700000| PB 0x000000008c700000| Complete 

Card table byte_map: [0x000002363e0c0000,0x000002363e4a0000] _byte_map_base: 0x000002363dc9a000

Marking Bits: (CMBitMap*) 0x0000023629deecc0
 Bits: [0x000002363e4a0000, 0x0000023640370000)

Polling page: 0x0000023629e60000

Metaspace:

Usage:
  Non-class:     50.72 MB used.
      Class:      6.75 MB used.
       Both:     57.47 MB used.

Virtual space:
  Non-class space:       64.00 MB reserved,      51.06 MB ( 80%) committed,  1 nodes.
      Class space:        1.00 GB reserved,       7.06 MB ( <1%) committed,  1 nodes.
             Both:        1.06 GB reserved,      58.12 MB (  5%) committed. 

Chunk freelists:
   Non-Class:  12.14 MB
       Class:  8.94 MB
        Both:  21.08 MB

MaxMetaspaceSize: unlimited
CompressedClassSpaceSize: 1.00 GB
Initial GC threshold: 21.00 MB
Current GC threshold: 89.81 MB
CDS: off
 - commit_granule_bytes: 65536.
 - commit_granule_words: 8192.
 - virtual_space_node_default_size: 8388608.
 - enlarge_chunks_in_place: 1.
 - use_allocation_guard: 0.


Internal statistics:

num_allocs_failed_limit: 6.
num_arena_births: 1214.
num_arena_deaths: 0.
num_vsnodes_births: 2.
num_vsnodes_deaths: 0.
num_space_committed: 928.
num_space_uncommitted: 0.
num_chunks_returned_to_freelist: 6.
num_chunks_taken_from_freelist: 3158.
num_chunk_merges: 6.
num_chunk_splits: 2394.
num_chunks_enlarged: 1814.
num_inconsistent_stats: 0.

CodeHeap 'non-profiled nmethods': size=120000Kb used=3591Kb max_used=3591Kb free=116409Kb
 bounds [0x0000023636180000, 0x0000023636510000, 0x000002363d6b0000]
CodeHeap 'profiled nmethods': size=120000Kb used=14172Kb max_used=14307Kb free=105827Kb
 bounds [0x000002362e6b0000, 0x000002362f4b0000, 0x0000023635be0000]
CodeHeap 'non-nmethods': size=5760Kb used=1724Kb max_used=1756Kb free=4035Kb
 bounds [0x0000023635be0000, 0x0000023635e50000, 0x0000023636180000]
 total_blobs=6580 nmethods=5958 adapters=524
 compilation: enabled
              stopped_count=0, restarted_count=0
 full_count=0

Compilation events (20 events):
Event: 17.759 Thread 0x0000023647069470 6552       3       org.jetbrains.kotlin.com.intellij.lang.ASTFactory::composite (72 bytes)
Event: 17.760 Thread 0x0000023647069470 nmethod 6552 0x000002362e7c2b90 code [0x000002362e7c2ec0, 0x000002362e7c4290]
Event: 17.760 Thread 0x0000023647069470 6553       3       org.jetbrains.kotlin.com.intellij.lang.impl.PsiBuilderImpl::getASTFactory (22 bytes)
Event: 17.760 Thread 0x0000023647069470 nmethod 6553 0x000002362ec67f90 code [0x000002362ec68140, 0x000002362ec68490]
Event: 17.773 Thread 0x0000023647069470 6554       3       org.jetbrains.kotlin.com.intellij.util.text.ImmutableText::charAt (52 bytes)
Event: 17.774 Thread 0x0000023647069470 nmethod 6554 0x000002362ecfe090 code [0x000002362ecfe260, 0x000002362ecfe5a0]
Event: 17.774 Thread 0x0000023647069470 6555       3       org.jetbrains.kotlin.com.intellij.util.text.ByteArrayCharSequence::length (10 bytes)
Event: 17.774 Thread 0x0000023647069470 nmethod 6555 0x000002362ed08410 code [0x000002362ed085a0, 0x000002362ed086b0]
Event: 17.774 Thread 0x0000023647069470 6556       3       org.jetbrains.kotlin.com.intellij.psi.impl.source.CharTableImpl$StringHashToCharSequencesMap::access$200 (10 bytes)
Event: 17.774 Thread 0x0000023647069470 nmethod 6556 0x000002362e7bf390 code [0x000002362e7bf540, 0x000002362e7bf660]
Event: 17.778 Thread 0x0000023647069470 6557       3       org.jetbrains.kotlin.com.intellij.psi.impl.source.tree.CompositeElement::setPsi (33 bytes)
Event: 17.778 Thread 0x0000023647069470 nmethod 6557 0x000002362e746b10 code [0x000002362e746d80, 0x000002362e747670]
Event: 17.784 Thread 0x0000023647069470 6559       3       org.jetbrains.kotlin.com.intellij.psi.impl.source.tree.PsiWhiteSpaceImpl::<init> (9 bytes)
Event: 17.785 Thread 0x0000023647069470 nmethod 6559 0x000002362ec92990 code [0x000002362ec92b80, 0x000002362ec930b0]
Event: 17.785 Thread 0x0000023647069470 6560       3       org.jetbrains.kotlin.com.intellij.psi.impl.source.tree.JavaASTFactory::createLeaf (135 bytes)
Event: 17.786 Thread 0x0000023647069470 nmethod 6560 0x000002362eb56010 code [0x000002362eb564a0, 0x000002362eb583e8]
Event: 17.786 Thread 0x0000023647069470 6561       3       org.jetbrains.kotlin.com.intellij.util.text.ByteArrayCharSequence::getChars (42 bytes)
Event: 17.787 Thread 0x0000023647069470 nmethod 6561 0x000002362e746590 code [0x000002362e746740, 0x000002362e746960]
Event: 17.825 Thread 0x0000023647069470 6564       3       org.jetbrains.kotlin.resolve.calls.tower.ScopeBasedTowerLevel::recordLookup (21 bytes)
Event: 17.825 Thread 0x0000023647069470 nmethod 6564 0x000002362e745910 code [0x000002362e745b60, 0x000002362e746288]

GC Heap History (20 events):
Event: 3.256 GC heap before
{Heap before GC invocations=9 (full 0):
 garbage-first heap   total 53248K, used 44737K [0x0000000084c00000, 0x0000000100000000)
  region size 1024K, 26 young (26624K), 2 survivors (2048K)
 Metaspace       used 43576K, committed 44224K, reserved 1114112K
  class space    used 5300K, committed 5632K, reserved 1048576K
}
Event: 3.263 GC heap after
{Heap after GC invocations=10 (full 0):
 garbage-first heap   total 53248K, used 21133K [0x0000000084c00000, 0x0000000100000000)
  region size 1024K, 4 young (4096K), 4 survivors (4096K)
 Metaspace       used 43576K, committed 44224K, reserved 1114112K
  class space    used 5300K, committed 5632K, reserved 1048576K
}
Event: 4.018 GC heap before
{Heap before GC invocations=10 (full 0):
 garbage-first heap   total 53248K, used 44685K [0x0000000084c00000, 0x0000000100000000)
  region size 1024K, 27 young (27648K), 4 survivors (4096K)
 Metaspace       used 48732K, committed 49472K, reserved 1114112K
  class space    used 5898K, committed 6272K, reserved 1048576K
}
Event: 4.026 GC heap after
{Heap after GC invocations=11 (full 0):
 garbage-first heap   total 53248K, used 23518K [0x0000000084c00000, 0x0000000100000000)
  region size 1024K, 4 young (4096K), 4 survivors (4096K)
 Metaspace       used 48732K, committed 49472K, reserved 1114112K
  class space    used 5898K, committed 6272K, reserved 1048576K
}
Event: 4.174 GC heap before
{Heap before GC invocations=11 (full 0):
 garbage-first heap   total 53248K, used 43998K [0x0000000084c00000, 0x0000000100000000)
  region size 1024K, 25 young (25600K), 4 survivors (4096K)
 Metaspace       used 49393K, committed 50048K, reserved 1114112K
  class space    used 5959K, committed 6272K, reserved 1048576K
}
Event: 4.181 GC heap after
{Heap after GC invocations=12 (full 0):
 garbage-first heap   total 53248K, used 24874K [0x0000000084c00000, 0x0000000100000000)
  region size 1024K, 1 young (1024K), 1 survivors (1024K)
 Metaspace       used 49393K, committed 50048K, reserved 1114112K
  class space    used 5959K, committed 6272K, reserved 1048576K
}
Event: 4.356 GC heap before
{Heap before GC invocations=12 (full 0):
 garbage-first heap   total 53248K, used 29994K [0x0000000084c00000, 0x0000000100000000)
  region size 1024K, 7 young (7168K), 1 survivors (1024K)
 Metaspace       used 50498K, committed 51264K, reserved 1114112K
  class space    used 6097K, committed 6464K, reserved 1048576K
}
Event: 4.359 GC heap after
{Heap after GC invocations=13 (full 0):
 garbage-first heap   total 64512K, used 25520K [0x0000000084c00000, 0x0000000100000000)
  region size 1024K, 2 young (2048K), 2 survivors (2048K)
 Metaspace       used 50498K, committed 51264K, reserved 1114112K
  class space    used 6097K, committed 6464K, reserved 1048576K
}
Event: 7.691 GC heap before
{Heap before GC invocations=13 (full 0):
 garbage-first heap   total 64512K, used 56240K [0x0000000084c00000, 0x0000000100000000)
  region size 1024K, 30 young (30720K), 2 survivors (2048K)
 Metaspace       used 53621K, committed 54336K, reserved 1114112K
  class space    used 6325K, committed 6656K, reserved 1048576K
}
Event: 7.706 GC heap after
{Heap after GC invocations=14 (full 0):
 garbage-first heap   total 64512K, used 33575K [0x0000000084c00000, 0x0000000100000000)
  region size 1024K, 4 young (4096K), 4 survivors (4096K)
 Metaspace       used 53621K, committed 54336K, reserved 1114112K
  class space    used 6325K, committed 6656K, reserved 1048576K
}
Event: 11.638 GC heap before
{Heap before GC invocations=14 (full 0):
 garbage-first heap   total 64512K, used 55079K [0x0000000084c00000, 0x0000000100000000)
  region size 1024K, 25 young (25600K), 4 survivors (4096K)
 Metaspace       used 54124K, committed 54848K, reserved 1114112K
  class space    used 6360K, committed 6720K, reserved 1048576K
}
Event: 11.666 GC heap after
{Heap after GC invocations=15 (full 0):
 garbage-first heap   total 64512K, used 37854K [0x0000000084c00000, 0x0000000100000000)
  region size 1024K, 4 young (4096K), 4 survivors (4096K)
 Metaspace       used 54124K, committed 54848K, reserved 1114112K
  class space    used 6360K, committed 6720K, reserved 1048576K
}
Event: 14.609 GC heap before
{Heap before GC invocations=16 (full 0):
 garbage-first heap   total 65536K, used 56286K [0x0000000084c00000, 0x0000000100000000)
  region size 1024K, 22 young (22528K), 4 survivors (4096K)
 Metaspace       used 54262K, committed 54976K, reserved 1114112K
  class space    used 6371K, committed 6720K, reserved 1048576K
}
Event: 14.622 GC heap after
{Heap after GC invocations=17 (full 0):
 garbage-first heap   total 65536K, used 41631K [0x0000000084c00000, 0x0000000100000000)
  region size 1024K, 3 young (3072K), 3 survivors (3072K)
 Metaspace       used 54262K, committed 54976K, reserved 1114112K
  class space    used 6371K, committed 6720K, reserved 1048576K
}
Event: 15.704 GC heap before
{Heap before GC invocations=17 (full 0):
 garbage-first heap   total 65536K, used 56991K [0x0000000084c00000, 0x0000000100000000)
  region size 1024K, 18 young (18432K), 3 survivors (3072K)
 Metaspace       used 54458K, committed 55104K, reserved 1114112K
  class space    used 6392K, committed 6720K, reserved 1048576K
}
Event: 15.713 GC heap after
{Heap after GC invocations=18 (full 0):
 garbage-first heap   total 65536K, used 41571K [0x0000000084c00000, 0x0000000100000000)
  region size 1024K, 1 young (1024K), 1 survivors (1024K)
 Metaspace       used 54458K, committed 55104K, reserved 1114112K
  class space    used 6392K, committed 6720K, reserved 1048576K
}
Event: 15.746 GC heap before
{Heap before GC invocations=18 (full 0):
 garbage-first heap   total 65536K, used 57955K [0x0000000084c00000, 0x0000000100000000)
  region size 1024K, 17 young (17408K), 1 survivors (1024K)
 Metaspace       used 54462K, committed 55168K, reserved 1114112K
  class space    used 6392K, committed 6720K, reserved 1048576K
}
Event: 15.747 GC heap after
{Heap after GC invocations=19 (full 0):
 garbage-first heap   total 65536K, used 41201K [0x0000000084c00000, 0x0000000100000000)
  region size 1024K, 1 young (1024K), 1 survivors (1024K)
 Metaspace       used 54462K, committed 55168K, reserved 1114112K
  class space    used 6392K, committed 6720K, reserved 1048576K
}
Event: 17.419 GC heap before
{Heap before GC invocations=20 (full 0):
 garbage-first heap   total 75776K, used 57585K [0x0000000084c00000, 0x0000000100000000)
  region size 1024K, 18 young (18432K), 1 survivors (1024K)
 Metaspace       used 56071K, committed 56768K, reserved 1114112K
  class space    used 6570K, committed 6912K, reserved 1048576K
}
Event: 17.425 GC heap after
{Heap after GC invocations=21 (full 0):
 garbage-first heap   total 75776K, used 42229K [0x0000000084c00000, 0x0000000100000000)
  region size 1024K, 2 young (2048K), 2 survivors (2048K)
 Metaspace       used 56071K, committed 56768K, reserved 1114112K
  class space    used 6570K, committed 6912K, reserved 1048576K
}

Dll operation events (3 events):
Event: 0.008 Loaded shared library C:\Program Files\Android\Android Studio\jbr\bin\java.dll
Event: 0.013 Loaded shared library C:\Program Files\Android\Android Studio\jbr\bin\zip.dll
Event: 1.572 Loaded shared library C:\Program Files\Android\Android Studio\jbr\bin\verify.dll

Deoptimization events (20 events):
Event: 17.786 Thread 0x0000023629c1b5e0 Uncommon trap: trap_request=0xffffffde fr.pc=0x00000236364baa84 relative=0x00000000000004a4
Event: 17.786 Thread 0x0000023629c1b5e0 Uncommon trap: reason=class_check action=maybe_recompile pc=0x00000236364baa84 method=org.jetbrains.kotlin.com.intellij.psi.impl.source.tree.CompositeElement.getPsi()Lorg/jetbrains/kotlin/com/intellij/psi/PsiElement; @ 15 c2
Event: 17.786 Thread 0x0000023629c1b5e0 DEOPT PACKING pc=0x00000236364baa84 sp=0x0000007b683f91e0
Event: 17.786 Thread 0x0000023629c1b5e0 DEOPT UNPACKING pc=0x0000023635c37da2 sp=0x0000007b683f91a8 mode 2
Event: 17.807 Thread 0x0000023629c1b5e0 Uncommon trap: trap_request=0xffffffde fr.pc=0x00000236364baa84 relative=0x00000000000004a4
Event: 17.807 Thread 0x0000023629c1b5e0 Uncommon trap: reason=class_check action=maybe_recompile pc=0x00000236364baa84 method=org.jetbrains.kotlin.com.intellij.psi.impl.source.tree.CompositeElement.getPsi()Lorg/jetbrains/kotlin/com/intellij/psi/PsiElement; @ 15 c2
Event: 17.807 Thread 0x0000023629c1b5e0 DEOPT PACKING pc=0x00000236364baa84 sp=0x0000007b683f9170
Event: 17.807 Thread 0x0000023629c1b5e0 DEOPT UNPACKING pc=0x0000023635c37da2 sp=0x0000007b683f9138 mode 2
Event: 17.813 Thread 0x0000023629c1b5e0 Uncommon trap: trap_request=0xffffffde fr.pc=0x00000236364baa84 relative=0x00000000000004a4
Event: 17.813 Thread 0x0000023629c1b5e0 Uncommon trap: reason=class_check action=maybe_recompile pc=0x00000236364baa84 method=org.jetbrains.kotlin.com.intellij.psi.impl.source.tree.CompositeElement.getPsi()Lorg/jetbrains/kotlin/com/intellij/psi/PsiElement; @ 15 c2
Event: 17.813 Thread 0x0000023629c1b5e0 DEOPT PACKING pc=0x00000236364baa84 sp=0x0000007b683f93f0
Event: 17.813 Thread 0x0000023629c1b5e0 DEOPT UNPACKING pc=0x0000023635c37da2 sp=0x0000007b683f93b8 mode 2
Event: 17.819 Thread 0x0000023629c1b5e0 Uncommon trap: trap_request=0xffffff66 fr.pc=0x00000236364d599c relative=0x00000000000002dc
Event: 17.819 Thread 0x0000023629c1b5e0 Uncommon trap: reason=speculate_class_check action=maybe_recompile pc=0x00000236364d599c method=java.util.HashSet.toArray()[Ljava/lang/Object; @ 14 c2
Event: 17.819 Thread 0x0000023629c1b5e0 DEOPT PACKING pc=0x00000236364d599c sp=0x0000007b683f9320
Event: 17.819 Thread 0x0000023629c1b5e0 DEOPT UNPACKING pc=0x0000023635c37da2 sp=0x0000007b683f92f0 mode 2
Event: 17.826 Thread 0x0000023629c1b5e0 Uncommon trap: trap_request=0xffffff45 fr.pc=0x0000023636451dd4 relative=0x0000000000000094
Event: 17.826 Thread 0x0000023629c1b5e0 Uncommon trap: reason=unstable_if action=reinterpret pc=0x0000023636451dd4 method=org.jetbrains.kotlin.types.error.ErrorUtils.isError(Lorg/jetbrains/kotlin/descriptors/DeclarationDescriptor;)Z @ 26 c2
Event: 17.826 Thread 0x0000023629c1b5e0 DEOPT PACKING pc=0x0000023636451dd4 sp=0x0000007b683fa970
Event: 17.826 Thread 0x0000023629c1b5e0 DEOPT UNPACKING pc=0x0000023635c37da2 sp=0x0000007b683fa910 mode 2

Classes loaded (20 events):
Event: 4.170 Loading class java/util/stream/ReferencePipeline$2$1
Event: 4.170 Loading class java/util/stream/ReferencePipeline$2$1 done
Event: 4.170 Loading class java/util/stream/IntPipeline$1$1
Event: 4.170 Loading class java/util/stream/Sink$ChainedInt
Event: 4.170 Loading class java/util/stream/Sink$OfInt
Event: 4.170 Loading class java/util/function/IntConsumer
Event: 4.170 Loading class java/util/function/IntConsumer done
Event: 4.170 Loading class java/util/stream/Sink$OfInt done
Event: 4.170 Loading class java/util/stream/Sink$ChainedInt done
Event: 4.170 Loading class java/util/stream/IntPipeline$1$1 done
Event: 4.228 Loading class java/text/StringCharacterIterator
Event: 4.228 Loading class java/text/CharacterIterator
Event: 4.228 Loading class java/text/CharacterIterator done
Event: 4.228 Loading class java/text/StringCharacterIterator done
Event: 5.642 Loading class java/util/RegularEnumSet$EnumSetIterator
Event: 5.643 Loading class java/util/RegularEnumSet$EnumSetIterator done
Event: 6.894 Loading class java/util/Collections$SingletonMap
Event: 6.894 Loading class java/util/Collections$SingletonMap done
Event: 17.819 Loading class java/util/ComparableTimSort
Event: 17.819 Loading class java/util/ComparableTimSort done

Classes unloaded (0 events):
No events

Classes redefined (0 events):
No events

Internal exceptions (20 events):
Event: 3.198 Thread 0x0000023629c1b5e0 Exception <a 'java/lang/NoSuchMethodError'{0x0000000086bae920}: 'java.lang.Object java.lang.invoke.DelegatingMethodHandle$Holder.reinvoke_L(java.lang.Object, java.lang.Object, java.lang.Object, java.lang.Object, java.lang.Object, java.lang.Object, java.lang.Object, java.lang.Object, java.lang.Object, java.lang.Object, java.lang.Object, java.lang.Object, java.lang.Object, java.lang.Object, java.lang.Object, java.lang.Object, java.lang.Object, java.lang.Object)'> (0x0000000086bae920) 
thrown [s\src\hotspot\s
Event: 3.207 Thread 0x0000023629c1b5e0 Exception <a 'java/lang/NoSuchMethodError'{0x0000000086a3dcb8}: 'java.lang.Object java.lang.invoke.DirectMethodHandle$Holder.newInvokeSpecial(java.lang.Object, java.lang.Object, java.lang.Object, java.lang.Object, java.lang.Object, java.lang.Object, java.lang.Object, java.lang.Object, java.lang.Object, java.lang.Object, java.lang.Object, java.lang.Object, java.lang.Object, java.lang.Object, java.lang.Object, java.lang.Object, java.lang.Object, java.lang.Object, java.lang.Object, java.lang.Object, java.lang
Event: 3.208 Thread 0x0000023629c1b5e0 Exception <a 'java/lang/NoSuchMethodError'{0x0000000086a44ab0}: 'java.lang.Object java.lang.invoke.DirectMethodHandle$Holder.invokeSpecial(java.lang.Object, java.lang.Object, java.lang.Object, java.lang.Object, java.lang.Object, java.lang.Object, java.lang.Object, java.lang.Object, java.lang.Object, java.lang.Object, java.lang.Object, java.lang.Object, java.lang.Object, java.lang.Object, java.lang.Object, java.lang.Object, java.lang.Object, java.lang.Object, java.lang.Object, java.lang.Object, java.lang.Ob
Event: 3.208 Thread 0x0000023629c1b5e0 Exception <a 'java/lang/NoSuchMethodError'{0x0000000086a4a208}: 'java.lang.Object java.lang.invoke.DelegatingMethodHandle$Holder.reinvoke_L(java.lang.Object, java.lang.Object, java.lang.Object, java.lang.Object, java.lang.Object, java.lang.Object, java.lang.Object, java.lang.Object, java.lang.Object, java.lang.Object, java.lang.Object, java.lang.Object, java.lang.Object, java.lang.Object, java.lang.Object, java.lang.Object, java.lang.Object, java.lang.Object, java.lang.Object, java.lang.Object, java.lang.O
Event: 3.214 Thread 0x0000023629c1b5e0 Exception <a 'java/lang/NoSuchMethodError'{0x0000000086916170}: 'java.lang.Object java.lang.invoke.DirectMethodHandle$Holder.invokeStatic(java.lang.Object, java.lang.Object, java.lang.Object, java.lang.Object, java.lang.Object, java.lang.Object, java.lang.Object, java.lang.Object, java.lang.Object, java.lang.Object, java.lang.Object, java.lang.Object, java.lang.Object, java.lang.Object, java.lang.Object, java.lang.Object, java.lang.Object, java.lang.Object, java.lang.Object, java.lang.Object, java.lang.Obj
Event: 3.216 Thread 0x0000023629c1b5e0 Exception <a 'java/lang/NoSuchMethodError'{0x0000000086948000}: 'java.lang.Object java.lang.invoke.DirectMethodHandle$Holder.invokeStatic(java.lang.Object, java.lang.Object, java.lang.Object, java.lang.Object, java.lang.Object, java.lang.Object, java.lang.Object, java.lang.Object, java.lang.Object, java.lang.Object, java.lang.Object, java.lang.Object, java.lang.Object, java.lang.Object, java.lang.Object, java.lang.Object, java.lang.Object, java.lang.Object, java.lang.Object, java.lang.Object, java.lang.Obj
Event: 3.224 Thread 0x0000023629c1b5e0 Exception <a 'java/lang/NoSuchMethodError'{0x00000000869a9180}: 'java.lang.Object java.lang.invoke.DirectMethodHandle$Holder.newInvokeSpecial(java.lang.Object, java.lang.Object, java.lang.Object, java.lang.Object, java.lang.Object, java.lang.Object, java.lang.Object, java.lang.Object, java.lang.Object, java.lang.Object, java.lang.Object, java.lang.Object, java.lang.Object)'> (0x00000000869a9180) 
thrown [s\src\hotspot\share\interpreter\linkResolver.cpp, line 784]
Event: 3.224 Thread 0x0000023629c1b5e0 Exception <a 'java/lang/NoSuchMethodError'{0x00000000869ae338}: 'java.lang.Object java.lang.invoke.DirectMethodHandle$Holder.invokeSpecial(java.lang.Object, java.lang.Object, java.lang.Object, java.lang.Object, java.lang.Object, java.lang.Object, java.lang.Object, java.lang.Object, java.lang.Object, java.lang.Object, java.lang.Object, java.lang.Object, java.lang.Object, java.lang.Object)'> (0x00000000869ae338) 
thrown [s\src\hotspot\share\interpreter\linkResolver.cpp, line 784]
Event: 3.224 Thread 0x0000023629c1b5e0 Exception <a 'java/lang/NoSuchMethodError'{0x00000000869b2868}: 'java.lang.Object java.lang.invoke.DelegatingMethodHandle$Holder.reinvoke_L(java.lang.Object, java.lang.Object, java.lang.Object, java.lang.Object, java.lang.Object, java.lang.Object, java.lang.Object, java.lang.Object, java.lang.Object, java.lang.Object, java.lang.Object, java.lang.Object, java.lang.Object)'> (0x00000000869b2868) 
thrown [s\src\hotspot\share\interpreter\linkResolver.cpp, line 784]
Event: 3.477 Thread 0x0000023629c1b5e0 Exception <a 'java/lang/NoSuchMethodError'{0x00000000879fa050}: 'java.lang.Object java.lang.invoke.DirectMethodHandle$Holder.newInvokeSpecial(java.lang.Object, java.lang.Object, int)'> (0x00000000879fa050) 
thrown [s\src\hotspot\share\interpreter\linkResolver.cpp, line 784]
Event: 3.598 Thread 0x0000023629c1b5e0 Exception <a 'java/lang/NoSuchMethodError'{0x00000000877f2e60}: 'java.lang.Object java.lang.invoke.DirectMethodHandle$Holder.newInvokeSpecial(java.lang.Object, java.lang.Object, java.lang.Object, int)'> (0x00000000877f2e60) 
thrown [s\src\hotspot\share\interpreter\linkResolver.cpp, line 784]
Event: 3.599 Thread 0x0000023629c1b5e0 Exception <a 'java/lang/NoSuchMethodError'{0x00000000877f6f90}: 'java.lang.Object java.lang.invoke.DirectMethodHandle$Holder.invokeSpecial(java.lang.Object, java.lang.Object, java.lang.Object, java.lang.Object, int)'> (0x00000000877f6f90) 
thrown [s\src\hotspot\share\interpreter\linkResolver.cpp, line 784]
Event: 3.599 Thread 0x0000023629c1b5e0 Exception <a 'java/lang/NoSuchMethodError'{0x00000000877fac28}: 'java.lang.Object java.lang.invoke.Invokers$Holder.linkToTargetMethod(java.lang.Object, java.lang.Object, int, java.lang.Object)'> (0x00000000877fac28) 
thrown [s\src\hotspot\share\interpreter\linkResolver.cpp, line 784]
Event: 5.630 Thread 0x0000023629c1b5e0 Exception <a 'java/lang/NoSuchMethodError'{0x0000000087cf8ef8}: 'java.lang.Object java.lang.invoke.DirectMethodHandle$Holder.invokeSpecial(java.lang.Object, java.lang.Object, java.lang.Object, java.lang.Object, java.lang.Object, java.lang.Object, int)'> (0x0000000087cf8ef8) 
thrown [s\src\hotspot\share\interpreter\linkResolver.cpp, line 784]
Event: 5.711 Thread 0x0000023629c1b5e0 Implicit null exception at 0x00000236363c4d12 to 0x00000236363c51dc
Event: 6.634 Thread 0x0000023629c1b5e0 Exception <a 'java/lang/NoSuchMethodError'{0x00000000875193e8}: 'java.lang.Object java.lang.invoke.DirectMethodHandle$Holder.invokeStaticInit(java.lang.Object, java.lang.Object, java.lang.Object)'> (0x00000000875193e8) 
thrown [s\src\hotspot\share\interpreter\linkResolver.cpp, line 784]
Event: 9.940 Thread 0x0000023629c1b5e0 Implicit null exception at 0x00000236361d509a to 0x00000236361d529c
Event: 9.940 Thread 0x0000023629c1b5e0 Implicit null exception at 0x00000236362272bd to 0x0000023636227339
Event: 11.435 Thread 0x0000023629c1b5e0 Exception <a 'java/lang/NoSuchMethodError'{0x000000008769dec8}: 'java.lang.Object java.lang.invoke.DirectMethodHandle$Holder.newInvokeSpecial(java.lang.Object, int, java.lang.Object)'> (0x000000008769dec8) 
thrown [s\src\hotspot\share\interpreter\linkResolver.cpp, line 784]
Event: 17.579 Thread 0x0000023629c1b5e0 Implicit null exception at 0x0000023636253f6f to 0x0000023636254444

ZGC Phase Switch (0 events):
No events

VM Operations (20 events):
Event: 16.380 Executing VM operation: HandshakeAllThreads (Deoptimize)
Event: 16.380 Executing VM operation: HandshakeAllThreads (Deoptimize) done
Event: 17.118 Executing VM operation: HandshakeAllThreads (Deoptimize)
Event: 17.118 Executing VM operation: HandshakeAllThreads (Deoptimize) done
Event: 17.118 Executing VM operation: Cleanup
Event: 17.118 Executing VM operation: Cleanup done
Event: 17.227 Executing VM operation: HandshakeAllThreads (Deoptimize)
Event: 17.227 Executing VM operation: HandshakeAllThreads (Deoptimize) done
Event: 17.266 Executing VM operation: HandshakeAllThreads (Deoptimize)
Event: 17.266 Executing VM operation: HandshakeAllThreads (Deoptimize) done
Event: 17.419 Executing VM operation: G1CollectForAllocation (G1 Evacuation Pause)
Event: 17.426 Executing VM operation: G1CollectForAllocation (G1 Evacuation Pause) done
Event: 17.594 Executing VM operation: HandshakeAllThreads (Deoptimize)
Event: 17.594 Executing VM operation: HandshakeAllThreads (Deoptimize) done
Event: 17.614 Executing VM operation: HandshakeAllThreads (Deoptimize)
Event: 17.614 Executing VM operation: HandshakeAllThreads (Deoptimize) done
Event: 17.796 Executing VM operation: HandshakeAllThreads (Deoptimize)
Event: 17.796 Executing VM operation: HandshakeAllThreads (Deoptimize) done
Event: 17.817 Executing VM operation: HandshakeAllThreads (Deoptimize)
Event: 17.817 Executing VM operation: HandshakeAllThreads (Deoptimize) done

Events (20 events):
Event: 15.826 Thread 0x00000236429e6990 flushing nmethod 0x0000023636268910
Event: 15.826 Thread 0x00000236429e6990 flushing nmethod 0x000002363622e810
Event: 15.826 Thread 0x00000236429e6990 flushing nmethod 0x0000023636252b90
Event: 15.826 Thread 0x00000236429e6990 flushing nmethod 0x000002363624fd90
Event: 15.826 Thread 0x00000236429e6990 flushing nmethod 0x0000023636240710
Event: 15.826 Thread 0x00000236429e6990 flushing nmethod 0x0000023636202a90
Event: 15.826 Thread 0x00000236429e6990 flushing nmethod 0x000002363622cf90
Event: 15.826 Thread 0x00000236429e6990 flushing nmethod 0x0000023636226310
Event: 15.826 Thread 0x00000236429e6990 flushing nmethod 0x0000023636223e10
Event: 15.826 Thread 0x00000236429e6990 flushing nmethod 0x00000236361ff010
Event: 15.826 Thread 0x00000236429e6990 flushing nmethod 0x0000023636219d10
Event: 15.826 Thread 0x00000236429e6990 flushing nmethod 0x00000236361fd910
Event: 15.826 Thread 0x00000236429e6990 flushing nmethod 0x00000236361ee190
Event: 15.826 Thread 0x00000236429e6990 flushing nmethod 0x00000236361eb710
Event: 15.826 Thread 0x00000236429e6990 flushing nmethod 0x00000236361e2010
Event: 15.826 Thread 0x00000236429e6990 flushing nmethod 0x00000236361ded90
Event: 15.826 Thread 0x00000236429e6990 flushing nmethod 0x000002363619fa10
Event: 15.826 Thread 0x00000236429e6990 flushing nmethod 0x0000023636186c10
Event: 16.004 Thread 0x00000236472b4c50 Thread exited: 0x00000236472b4c50
Event: 17.426 Thread 0x0000023647170160 Thread added: 0x0000023647170160


Dynamic libraries:
0x00007ff620270000 - 0x00007ff62027a000 	C:\Program Files\Android\Android Studio\jbr\bin\java.exe
0x00007ffcb1cd0000 - 0x00007ffcb1ee7000 	C:\WINDOWS\SYSTEM32\ntdll.dll
0x00007ffcb1050000 - 0x00007ffcb1114000 	C:\WINDOWS\System32\KERNEL32.DLL
0x00007ffcaf1c0000 - 0x00007ffcaf593000 	C:\WINDOWS\System32\KERNELBASE.dll
0x00007ffcaef80000 - 0x00007ffcaf091000 	C:\WINDOWS\System32\ucrtbase.dll
0x00007ffc91f00000 - 0x00007ffc91f18000 	C:\Program Files\Android\Android Studio\jbr\bin\jli.dll
0x00007ffc95c30000 - 0x00007ffc95c4b000 	C:\Program Files\Android\Android Studio\jbr\bin\VCRUNTIME140.dll
0x00007ffcb13b0000 - 0x00007ffcb1561000 	C:\WINDOWS\System32\USER32.dll
0x00007ffcaeea0000 - 0x00007ffcaeec6000 	C:\WINDOWS\System32\win32u.dll
0x00007ffcb1a10000 - 0x00007ffcb1a39000 	C:\WINDOWS\System32\GDI32.dll
0x00007ffcaf0a0000 - 0x00007ffcaf1bb000 	C:\WINDOWS\System32\gdi32full.dll
0x00007ffcaf5a0000 - 0x00007ffcaf63a000 	C:\WINDOWS\System32\msvcp_win.dll
0x00007ffc99820000 - 0x00007ffc99ab8000 	C:\WINDOWS\WinSxS\amd64_microsoft.windows.common-controls_6595b64144ccf1df_6.0.22621.5124_none_270e8f4f7386d69d\COMCTL32.dll
0x00007ffcb1b50000 - 0x00007ffcb1bf7000 	C:\WINDOWS\System32\msvcrt.dll
0x00007ffcafb90000 - 0x00007ffcafbc1000 	C:\WINDOWS\System32\IMM32.DLL
0x00007ffc992b0000 - 0x00007ffc992bc000 	C:\Program Files\Android\Android Studio\jbr\bin\vcruntime140_1.dll
0x00007ffc6a920000 - 0x00007ffc6a9ad000 	C:\Program Files\Android\Android Studio\jbr\bin\msvcp140.dll
0x00007ffc35880000 - 0x00007ffc364fd000 	C:\Program Files\Android\Android Studio\jbr\bin\server\jvm.dll
0x00007ffcb0f90000 - 0x00007ffcb1041000 	C:\WINDOWS\System32\ADVAPI32.dll
0x00007ffcb1120000 - 0x00007ffcb11c8000 	C:\WINDOWS\System32\sechost.dll
0x00007ffcaef50000 - 0x00007ffcaef78000 	C:\WINDOWS\System32\bcrypt.dll
0x00007ffcb0e50000 - 0x00007ffcb0f64000 	C:\WINDOWS\System32\RPCRT4.dll
0x00007ffcb1330000 - 0x00007ffcb13a1000 	C:\WINDOWS\System32\WS2_32.dll
0x00007ffcadc60000 - 0x00007ffcadcad000 	C:\WINDOWS\SYSTEM32\POWRPROF.dll
0x00007ffca7580000 - 0x00007ffca75b4000 	C:\WINDOWS\SYSTEM32\WINMM.dll
0x00007ffca5930000 - 0x00007ffca593a000 	C:\WINDOWS\SYSTEM32\VERSION.dll
0x00007ffcadc40000 - 0x00007ffcadc53000 	C:\WINDOWS\SYSTEM32\UMPDC.dll
0x00007ffcadf00000 - 0x00007ffcadf18000 	C:\WINDOWS\SYSTEM32\kernel.appcore.dll
0x00007ffc990c0000 - 0x00007ffc990ca000 	C:\Program Files\Android\Android Studio\jbr\bin\jimage.dll
0x00007ffcac710000 - 0x00007ffcac942000 	C:\WINDOWS\SYSTEM32\DBGHELP.DLL
0x00007ffcb1670000 - 0x00007ffcb1a02000 	C:\WINDOWS\System32\combase.dll
0x00007ffcb02d0000 - 0x00007ffcb03a7000 	C:\WINDOWS\System32\OLEAUT32.dll
0x00007ffca4b20000 - 0x00007ffca4b52000 	C:\WINDOWS\SYSTEM32\dbgcore.DLL
0x00007ffcaf640000 - 0x00007ffcaf6bb000 	C:\WINDOWS\System32\bcryptPrimitives.dll
0x00007ffc92cb0000 - 0x00007ffc92ccf000 	C:\Program Files\Android\Android Studio\jbr\bin\java.dll
0x00007ffc829e0000 - 0x00007ffc829f8000 	C:\Program Files\Android\Android Studio\jbr\bin\zip.dll
0x00007ffcb05b0000 - 0x00007ffcb0e46000 	C:\WINDOWS\System32\SHELL32.dll
0x00007ffcaf830000 - 0x00007ffcaf96f000 	C:\WINDOWS\System32\wintypes.dll
0x00007ffcacd10000 - 0x00007ffcad62a000 	C:\WINDOWS\SYSTEM32\windows.storage.dll
0x00007ffcb0440000 - 0x00007ffcb054a000 	C:\WINDOWS\System32\SHCORE.dll
0x00007ffcafb20000 - 0x00007ffcafb83000 	C:\WINDOWS\System32\shlwapi.dll
0x00007ffcaed10000 - 0x00007ffcaed3b000 	C:\WINDOWS\SYSTEM32\profapi.dll
0x00007ffc95b20000 - 0x00007ffc95b30000 	C:\Program Files\Android\Android Studio\jbr\bin\net.dll
0x00007ffca5590000 - 0x00007ffca56bc000 	C:\WINDOWS\SYSTEM32\WINHTTP.dll
0x00007ffcae380000 - 0x00007ffcae3ea000 	C:\WINDOWS\system32\mswsock.dll
0x00007ffc827a0000 - 0x00007ffc827b6000 	C:\Program Files\Android\Android Studio\jbr\bin\nio.dll
0x00007ffc914b0000 - 0x00007ffc914c0000 	C:\Program Files\Android\Android Studio\jbr\bin\verify.dll

dbghelp: loaded successfully - version: 4.0.5 - missing functions: none
symbol engine: initialized successfully - sym options: 0x614 - pdb path: .;C:\Program Files\Android\Android Studio\jbr\bin;C:\WINDOWS\SYSTEM32;C:\WINDOWS\WinSxS\amd64_microsoft.windows.common-controls_6595b64144ccf1df_6.0.22621.5124_none_270e8f4f7386d69d;C:\Program Files\Android\Android Studio\jbr\bin\server

VM Arguments:
java_command: org.jetbrains.kotlin.cli.jvm.K2JVMCompiler @C:\Users\dinis\AndroidStudioProjects\BrainBrawl\app\build\20250414_4103023351038887130.compiler.options
java_class_path (initial): C:\Users\dinis\.gradle\caches\modules-2\files-2.1\org.jetbrains.kotlin\kotlin-compiler-embeddable\1.9.0\2c8c3a7402becca891f12739b3e9fd2dc2adbd7a\kotlin-compiler-embeddable-1.9.0.jar;C:\Users\dinis\.gradle\caches\modules-2\files-2.1\org.jetbrains.kotlin\kotlin-stdlib\1.9.0\8ee15ef0c67dc83d874f412d84378d7f0eb50b63\kotlin-stdlib-1.9.0.jar;C:\Users\dinis\.gradle\caches\modules-2\files-2.1\org.jetbrains.kotlin\kotlin-script-runtime\1.9.0\4b3102cbbb7e1b58d9d1adf89563f00069ffa7d1\kotlin-script-runtime-1.9.0.jar;C:\Users\dinis\.gradle\caches\modules-2\files-2.1\org.jetbrains.kotlin\kotlin-reflect\1.6.10\1cbe9c92c12a94eea200d23c2bbaedaf3daf5132\kotlin-reflect-1.6.10.jar;C:\Users\dinis\.gradle\caches\modules-2\files-2.1\org.jetbrains.kotlin\kotlin-daemon-embeddable\1.9.0\186543f5e28cf8d9a0290fecc2cf34301c40a65c\kotlin-daemon-embeddable-1.9.0.jar;C:\Users\dinis\.gradle\caches\modules-2\files-2.1\org.jetbrains.intellij.deps\trove4j\1.0.20200330\3afb14d5f9ceb459d724e907a21145e8ff394f02\trove4j-1.0.20200330.jar;C:\Users\dinis\.gradle\caches\modules-2\files-2.1\org.jetbrains.kotlin\kotlin-stdlib-common\1.9.0\cd65c21cfd1eec4d44ef09f9f52b6d9f8a720636\kotlin-stdlib-common-1.9.0.jar;C:\Users\dinis\.gradle\caches\modules-2\files-2.1\org.jetbrains\annotations\13.0\919f0dfe192fb4e063e7dacadee7f8bb9a2672a9\annotations-13.0.jar
Launcher Type: SUN_STANDARD

[Global flags]
     intx CICompilerCount                          = 3                                         {product} {ergonomic}
     uint ConcGCThreads                            = 1                                         {product} {ergonomic}
     uint G1ConcRefinementThreads                  = 4                                         {product} {ergonomic}
   size_t G1HeapRegionSize                         = 1048576                                   {product} {ergonomic}
    uintx GCDrainStackTargetSize                   = 64                                        {product} {ergonomic}
   size_t InitialHeapSize                          = 130023424                                 {product} {ergonomic}
   size_t MarkStackSize                            = 4194304                                   {product} {ergonomic}
   size_t MaxHeapSize                              = 2067791872                                {product} {ergonomic}
   size_t MaxNewSize                               = 1240465408                                {product} {ergonomic}
   size_t MinHeapDeltaBytes                        = 1048576                                   {product} {ergonomic}
   size_t MinHeapSize                              = 8388608                                   {product} {ergonomic}
    uintx NonNMethodCodeHeapSize                   = 5832780                                {pd product} {ergonomic}
    uintx NonProfiledCodeHeapSize                  = 122912730                              {pd product} {ergonomic}
    uintx ProfiledCodeHeapSize                     = 122912730                              {pd product} {ergonomic}
    uintx ReservedCodeCacheSize                    = 251658240                              {pd product} {ergonomic}
     bool SegmentedCodeCache                       = true                                      {product} {ergonomic}
   size_t SoftMaxHeapSize                          = 2067791872                             {manageable} {ergonomic}
     bool UseCompressedOops                        = true                           {product lp64_product} {ergonomic}
     bool UseG1GC                                  = true                                      {product} {ergonomic}
     bool UseLargePagesIndividualAllocation        = false                                  {pd product} {ergonomic}

Logging:
Log output configuration:
 #0: stdout all=warning uptime,level,tags foldmultilines=false
 #1: stderr all=off uptime,level,tags foldmultilines=false

Environment Variables:
JAVA_HOME=C:\Program Files\Java\jdk-21
PATH=C:\Program Files\Common Files\Oracle\Java\javapath;C:\Python313\Scripts\;C:\Python313\;C:\Program Files (x86)\Razer Chroma SDK\bin;C:\Program Files\Razer Chroma SDK\bin;C:\Program Files (x86)\Razer\ChromaBroadcast\bin;C:\Program Files\Razer\ChromaBroadcast\bin;C:\WINDOWS\system32;C:\WINDOWS;C:\WINDOWS\System32\Wbem;C:\WINDOWS\System32\WindowsPowerShell\v1.0\;C:\WINDOWS\System32\OpenSSH\;C:\msys64\mingw64\bin;C:\WINDOWS\system32\config\systemprofile\AppData\Local\Microsoft\WindowsApps;C:\Program Files\dotnet\;C:\xampp\php;C:\xampp\php\php.exe;C:\ProgramData\ComposerSetup\bin;c:\Users\dinis\AppData\Local\Programs\cursor\resources\app\bin;C:\Program Files\nodejs\;C:\ProgramData\chocolatey\bin;C:\Program Files\Git\cmd;C:\Program Files\Microsoft SQL Server\150\Tools\Binn\;C:\Program Files\Microsoft SQL Server\Client SDK\ODBC\170\Tools\Binn\;C:\Users\dinis\AppData\Local\Programs\Python\Launcher\;C:\Users\dinis\AppData\Local\Microsoft\WindowsApps;C:\Users\dinis\AppData\Local\Programs\Microsoft VS Code\bin;C:\Program Files\JetBrains\PyCharm Community Edition 2023.1\bin;;C:\Users\dinis\AppData\Local\GitHubDesktop\bin;C:\Users\dinis\AppData\Roaming\Composer\vendor\bin;C:\Users\dinis\AppData\Roaming\npm;C:\Program Files\Java\jdk-21\bin;C:\Users\dinis\.dotnet\tools
USERNAME=dinis
OS=Windows_NT
PROCESSOR_IDENTIFIER=Intel64 Family 6 Model 126 Stepping 5, GenuineIntel
TMP=C:\Users\dinis\AppData\Local\Temp
TEMP=C:\Users\dinis\AppData\Local\Temp




Periodic native trim disabled

JNI global refs:
JNI global refs: 11, weak refs: 3

JNI global refs memory usage: 835, weak refs: 833

Process memory usage:
Resident Set Size: 235196K (2% of 8069924K total physical memory with 715784K free physical memory)

OOME stack traces (most recent first):
Classloader memory used:
Loader jdk.internal.loader.ClassLoaders$AppClassLoader                                 : 46543K
Loader bootstrap                                                                       : 12312K

---------------  S Y S T E M  ---------------

OS:
 Windows 11 , 64 bit Build 22621 (10.0.22621.5124)
OS uptime: 2 days 20:43 hours

CPU: total 4 (initial active 4) (2 cores per cpu, 2 threads per core) family 6 model 126 stepping 5 microcode 0xa0, cx8, cmov, fxsr, ht, mmx, 3dnowpref, sse, sse2, sse3, ssse3, sse4.1, sse4.2, popcnt, lzcnt, tsc, tscinvbit, avx, avx2, aes, erms, clmul, bmi1, bmi2, adx, avx512f, avx512dq, avx512cd, avx512bw, avx512vl, sha, fma, vzeroupper, avx512_vpopcntdq, avx512_vpclmulqdq, avx512_vaes, avx512_vnni, clflush, clflushopt, avx512_vbmi2, avx512_vbmi, rdtscp, rdpid, fsrm, gfni, avx512_bitalg, f16c, pku, avx512_ifma
Processor Information for all 4 processors :
  Max Mhz: 1190, Current Mhz: 1190, Mhz Limit: 1190

Memory: 4k page, system-wide physical 7880M (700M free)
TotalPageFile size 32456M (AvailPageFile size 6M)
current process WorkingSet (physical memory assigned to process): 230M, peak: 239M
current process commit charge ("private bytes"): 256M, peak: 268M

vm_info: OpenJDK 64-Bit Server VM (21.0.3+-12282718-b509.11) for windows-amd64 JRE (21.0.3+-12282718-b509.11), built on 2024-08-27T17:34:15Z by "builder" with MS VC++ 16.10 / 16.11 (VS2019)

END.
