#
# There is insufficient memory for the Java Runtime Environment to continue.
# Native memory allocation (mmap) failed to map 10485760 bytes. Error detail: G1 virtual space
# Possible reasons:
#   The system is out of physical RAM or swap space
#   This process is running with CompressedOops enabled, and the Java Heap may be blocking the growth of the native heap
# Possible solutions:
#   Reduce memory load on the system
#   Increase physical memory or swap space
#   Check if swap backing store is full
#   Decrease Java heap size (-Xmx/-Xms)
#   Decrease number of Java threads
#   Decrease Java thread stack sizes (-Xss)
#   Set larger code cache with -XX:ReservedCodeCacheSize=
#   JVM is running with Unscaled Compressed Oops mode in which the Java heap is
#     placed in the first 4GB address space. The Java Heap base address is the
#     maximum limit for the native heap growth. Please use -XX:HeapBaseMinAddress
#     to set the Java Heap base and to place the Java Heap above 4GB virtual address.
# This output file may be truncated or incomplete.
#
#  Out of Memory Error (os_windows.cpp:3815), pid=44204, tid=19880
#
# JRE version: OpenJDK Runtime Environment (21.0.3) (build 21.0.3+-12282718-b509.11)
# Java VM: OpenJDK 64-Bit Server VM (21.0.3+-12282718-b509.11, mixed mode, tiered, compressed oops, compressed class ptrs, g1 gc, windows-amd64)
# No core dump will be written. Minidumps are not enabled by default on client versions of Windows
#

---------------  S U M M A R Y ------------

Command Line: org.jetbrains.kotlin.cli.jvm.K2JVMCompiler @C:\Users\dinis\AndroidStudioProjects\BrainBrawl\app\build\20250414_8335062791699183900.compiler.options

Host: Intel(R) Core(TM) i3-1005G1 CPU @ 1.20GHz, 4 cores, 7G,  Windows 11 , 64 bit Build 22621 (10.0.22621.5124)
Time: Mon Apr 14 10:05:57 2025 Hora de Verão de GMT elapsed time: 7.315645 seconds (0d 0h 0m 7s)

---------------  T H R E A D  ---------------

Current thread (0x000002189b209950):  VMThread "VM Thread"          [id=19880, stack(0x000000ae24700000,0x000000ae24800000) (1024K)]

Stack: [0x000000ae24700000,0x000000ae24800000]
Native frames: (J=compiled Java code, j=interpreted, Vv=VM code, C=native code)
V  [jvm.dll+0x6cafb9]
V  [jvm.dll+0x858523]
V  [jvm.dll+0x85aa7e]
V  [jvm.dll+0x85b163]
V  [jvm.dll+0x27d356]
V  [jvm.dll+0x6c7865]
V  [jvm.dll+0x6bbd3a]
V  [jvm.dll+0x35199b]
V  [jvm.dll+0x3595d6]
V  [jvm.dll+0x3aa826]
V  [jvm.dll+0x3aaaf8]
V  [jvm.dll+0x3240bc]
V  [jvm.dll+0x324147]
V  [jvm.dll+0x36a00c]
V  [jvm.dll+0x36879e]
V  [jvm.dll+0x3237c1]
V  [jvm.dll+0x367eb0]
V  [jvm.dll+0x860ac8]
V  [jvm.dll+0x861bc4]
V  [jvm.dll+0x862100]
V  [jvm.dll+0x862393]
V  [jvm.dll+0x800d78]
V  [jvm.dll+0x6c98cd]
C  [ucrtbase.dll+0x29333]
C  [KERNEL32.DLL+0x1259d]
C  [ntdll.dll+0x5af38]

VM_Operation (0x000000ae240f6e10): G1CollectForAllocation, mode: safepoint, requested by thread 0x000002188227dc90


---------------  P R O C E S S  ---------------

Threads class SMR info:
_java_thread_list=0x00000218a0d316d0, length=12, elements={
0x000002188227dc90, 0x000002189b3aef60, 0x000002189b3b0090, 0x000002189b38c860,
0x000002189b38e2d0, 0x000002189b38fd40, 0x000002189b3917b0, 0x000002189b392950,
0x000002189b3ba260, 0x000002189b556ea0, 0x000002189b564650, 0x00000218a1210fa0
}

Java Threads: ( => current thread )
  0x000002188227dc90 JavaThread "main"                              [_thread_blocked, id=36192, stack(0x000000ae24000000,0x000000ae24100000) (1024K)]
  0x000002189b3aef60 JavaThread "Reference Handler"          daemon [_thread_blocked, id=8492, stack(0x000000ae24800000,0x000000ae24900000) (1024K)]
  0x000002189b3b0090 JavaThread "Finalizer"                  daemon [_thread_blocked, id=17204, stack(0x000000ae24900000,0x000000ae24a00000) (1024K)]
  0x000002189b38c860 JavaThread "Signal Dispatcher"          daemon [_thread_blocked, id=43784, stack(0x000000ae24a00000,0x000000ae24b00000) (1024K)]
  0x000002189b38e2d0 JavaThread "Attach Listener"            daemon [_thread_blocked, id=38488, stack(0x000000ae24b00000,0x000000ae24c00000) (1024K)]
  0x000002189b38fd40 JavaThread "Service Thread"             daemon [_thread_blocked, id=43844, stack(0x000000ae24c00000,0x000000ae24d00000) (1024K)]
  0x000002189b3917b0 JavaThread "Monitor Deflation Thread"   daemon [_thread_blocked, id=44280, stack(0x000000ae24d00000,0x000000ae24e00000) (1024K)]
  0x000002189b392950 JavaThread "C2 CompilerThread0"         daemon [_thread_blocked, id=41748, stack(0x000000ae24e00000,0x000000ae24f00000) (1024K)]
  0x000002189b3ba260 JavaThread "C1 CompilerThread0"         daemon [_thread_blocked, id=41328, stack(0x000000ae24f00000,0x000000ae25000000) (1024K)]
  0x000002189b556ea0 JavaThread "Notification Thread"        daemon [_thread_blocked, id=26872, stack(0x000000ae25000000,0x000000ae25100000) (1024K)]
  0x000002189b564650 JavaThread "Common-Cleaner"             daemon [_thread_blocked, id=43260, stack(0x000000ae25100000,0x000000ae25200000) (1024K)]
  0x00000218a1210fa0 JavaThread "C2 CompilerThread1"         daemon [_thread_blocked, id=32724, stack(0x000000ae25200000,0x000000ae25300000) (1024K)]
Total: 12

Other Threads:
=>0x000002189b209950 VMThread "VM Thread"                           [id=19880, stack(0x000000ae24700000,0x000000ae24800000) (1024K)]
  0x000002189b170cd0 WatcherThread "VM Periodic Task Thread"        [id=45860, stack(0x000000ae24600000,0x000000ae24700000) (1024K)]
  0x000002188456b000 WorkerThread "GC Thread#0"                     [id=37220, stack(0x000000ae24100000,0x000000ae24200000) (1024K)]
  0x00000218a034b480 WorkerThread "GC Thread#1"                     [id=40168, stack(0x000000ae25300000,0x000000ae25400000) (1024K)]
  0x00000218a037a520 WorkerThread "GC Thread#2"                     [id=39468, stack(0x000000ae25400000,0x000000ae25500000) (1024K)]
  0x00000218a037a8c0 WorkerThread "GC Thread#3"                     [id=44308, stack(0x000000ae25500000,0x000000ae25600000) (1024K)]
  0x000002188457b7d0 ConcurrentGCThread "G1 Main Marker"            [id=37156, stack(0x000000ae24200000,0x000000ae24300000) (1024K)]
  0x000002188457ca70 WorkerThread "G1 Conc#0"                       [id=44464, stack(0x000000ae24300000,0x000000ae24400000) (1024K)]
  0x00000218845dea00 ConcurrentGCThread "G1 Refine#0"               [id=43304, stack(0x000000ae24400000,0x000000ae24500000) (1024K)]
  0x000002189b042710 ConcurrentGCThread "G1 Service"                [id=1436, stack(0x000000ae24500000,0x000000ae24600000) (1024K)]
Total: 10

Threads with active compile tasks:
C1 CompilerThread0     7330 6592       3       org.jetbrains.kotlin.load.java.lazy.types.JavaTypeResolver::transformJavaClassifierType (156 bytes)
Total: 1

VM state: at safepoint (normal execution)

VM Mutex/Monitor currently owned by a thread:  ([mutex/lock_event])
[0x00007ffc364220c8] Threads_lock - owner thread: 0x000002189b209950
[0x00007ffc364221c8] Heap_lock - owner thread: 0x000002188227dc90

Heap address: 0x0000000084c00000, size: 1972 MB, Compressed Oops mode: 32-bit

CDS archive(s) not mapped
Compressed class space mapped at: 0x0000000100000000-0x0000000140000000, reserved size: 1073741824
Narrow klass base: 0x0000000000000000, Narrow klass shift: 3, Narrow klass range: 0x140000000

GC Precious Log:
 CardTable entry size: 512
 Card Set container configuration: InlinePtr #cards 5 size 8 Array Of Cards #cards 12 size 40 Howl #buckets 4 coarsen threshold 1843 Howl Bitmap #cards 512 size 80 coarsen threshold 460 Card regions per heap region 1 cards per card region 2048
 CPUs: 4 total, 4 available
 Memory: 7880M
 Large Page Support: Disabled
 NUMA Support: Disabled
 Compressed Oops: Enabled (32-bit)
 Heap Region Size: 1M
 Heap Min Capacity: 8M
 Heap Initial Capacity: 124M
 Heap Max Capacity: 1972M
 Pre-touch: Disabled
 Parallel Workers: 4
 Concurrent Workers: 1
 Concurrent Refinement Workers: 4
 Periodic GC: Disabled

Heap:
 garbage-first heap   total 128000K, used 43942K [0x0000000084c00000, 0x0000000100000000)
  region size 1024K, 3 young (3072K), 3 survivors (3072K)
 Metaspace       used 61042K, committed 61760K, reserved 1114112K
  class space    used 7275K, committed 7616K, reserved 1048576K

Heap Regions: E=young(eden), S=young(survivor), O=old, HS=humongous(starts), HC=humongous(continues), CS=collection set, F=free, TAMS=top-at-mark-start, PB=parsable bottom
|   0|0x0000000084c00000, 0x0000000084d00000, 0x0000000084d00000|100%|HS|  |TAMS 0x0000000084d00000| PB 0x0000000084c00000| Complete 
|   1|0x0000000084d00000, 0x0000000084e00000, 0x0000000084e00000|100%|HC|  |TAMS 0x0000000084e00000| PB 0x0000000084d00000| Complete 
|   2|0x0000000084e00000, 0x0000000084f00000, 0x0000000084f00000|100%|HC|  |TAMS 0x0000000084f00000| PB 0x0000000084e00000| Complete 
|   3|0x0000000084f00000, 0x0000000085000000, 0x0000000085000000|100%|HC|  |TAMS 0x0000000085000000| PB 0x0000000084f00000| Complete 
|   4|0x0000000085000000, 0x0000000085100000, 0x0000000085100000|100%| O|  |TAMS 0x0000000085100000| PB 0x0000000085000000| Untracked 
|   5|0x0000000085100000, 0x0000000085200000, 0x0000000085200000|100%| O|  |TAMS 0x0000000085200000| PB 0x0000000085100000| Untracked 
|   6|0x0000000085200000, 0x0000000085300000, 0x0000000085300000|100%| O|  |TAMS 0x0000000085300000| PB 0x0000000085200000| Untracked 
|   7|0x0000000085300000, 0x0000000085300000, 0x0000000085400000|  0%| F|  |TAMS 0x0000000085300000| PB 0x0000000085300000| Untracked 
|   8|0x0000000085400000, 0x0000000085500000, 0x0000000085500000|100%| O|  |TAMS 0x0000000085500000| PB 0x0000000085400000| Untracked 
|   9|0x0000000085500000, 0x0000000085600000, 0x0000000085600000|100%| O|  |TAMS 0x0000000085600000| PB 0x0000000085500000| Untracked 
|  10|0x0000000085600000, 0x0000000085700000, 0x0000000085700000|100%| O|  |TAMS 0x0000000085700000| PB 0x0000000085600000| Untracked 
|  11|0x0000000085700000, 0x0000000085800000, 0x0000000085800000|100%| O|  |TAMS 0x0000000085800000| PB 0x0000000085700000| Untracked 
|  12|0x0000000085800000, 0x0000000085900000, 0x0000000085900000|100%| O|  |TAMS 0x0000000085900000| PB 0x0000000085800000| Untracked 
|  13|0x0000000085900000, 0x0000000085900000, 0x0000000085a00000|  0%| F|  |TAMS 0x0000000085900000| PB 0x0000000085900000| Untracked 
|  14|0x0000000085a00000, 0x0000000085b00000, 0x0000000085b00000|100%| O|  |TAMS 0x0000000085b00000| PB 0x0000000085a00000| Untracked 
|  15|0x0000000085b00000, 0x0000000085c00000, 0x0000000085c00000|100%| O|  |TAMS 0x0000000085c00000| PB 0x0000000085b00000| Untracked 
|  16|0x0000000085c00000, 0x0000000085d00000, 0x0000000085d00000|100%| O|  |TAMS 0x0000000085d00000| PB 0x0000000085c00000| Untracked 
|  17|0x0000000085d00000, 0x0000000085e00000, 0x0000000085e00000|100%| O|  |TAMS 0x0000000085e00000| PB 0x0000000085d00000| Untracked 
|  18|0x0000000085e00000, 0x0000000085f00000, 0x0000000085f00000|100%| O|  |TAMS 0x0000000085f00000| PB 0x0000000085e00000| Untracked 
|  19|0x0000000085f00000, 0x0000000086000000, 0x0000000086000000|100%| O|  |TAMS 0x0000000086000000| PB 0x0000000085f00000| Untracked 
|  20|0x0000000086000000, 0x0000000086100000, 0x0000000086100000|100%| O|  |TAMS 0x0000000086100000| PB 0x0000000086000000| Untracked 
|  21|0x0000000086100000, 0x0000000086200000, 0x0000000086200000|100%| O|  |TAMS 0x0000000086200000| PB 0x0000000086100000| Untracked 
|  22|0x0000000086200000, 0x0000000086300000, 0x0000000086300000|100%| O|  |TAMS 0x0000000086300000| PB 0x0000000086200000| Untracked 
|  23|0x0000000086300000, 0x0000000086400000, 0x0000000086400000|100%|HS|  |TAMS 0x0000000086400000| PB 0x0000000086300000| Complete 
|  24|0x0000000086400000, 0x0000000086500000, 0x0000000086500000|100%|HC|  |TAMS 0x0000000086500000| PB 0x0000000086400000| Complete 
|  25|0x0000000086500000, 0x0000000086600000, 0x0000000086600000|100%| O|  |TAMS 0x0000000086600000| PB 0x0000000086500000| Untracked 
|  26|0x0000000086600000, 0x0000000086700000, 0x0000000086700000|100%| O|  |TAMS 0x0000000086700000| PB 0x0000000086600000| Untracked 
|  27|0x0000000086700000, 0x0000000086800000, 0x0000000086800000|100%| O|  |TAMS 0x0000000086800000| PB 0x0000000086700000| Untracked 
|  28|0x0000000086800000, 0x0000000086900000, 0x0000000086900000|100%| O|  |TAMS 0x0000000086900000| PB 0x0000000086800000| Untracked 
|  29|0x0000000086900000, 0x0000000086a00000, 0x0000000086a00000|100%| O|  |TAMS 0x0000000086a00000| PB 0x0000000086900000| Untracked 
|  30|0x0000000086a00000, 0x0000000086b00000, 0x0000000086b00000|100%| O|  |TAMS 0x0000000086b00000| PB 0x0000000086a00000| Untracked 
|  31|0x0000000086b00000, 0x0000000086c00000, 0x0000000086c00000|100%| O|  |TAMS 0x0000000086c00000| PB 0x0000000086b00000| Untracked 
|  32|0x0000000086c00000, 0x0000000086d00000, 0x0000000086d00000|100%| O|  |TAMS 0x0000000086d00000| PB 0x0000000086c00000| Untracked 
|  33|0x0000000086d00000, 0x0000000086e00000, 0x0000000086e00000|100%| O|  |TAMS 0x0000000086e00000| PB 0x0000000086d00000| Untracked 
|  34|0x0000000086e00000, 0x0000000086f00000, 0x0000000086f00000|100%| O|  |TAMS 0x0000000086f00000| PB 0x0000000086e00000| Untracked 
|  35|0x0000000086f00000, 0x0000000087000000, 0x0000000087000000|100%| O|  |TAMS 0x0000000087000000| PB 0x0000000086f00000| Untracked 
|  36|0x0000000087000000, 0x0000000087100000, 0x0000000087100000|100%| O|  |TAMS 0x0000000087100000| PB 0x0000000087000000| Untracked 
|  37|0x0000000087100000, 0x0000000087200000, 0x0000000087200000|100%| O|  |TAMS 0x0000000087200000| PB 0x0000000087100000| Untracked 
|  38|0x0000000087200000, 0x0000000087300000, 0x0000000087300000|100%| O|  |TAMS 0x0000000087300000| PB 0x0000000087200000| Untracked 
|  39|0x0000000087300000, 0x0000000087400000, 0x0000000087400000|100%| O|  |TAMS 0x0000000087400000| PB 0x0000000087300000| Untracked 
|  40|0x0000000087400000, 0x00000000874a14b0, 0x0000000087500000| 63%| O|  |TAMS 0x00000000874a14b0| PB 0x0000000087400000| Untracked 
|  41|0x0000000087500000, 0x0000000087600000, 0x0000000087600000|100%| O|  |TAMS 0x0000000087600000| PB 0x0000000087500000| Untracked 
|  42|0x0000000087600000, 0x0000000087600000, 0x0000000087700000|  0%| F|  |TAMS 0x0000000087600000| PB 0x0000000087600000| Untracked 
|  43|0x0000000087700000, 0x0000000087700000, 0x0000000087800000|  0%| F|  |TAMS 0x0000000087700000| PB 0x0000000087700000| Untracked 
|  44|0x0000000087800000, 0x0000000087800000, 0x0000000087900000|  0%| F|  |TAMS 0x0000000087800000| PB 0x0000000087800000| Untracked 
|  45|0x0000000087900000, 0x00000000879486a0, 0x0000000087a00000| 28%| S|CS|TAMS 0x0000000087900000| PB 0x0000000087900000| Complete 
|  46|0x0000000087a00000, 0x0000000087b00000, 0x0000000087b00000|100%| S|CS|TAMS 0x0000000087a00000| PB 0x0000000087a00000| Complete 
|  47|0x0000000087b00000, 0x0000000087c00000, 0x0000000087c00000|100%| S|CS|TAMS 0x0000000087b00000| PB 0x0000000087b00000| Complete 
|  48|0x0000000087c00000, 0x0000000087c00000, 0x0000000087d00000|  0%| F|  |TAMS 0x0000000087c00000| PB 0x0000000087c00000| Untracked 
|  49|0x0000000087d00000, 0x0000000087d00000, 0x0000000087e00000|  0%| F|  |TAMS 0x0000000087d00000| PB 0x0000000087d00000| Untracked 
|  50|0x0000000087e00000, 0x0000000087e00000, 0x0000000087f00000|  0%| F|  |TAMS 0x0000000087e00000| PB 0x0000000087e00000| Untracked 
|  51|0x0000000087f00000, 0x0000000087f00000, 0x0000000088000000|  0%| F|  |TAMS 0x0000000087f00000| PB 0x0000000087f00000| Untracked 
|  52|0x0000000088000000, 0x0000000088000000, 0x0000000088100000|  0%| F|  |TAMS 0x0000000088000000| PB 0x0000000088000000| Untracked 
|  53|0x0000000088100000, 0x0000000088100000, 0x0000000088200000|  0%| F|  |TAMS 0x0000000088100000| PB 0x0000000088100000| Untracked 
|  54|0x0000000088200000, 0x0000000088200000, 0x0000000088300000|  0%| F|  |TAMS 0x0000000088200000| PB 0x0000000088200000| Untracked 
|  55|0x0000000088300000, 0x0000000088300000, 0x0000000088400000|  0%| F|  |TAMS 0x0000000088300000| PB 0x0000000088300000| Untracked 
|  56|0x0000000088400000, 0x0000000088400000, 0x0000000088500000|  0%| F|  |TAMS 0x0000000088400000| PB 0x0000000088400000| Untracked 
|  57|0x0000000088500000, 0x0000000088500000, 0x0000000088600000|  0%| F|  |TAMS 0x0000000088500000| PB 0x0000000088500000| Untracked 
|  58|0x0000000088600000, 0x0000000088600000, 0x0000000088700000|  0%| F|  |TAMS 0x0000000088600000| PB 0x0000000088600000| Untracked 
|  59|0x0000000088700000, 0x0000000088700000, 0x0000000088800000|  0%| F|  |TAMS 0x0000000088700000| PB 0x0000000088700000| Untracked 
|  60|0x0000000088800000, 0x0000000088800000, 0x0000000088900000|  0%| F|  |TAMS 0x0000000088800000| PB 0x0000000088800000| Untracked 
|  61|0x0000000088900000, 0x0000000088900000, 0x0000000088a00000|  0%| F|  |TAMS 0x0000000088900000| PB 0x0000000088900000| Untracked 
|  62|0x0000000088a00000, 0x0000000088a00000, 0x0000000088b00000|  0%| F|  |TAMS 0x0000000088a00000| PB 0x0000000088a00000| Untracked 
|  63|0x0000000088b00000, 0x0000000088b00000, 0x0000000088c00000|  0%| F|  |TAMS 0x0000000088b00000| PB 0x0000000088b00000| Untracked 
|  64|0x0000000088c00000, 0x0000000088c00000, 0x0000000088d00000|  0%| F|  |TAMS 0x0000000088c00000| PB 0x0000000088c00000| Untracked 
|  65|0x0000000088d00000, 0x0000000088d00000, 0x0000000088e00000|  0%| F|  |TAMS 0x0000000088d00000| PB 0x0000000088d00000| Untracked 
|  66|0x0000000088e00000, 0x0000000088e00000, 0x0000000088f00000|  0%| F|  |TAMS 0x0000000088e00000| PB 0x0000000088e00000| Untracked 
|  67|0x0000000088f00000, 0x0000000088f00000, 0x0000000089000000|  0%| F|  |TAMS 0x0000000088f00000| PB 0x0000000088f00000| Untracked 
|  68|0x0000000089000000, 0x0000000089000000, 0x0000000089100000|  0%| F|  |TAMS 0x0000000089000000| PB 0x0000000089000000| Untracked 
|  69|0x0000000089100000, 0x0000000089100000, 0x0000000089200000|  0%| F|  |TAMS 0x0000000089100000| PB 0x0000000089100000| Untracked 
|  70|0x0000000089200000, 0x0000000089200000, 0x0000000089300000|  0%| F|  |TAMS 0x0000000089200000| PB 0x0000000089200000| Untracked 
|  71|0x0000000089300000, 0x0000000089300000, 0x0000000089400000|  0%| F|  |TAMS 0x0000000089300000| PB 0x0000000089300000| Untracked 
|  72|0x0000000089400000, 0x0000000089400000, 0x0000000089500000|  0%| F|  |TAMS 0x0000000089400000| PB 0x0000000089400000| Untracked 
|  73|0x0000000089500000, 0x0000000089500000, 0x0000000089600000|  0%| F|  |TAMS 0x0000000089500000| PB 0x0000000089500000| Untracked 
|  74|0x0000000089600000, 0x0000000089600000, 0x0000000089700000|  0%| F|  |TAMS 0x0000000089600000| PB 0x0000000089600000| Untracked 
|  75|0x0000000089700000, 0x0000000089700000, 0x0000000089800000|  0%| F|  |TAMS 0x0000000089700000| PB 0x0000000089700000| Untracked 
|  76|0x0000000089800000, 0x0000000089800000, 0x0000000089900000|  0%| F|  |TAMS 0x0000000089800000| PB 0x0000000089800000| Untracked 
|  77|0x0000000089900000, 0x0000000089900000, 0x0000000089a00000|  0%| F|  |TAMS 0x0000000089900000| PB 0x0000000089900000| Untracked 
|  78|0x0000000089a00000, 0x0000000089a00000, 0x0000000089b00000|  0%| F|  |TAMS 0x0000000089a00000| PB 0x0000000089a00000| Untracked 
|  79|0x0000000089b00000, 0x0000000089b00000, 0x0000000089c00000|  0%| F|  |TAMS 0x0000000089b00000| PB 0x0000000089b00000| Untracked 
|  80|0x0000000089c00000, 0x0000000089c00000, 0x0000000089d00000|  0%| F|  |TAMS 0x0000000089c00000| PB 0x0000000089c00000| Untracked 
|  81|0x0000000089d00000, 0x0000000089d00000, 0x0000000089e00000|  0%| F|  |TAMS 0x0000000089d00000| PB 0x0000000089d00000| Untracked 
|  82|0x0000000089e00000, 0x0000000089e00000, 0x0000000089f00000|  0%| F|  |TAMS 0x0000000089e00000| PB 0x0000000089e00000| Untracked 
|  83|0x0000000089f00000, 0x0000000089f00000, 0x000000008a000000|  0%| F|  |TAMS 0x0000000089f00000| PB 0x0000000089f00000| Untracked 
|  84|0x000000008a000000, 0x000000008a000000, 0x000000008a100000|  0%| F|  |TAMS 0x000000008a000000| PB 0x000000008a000000| Untracked 
|  85|0x000000008a100000, 0x000000008a100000, 0x000000008a200000|  0%| F|  |TAMS 0x000000008a100000| PB 0x000000008a100000| Untracked 
|  86|0x000000008a200000, 0x000000008a200000, 0x000000008a300000|  0%| F|  |TAMS 0x000000008a200000| PB 0x000000008a200000| Untracked 
|  87|0x000000008a300000, 0x000000008a300000, 0x000000008a400000|  0%| F|  |TAMS 0x000000008a300000| PB 0x000000008a300000| Untracked 
|  88|0x000000008a400000, 0x000000008a400000, 0x000000008a500000|  0%| F|  |TAMS 0x000000008a400000| PB 0x000000008a400000| Untracked 
|  89|0x000000008a500000, 0x000000008a500000, 0x000000008a600000|  0%| F|  |TAMS 0x000000008a500000| PB 0x000000008a500000| Untracked 
|  90|0x000000008a600000, 0x000000008a600000, 0x000000008a700000|  0%| F|  |TAMS 0x000000008a600000| PB 0x000000008a600000| Untracked 
|  91|0x000000008a700000, 0x000000008a700000, 0x000000008a800000|  0%| F|  |TAMS 0x000000008a700000| PB 0x000000008a700000| Untracked 
|  92|0x000000008a800000, 0x000000008a800000, 0x000000008a900000|  0%| F|  |TAMS 0x000000008a800000| PB 0x000000008a800000| Untracked 
|  93|0x000000008a900000, 0x000000008a900000, 0x000000008aa00000|  0%| F|  |TAMS 0x000000008a900000| PB 0x000000008a900000| Untracked 
|  94|0x000000008aa00000, 0x000000008aa00000, 0x000000008ab00000|  0%| F|  |TAMS 0x000000008aa00000| PB 0x000000008aa00000| Untracked 
|  95|0x000000008ab00000, 0x000000008ab00000, 0x000000008ac00000|  0%| F|  |TAMS 0x000000008ab00000| PB 0x000000008ab00000| Untracked 
|  96|0x000000008ac00000, 0x000000008ac00000, 0x000000008ad00000|  0%| F|  |TAMS 0x000000008ac00000| PB 0x000000008ac00000| Untracked 
|  97|0x000000008ad00000, 0x000000008ad00000, 0x000000008ae00000|  0%| F|  |TAMS 0x000000008ad00000| PB 0x000000008ad00000| Untracked 
|  98|0x000000008ae00000, 0x000000008ae00000, 0x000000008af00000|  0%| F|  |TAMS 0x000000008ae00000| PB 0x000000008ae00000| Untracked 
|  99|0x000000008af00000, 0x000000008af00000, 0x000000008b000000|  0%| F|  |TAMS 0x000000008af00000| PB 0x000000008af00000| Untracked 
| 100|0x000000008b000000, 0x000000008b000000, 0x000000008b100000|  0%| F|  |TAMS 0x000000008b000000| PB 0x000000008b000000| Untracked 
| 101|0x000000008b100000, 0x000000008b100000, 0x000000008b200000|  0%| F|  |TAMS 0x000000008b100000| PB 0x000000008b100000| Untracked 
| 102|0x000000008b200000, 0x000000008b200000, 0x000000008b300000|  0%| F|  |TAMS 0x000000008b200000| PB 0x000000008b200000| Untracked 
| 103|0x000000008b300000, 0x000000008b300000, 0x000000008b400000|  0%| F|  |TAMS 0x000000008b300000| PB 0x000000008b300000| Untracked 
| 104|0x000000008b400000, 0x000000008b400000, 0x000000008b500000|  0%| F|  |TAMS 0x000000008b400000| PB 0x000000008b400000| Untracked 
| 105|0x000000008b500000, 0x000000008b500000, 0x000000008b600000|  0%| F|  |TAMS 0x000000008b500000| PB 0x000000008b500000| Untracked 
| 106|0x000000008b600000, 0x000000008b600000, 0x000000008b700000|  0%| F|  |TAMS 0x000000008b600000| PB 0x000000008b600000| Untracked 
| 107|0x000000008b700000, 0x000000008b700000, 0x000000008b800000|  0%| F|  |TAMS 0x000000008b700000| PB 0x000000008b700000| Untracked 
| 108|0x000000008b800000, 0x000000008b800000, 0x000000008b900000|  0%| F|  |TAMS 0x000000008b800000| PB 0x000000008b800000| Untracked 
| 109|0x000000008b900000, 0x000000008b900000, 0x000000008ba00000|  0%| F|  |TAMS 0x000000008b900000| PB 0x000000008b900000| Untracked 
| 110|0x000000008ba00000, 0x000000008ba00000, 0x000000008bb00000|  0%| F|  |TAMS 0x000000008ba00000| PB 0x000000008ba00000| Untracked 
| 111|0x000000008bb00000, 0x000000008bb00000, 0x000000008bc00000|  0%| F|  |TAMS 0x000000008bb00000| PB 0x000000008bb00000| Untracked 
| 112|0x000000008bc00000, 0x000000008bc00000, 0x000000008bd00000|  0%| F|  |TAMS 0x000000008bc00000| PB 0x000000008bc00000| Untracked 
| 113|0x000000008bd00000, 0x000000008bd00000, 0x000000008be00000|  0%| F|  |TAMS 0x000000008bd00000| PB 0x000000008bd00000| Untracked 
| 114|0x000000008be00000, 0x000000008be00000, 0x000000008bf00000|  0%| F|  |TAMS 0x000000008be00000| PB 0x000000008be00000| Untracked 
| 115|0x000000008bf00000, 0x000000008bf00000, 0x000000008c000000|  0%| F|  |TAMS 0x000000008bf00000| PB 0x000000008bf00000| Untracked 
| 116|0x000000008c000000, 0x000000008c000000, 0x000000008c100000|  0%| F|  |TAMS 0x000000008c000000| PB 0x000000008c000000| Untracked 
| 117|0x000000008c100000, 0x000000008c100000, 0x000000008c200000|  0%| F|  |TAMS 0x000000008c100000| PB 0x000000008c100000| Untracked 
| 118|0x000000008c200000, 0x000000008c200000, 0x000000008c300000|  0%| F|  |TAMS 0x000000008c200000| PB 0x000000008c200000| Untracked 
| 119|0x000000008c300000, 0x000000008c300000, 0x000000008c400000|  0%| F|  |TAMS 0x000000008c300000| PB 0x000000008c300000| Untracked 
| 120|0x000000008c400000, 0x000000008c400000, 0x000000008c500000|  0%| F|  |TAMS 0x000000008c400000| PB 0x000000008c400000| Untracked 
| 121|0x000000008c500000, 0x000000008c500000, 0x000000008c600000|  0%| F|  |TAMS 0x000000008c500000| PB 0x000000008c500000| Untracked 
| 122|0x000000008c600000, 0x000000008c600000, 0x000000008c700000|  0%| F|  |TAMS 0x000000008c600000| PB 0x000000008c600000| Untracked 
| 123|0x000000008c700000, 0x000000008c700000, 0x000000008c800000|  0%| F|  |TAMS 0x000000008c700000| PB 0x000000008c700000| Untracked 
|1971|0x00000000fff00000, 0x0000000100000000, 0x0000000100000000|100%| O|  |TAMS 0x0000000100000000| PB 0x00000000fff00000| Untracked 

Card table byte_map: [0x0000021896a40000,0x0000021896e20000] _byte_map_base: 0x000002189661a000

Marking Bits: (CMBitMap*) 0x000002188456b700
 Bits: [0x0000021896e20000, 0x0000021898cf0000)

Polling page: 0x00000218824a0000

Metaspace:

Usage:
  Non-class:     52.51 MB used.
      Class:      7.11 MB used.
       Both:     59.61 MB used.

Virtual space:
  Non-class space:       64.00 MB reserved,      52.88 MB ( 83%) committed,  1 nodes.
      Class space:        1.00 GB reserved,       7.44 MB ( <1%) committed,  1 nodes.
             Both:        1.06 GB reserved,      60.31 MB (  6%) committed. 

Chunk freelists:
   Non-Class:  11.08 MB
       Class:  8.58 MB
        Both:  19.66 MB

MaxMetaspaceSize: unlimited
CompressedClassSpaceSize: 1.00 GB
Initial GC threshold: 21.00 MB
Current GC threshold: 89.81 MB
CDS: off
 - commit_granule_bytes: 65536.
 - commit_granule_words: 8192.
 - virtual_space_node_default_size: 8388608.
 - enlarge_chunks_in_place: 1.
 - use_allocation_guard: 0.


Internal statistics:

num_allocs_failed_limit: 6.
num_arena_births: 1230.
num_arena_deaths: 0.
num_vsnodes_births: 2.
num_vsnodes_deaths: 0.
num_space_committed: 963.
num_space_uncommitted: 0.
num_chunks_returned_to_freelist: 6.
num_chunks_taken_from_freelist: 3220.
num_chunk_merges: 6.
num_chunk_splits: 2472.
num_chunks_enlarged: 1933.
num_inconsistent_stats: 0.

CodeHeap 'non-profiled nmethods': size=120000Kb used=3416Kb max_used=3416Kb free=116583Kb
 bounds [0x000002188f130000, 0x000002188f490000, 0x0000021896660000]
CodeHeap 'profiled nmethods': size=120000Kb used=14994Kb max_used=14994Kb free=105005Kb
 bounds [0x0000021887660000, 0x0000021888510000, 0x000002188eb90000]
CodeHeap 'non-nmethods': size=5760Kb used=1731Kb max_used=1773Kb free=4028Kb
 bounds [0x000002188eb90000, 0x000002188ee00000, 0x000002188f130000]
 total_blobs=6882 nmethods=6254 adapters=531
 compilation: enabled
              stopped_count=0, restarted_count=0
 full_count=0

Compilation events (20 events):
Event: 7.295 Thread 0x00000218a1210fa0 nmethod 6581 0x000002188f485d10 code [0x000002188f485ea0, 0x000002188f485fc0]
Event: 7.296 Thread 0x000002189b3ba260 6583       3       java.util.concurrent.locks.ReentrantReadWriteLock$ReadLock::unlock (10 bytes)
Event: 7.296 Thread 0x000002189b3ba260 nmethod 6583 0x0000021888501690 code [0x0000021888501860, 0x0000021888501b38]
Event: 7.296 Thread 0x000002189b3ba260 6584       3       java.util.concurrent.locks.AbstractQueuedSynchronizer::releaseShared (19 bytes)
Event: 7.297 Thread 0x000002189b3ba260 nmethod 6584 0x0000021888501c90 code [0x0000021888501ea0, 0x00000218885024c8]
Event: 7.297 Thread 0x000002189b3ba260 6585       3       org.jetbrains.kotlin.com.intellij.util.ArrayUtil::realloc (51 bytes)
Event: 7.297 Thread 0x000002189b3ba260 nmethod 6585 0x0000021888502690 code [0x0000021888502860, 0x0000021888502b40]
Event: 7.297 Thread 0x000002189b3ba260 6586       3       org.jetbrains.kotlin.cli.jvm.index.JvmDependenciesIndex::traverseDirectoriesInPackage$default (39 bytes)
Event: 7.297 Thread 0x000002189b3ba260 nmethod 6586 0x0000021888502c90 code [0x0000021888502e80, 0x0000021888503238]
Event: 7.299 Thread 0x000002189b3ba260 6587       3       org.jetbrains.kotlin.com.intellij.psi.stubs.MaterialStubList::get (12 bytes)
Event: 7.299 Thread 0x000002189b3ba260 nmethod 6587 0x0000021888503410 code [0x00000218885035c0, 0x0000021888503870]
Event: 7.299 Thread 0x000002189b3ba260 6588       3       org.jetbrains.kotlin.com.intellij.psi.stubs.StubList::getChildrenStorage (25 bytes)
Event: 7.299 Thread 0x000002189b3ba260 nmethod 6588 0x0000021888503990 code [0x0000021888503b40, 0x0000021888503d28]
Event: 7.299 Thread 0x000002189b3ba260 6589       3       org.jetbrains.kotlin.com.intellij.psi.stubs.StubList::childrenCountIndex (6 bytes)
Event: 7.299 Thread 0x000002189b3ba260 nmethod 6589 0x0000021887a4ea90 code [0x0000021887a4ec20, 0x0000021887a4ed18]
Event: 7.302 Thread 0x000002189b3ba260 6590       3       java.lang.invoke.DirectMethodHandle$Constructor::viewAsType (49 bytes)
Event: 7.302 Thread 0x000002189b3ba260 nmethod 6590 0x0000021888503d90 code [0x0000021888503f40, 0x0000021888504110]
Event: 7.305 Thread 0x000002189b3ba260 6591       3       org.jetbrains.kotlin.com.intellij.psi.stubs.StubList::getChildrenCount (12 bytes)
Event: 7.306 Thread 0x000002189b3ba260 nmethod 6591 0x0000021888504210 code [0x00000218885043e0, 0x0000021888504710]
Event: 7.306 Thread 0x000002189b3ba260 6592       3       org.jetbrains.kotlin.load.java.lazy.types.JavaTypeResolver::transformJavaClassifierType (156 bytes)

GC Heap History (20 events):
Event: 2.668 GC heap after
{Heap after GC invocations=7 (full 0):
 garbage-first heap   total 59392K, used 18127K [0x0000000084c00000, 0x0000000100000000)
  region size 1024K, 2 young (2048K), 2 survivors (2048K)
 Metaspace       used 35898K, committed 36096K, reserved 1114112K
  class space    used 4455K, committed 4544K, reserved 1048576K
}
Event: 3.082 GC heap before
{Heap before GC invocations=8 (full 0):
 garbage-first heap   total 59392K, used 43727K [0x0000000084c00000, 0x0000000100000000)
  region size 1024K, 28 young (28672K), 2 survivors (2048K)
 Metaspace       used 41185K, committed 41408K, reserved 1114112K
  class space    used 4935K, committed 5056K, reserved 1048576K
}
Event: 3.089 GC heap after
{Heap after GC invocations=9 (full 0):
 garbage-first heap   total 59392K, used 21184K [0x0000000084c00000, 0x0000000100000000)
  region size 1024K, 4 young (4096K), 4 survivors (4096K)
 Metaspace       used 41185K, committed 41408K, reserved 1114112K
  class space    used 4935K, committed 5056K, reserved 1048576K
}
Event: 3.700 GC heap before
{Heap before GC invocations=9 (full 0):
 garbage-first heap   total 59392K, used 45760K [0x0000000084c00000, 0x0000000100000000)
  region size 1024K, 29 young (29696K), 4 survivors (4096K)
 Metaspace       used 46345K, committed 47104K, reserved 1114112K
  class space    used 5624K, committed 6016K, reserved 1048576K
}
Event: 3.711 GC heap after
{Heap after GC invocations=10 (full 0):
 garbage-first heap   total 59392K, used 22867K [0x0000000084c00000, 0x0000000100000000)
  region size 1024K, 3 young (3072K), 3 survivors (3072K)
 Metaspace       used 46345K, committed 47104K, reserved 1114112K
  class space    used 5624K, committed 6016K, reserved 1048576K
}
Event: 4.163 GC heap before
{Heap before GC invocations=10 (full 0):
 garbage-first heap   total 59392K, used 49491K [0x0000000084c00000, 0x0000000100000000)
  region size 1024K, 28 young (28672K), 3 survivors (3072K)
 Metaspace       used 48763K, committed 49536K, reserved 1114112K
  class space    used 5899K, committed 6272K, reserved 1048576K
}
Event: 4.171 GC heap after
{Heap after GC invocations=11 (full 0):
 garbage-first heap   total 59392K, used 24909K [0x0000000084c00000, 0x0000000100000000)
  region size 1024K, 2 young (2048K), 2 survivors (2048K)
 Metaspace       used 48763K, committed 49536K, reserved 1114112K
  class space    used 5899K, committed 6272K, reserved 1048576K
}
Event: 4.711 GC heap before
{Heap before GC invocations=11 (full 0):
 garbage-first heap   total 59392K, used 51533K [0x0000000084c00000, 0x0000000100000000)
  region size 1024K, 26 young (26624K), 2 survivors (2048K)
 Metaspace       used 50865K, committed 51584K, reserved 1114112K
  class space    used 6132K, committed 6464K, reserved 1048576K
}
Event: 4.721 GC heap after
{Heap after GC invocations=12 (full 0):
 garbage-first heap   total 59392K, used 30720K [0x0000000084c00000, 0x0000000100000000)
  region size 1024K, 4 young (4096K), 4 survivors (4096K)
 Metaspace       used 50865K, committed 51584K, reserved 1114112K
  class space    used 6132K, committed 6464K, reserved 1048576K
}
Event: 5.506 GC heap before
{Heap before GC invocations=12 (full 0):
 garbage-first heap   total 59392K, used 50176K [0x0000000084c00000, 0x0000000100000000)
  region size 1024K, 23 young (23552K), 4 survivors (4096K)
 Metaspace       used 53339K, committed 54080K, reserved 1114112K
  class space    used 6324K, committed 6656K, reserved 1048576K
}
Event: 5.517 GC heap after
{Heap after GC invocations=13 (full 0):
 garbage-first heap   total 71680K, used 34479K [0x0000000084c00000, 0x0000000100000000)
  region size 1024K, 3 young (3072K), 3 survivors (3072K)
 Metaspace       used 53339K, committed 54080K, reserved 1114112K
  class space    used 6324K, committed 6656K, reserved 1048576K
}
Event: 6.043 GC heap before
{Heap before GC invocations=13 (full 0):
 garbage-first heap   total 71680K, used 59055K [0x0000000084c00000, 0x0000000100000000)
  region size 1024K, 27 young (27648K), 3 survivors (3072K)
 Metaspace       used 53953K, committed 54720K, reserved 1114112K
  class space    used 6359K, committed 6720K, reserved 1048576K
}
Event: 6.060 GC heap after
{Heap after GC invocations=14 (full 0):
 garbage-first heap   total 71680K, used 39277K [0x0000000084c00000, 0x0000000100000000)
  region size 1024K, 4 young (4096K), 4 survivors (4096K)
 Metaspace       used 53953K, committed 54720K, reserved 1114112K
  class space    used 6359K, committed 6720K, reserved 1048576K
}
Event: 6.421 GC heap before
{Heap before GC invocations=14 (full 0):
 garbage-first heap   total 71680K, used 60781K [0x0000000084c00000, 0x0000000100000000)
  region size 1024K, 25 young (25600K), 4 survivors (4096K)
 Metaspace       used 54452K, committed 55168K, reserved 1114112K
  class space    used 6391K, committed 6720K, reserved 1048576K
}
Event: 6.437 GC heap after
{Heap after GC invocations=15 (full 0):
 garbage-first heap   total 71680K, used 43069K [0x0000000084c00000, 0x0000000100000000)
  region size 1024K, 4 young (4096K), 4 survivors (4096K)
 Metaspace       used 54452K, committed 55168K, reserved 1114112K
  class space    used 6391K, committed 6720K, reserved 1048576K
}
Event: 6.568 GC heap before
{Heap before GC invocations=16 (full 0):
 garbage-first heap   total 75776K, used 61501K [0x0000000084c00000, 0x0000000100000000)
  region size 1024K, 22 young (22528K), 4 survivors (4096K)
 Metaspace       used 54454K, committed 55168K, reserved 1114112K
  class space    used 6391K, committed 6720K, reserved 1048576K
}
Event: 6.573 GC heap after
{Heap after GC invocations=17 (full 0):
 garbage-first heap   total 75776K, used 43419K [0x0000000084c00000, 0x0000000100000000)
  region size 1024K, 1 young (1024K), 1 survivors (1024K)
 Metaspace       used 54454K, committed 55168K, reserved 1114112K
  class space    used 6391K, committed 6720K, reserved 1048576K
}
Event: 6.786 GC heap before
{Heap before GC invocations=17 (full 0):
 garbage-first heap   total 75776K, used 65947K [0x0000000084c00000, 0x0000000100000000)
  region size 1024K, 23 young (23552K), 1 survivors (1024K)
 Metaspace       used 55956K, committed 56704K, reserved 1114112K
  class space    used 6569K, committed 6912K, reserved 1048576K
}
Event: 6.791 GC heap after
{Heap after GC invocations=18 (full 0):
 garbage-first heap   total 75776K, used 42353K [0x0000000084c00000, 0x0000000100000000)
  region size 1024K, 1 young (1024K), 1 survivors (1024K)
 Metaspace       used 55956K, committed 56704K, reserved 1114112K
  class space    used 6569K, committed 6912K, reserved 1048576K
}
Event: 7.306 GC heap before
{Heap before GC invocations=18 (full 0):
 garbage-first heap   total 75776K, used 65905K [0x0000000084c00000, 0x0000000100000000)
  region size 1024K, 25 young (25600K), 1 survivors (1024K)
 Metaspace       used 61042K, committed 61760K, reserved 1114112K
  class space    used 7275K, committed 7616K, reserved 1048576K
}

Dll operation events (3 events):
Event: 0.010 Loaded shared library C:\Program Files\Android\Android Studio\jbr\bin\java.dll
Event: 0.016 Loaded shared library C:\Program Files\Android\Android Studio\jbr\bin\zip.dll
Event: 1.774 Loaded shared library C:\Program Files\Android\Android Studio\jbr\bin\verify.dll

Deoptimization events (20 events):
Event: 7.174 Thread 0x000002188227dc90 Uncommon trap: trap_request=0xffffffde fr.pc=0x000002188f183984 relative=0x0000000000000d84
Event: 7.174 Thread 0x000002188227dc90 Uncommon trap: reason=class_check action=maybe_recompile pc=0x000002188f183984 method=java.util.concurrent.ConcurrentHashMap.putVal(Ljava/lang/Object;Ljava/lang/Object;Z)Ljava/lang/Object; @ 159 c2
Event: 7.174 Thread 0x000002188227dc90 DEOPT PACKING pc=0x000002188f183984 sp=0x000000ae240f9320
Event: 7.174 Thread 0x000002188227dc90 DEOPT UNPACKING pc=0x000002188ebe7da2 sp=0x000000ae240f92a0 mode 2
Event: 7.174 Thread 0x000002188227dc90 Uncommon trap: trap_request=0xffffffde fr.pc=0x000002188f183984 relative=0x0000000000000d84
Event: 7.174 Thread 0x000002188227dc90 Uncommon trap: reason=class_check action=maybe_recompile pc=0x000002188f183984 method=java.util.concurrent.ConcurrentHashMap.putVal(Ljava/lang/Object;Ljava/lang/Object;Z)Ljava/lang/Object; @ 159 c2
Event: 7.174 Thread 0x000002188227dc90 DEOPT PACKING pc=0x000002188f183984 sp=0x000000ae240f9320
Event: 7.174 Thread 0x000002188227dc90 DEOPT UNPACKING pc=0x000002188ebe7da2 sp=0x000000ae240f92a0 mode 2
Event: 7.185 Thread 0x000002188227dc90 Uncommon trap: trap_request=0xffffffde fr.pc=0x000002188f183984 relative=0x0000000000000d84
Event: 7.185 Thread 0x000002188227dc90 Uncommon trap: reason=class_check action=maybe_recompile pc=0x000002188f183984 method=java.util.concurrent.ConcurrentHashMap.putVal(Ljava/lang/Object;Ljava/lang/Object;Z)Ljava/lang/Object; @ 159 c2
Event: 7.185 Thread 0x000002188227dc90 DEOPT PACKING pc=0x000002188f183984 sp=0x000000ae240f93f0
Event: 7.185 Thread 0x000002188227dc90 DEOPT UNPACKING pc=0x000002188ebe7da2 sp=0x000000ae240f9370 mode 2
Event: 7.185 Thread 0x000002188227dc90 Uncommon trap: trap_request=0xffffffde fr.pc=0x000002188f183984 relative=0x0000000000000d84
Event: 7.185 Thread 0x000002188227dc90 Uncommon trap: reason=class_check action=maybe_recompile pc=0x000002188f183984 method=java.util.concurrent.ConcurrentHashMap.putVal(Ljava/lang/Object;Ljava/lang/Object;Z)Ljava/lang/Object; @ 159 c2
Event: 7.185 Thread 0x000002188227dc90 DEOPT PACKING pc=0x000002188f183984 sp=0x000000ae240f93f0
Event: 7.185 Thread 0x000002188227dc90 DEOPT UNPACKING pc=0x000002188ebe7da2 sp=0x000000ae240f9370 mode 2
Event: 7.237 Thread 0x000002188227dc90 Uncommon trap: trap_request=0xffffff45 fr.pc=0x000002188f3f8868 relative=0x0000000000004388
Event: 7.237 Thread 0x000002188227dc90 Uncommon trap: reason=unstable_if action=reinterpret pc=0x000002188f3f8868 method=org.jetbrains.org.objectweb.asm.ClassReader.readMethod(Lorg/jetbrains/org/objectweb/asm/ClassVisitor;Lorg/jetbrains/org/objectweb/asm/Context;I)I @ 151 c2
Event: 7.237 Thread 0x000002188227dc90 DEOPT PACKING pc=0x000002188f3f8868 sp=0x000000ae240f8280
Event: 7.238 Thread 0x000002188227dc90 DEOPT UNPACKING pc=0x000002188ebe7da2 sp=0x000000ae240f8238 mode 2

Classes loaded (20 events):
Event: 4.441 Loading class java/util/stream/IntPipeline$1$1
Event: 4.441 Loading class java/util/stream/Sink$ChainedInt
Event: 4.441 Loading class java/util/stream/Sink$OfInt
Event: 4.441 Loading class java/util/function/IntConsumer
Event: 4.441 Loading class java/util/function/IntConsumer done
Event: 4.441 Loading class java/util/stream/Sink$OfInt done
Event: 4.441 Loading class java/util/stream/Sink$ChainedInt done
Event: 4.441 Loading class java/util/stream/IntPipeline$1$1 done
Event: 4.473 Loading class java/text/StringCharacterIterator
Event: 4.473 Loading class java/text/CharacterIterator
Event: 4.473 Loading class java/text/CharacterIterator done
Event: 4.473 Loading class java/text/StringCharacterIterator done
Event: 4.969 Loading class java/util/RegularEnumSet$EnumSetIterator
Event: 4.969 Loading class java/util/RegularEnumSet$EnumSetIterator done
Event: 5.187 Loading class java/util/Collections$SingletonMap
Event: 5.187 Loading class java/util/Collections$SingletonMap done
Event: 7.047 Loading class java/util/ComparableTimSort
Event: 7.047 Loading class java/util/ComparableTimSort done
Event: 7.241 Loading class java/util/function/ToIntFunction
Event: 7.241 Loading class java/util/function/ToIntFunction done

Classes unloaded (0 events):
No events

Classes redefined (0 events):
No events

Internal exceptions (20 events):
Event: 3.405 Thread 0x000002188227dc90 Exception <a 'java/lang/NoSuchMethodError'{0x0000000087613700}: 'java.lang.Object java.lang.invoke.DirectMethodHandle$Holder.newInvokeSpecial(java.lang.Object, java.lang.Object, java.lang.Object, java.lang.Object, java.lang.Object, java.lang.Object, java.lang.Object, java.lang.Object, java.lang.Object, java.lang.Object, java.lang.Object, java.lang.Object, java.lang.Object)'> (0x0000000087613700) 
thrown [s\src\hotspot\share\interpreter\linkResolver.cpp, line 784]
Event: 3.405 Thread 0x000002188227dc90 Exception <a 'java/lang/NoSuchMethodError'{0x0000000087618650}: 'java.lang.Object java.lang.invoke.DirectMethodHandle$Holder.invokeSpecial(java.lang.Object, java.lang.Object, java.lang.Object, java.lang.Object, java.lang.Object, java.lang.Object, java.lang.Object, java.lang.Object, java.lang.Object, java.lang.Object, java.lang.Object, java.lang.Object, java.lang.Object, java.lang.Object)'> (0x0000000087618650) 
thrown [s\src\hotspot\share\interpreter\linkResolver.cpp, line 784]
Event: 3.406 Thread 0x000002188227dc90 Exception <a 'java/lang/NoSuchMethodError'{0x000000008761cb80}: 'java.lang.Object java.lang.invoke.DelegatingMethodHandle$Holder.reinvoke_L(java.lang.Object, java.lang.Object, java.lang.Object, java.lang.Object, java.lang.Object, java.lang.Object, java.lang.Object, java.lang.Object, java.lang.Object, java.lang.Object, java.lang.Object, java.lang.Object, java.lang.Object)'> (0x000000008761cb80) 
thrown [s\src\hotspot\share\interpreter\linkResolver.cpp, line 784]
Event: 3.583 Thread 0x000002188227dc90 Exception <a 'java/lang/NoSuchMethodError'{0x0000000086e64660}: 'java.lang.Object java.lang.invoke.DirectMethodHandle$Holder.newInvokeSpecial(java.lang.Object, java.lang.Object, int)'> (0x0000000086e64660) 
thrown [s\src\hotspot\share\interpreter\linkResolver.cpp, line 784]
Event: 3.675 Thread 0x000002188227dc90 Exception <a 'java/lang/NoSuchMethodError'{0x0000000086c70430}: 'java.lang.Object java.lang.invoke.DirectMethodHandle$Holder.newInvokeSpecial(java.lang.Object, java.lang.Object, java.lang.Object, int)'> (0x0000000086c70430) 
thrown [s\src\hotspot\share\interpreter\linkResolver.cpp, line 784]
Event: 3.675 Thread 0x000002188227dc90 Exception <a 'java/lang/NoSuchMethodError'{0x0000000086c74560}: 'java.lang.Object java.lang.invoke.DirectMethodHandle$Holder.invokeSpecial(java.lang.Object, java.lang.Object, java.lang.Object, java.lang.Object, int)'> (0x0000000086c74560) 
thrown [s\src\hotspot\share\interpreter\linkResolver.cpp, line 784]
Event: 3.676 Thread 0x000002188227dc90 Exception <a 'java/lang/NoSuchMethodError'{0x0000000086c77c98}: 'java.lang.Object java.lang.invoke.Invokers$Holder.linkToTargetMethod(java.lang.Object, java.lang.Object, int, java.lang.Object)'> (0x0000000086c77c98) 
thrown [s\src\hotspot\share\interpreter\linkResolver.cpp, line 784]
Event: 4.966 Thread 0x000002188227dc90 Exception <a 'java/lang/NoSuchMethodError'{0x0000000087ff60e8}: 'java.lang.Object java.lang.invoke.DirectMethodHandle$Holder.invokeSpecial(java.lang.Object, java.lang.Object, java.lang.Object, java.lang.Object, java.lang.Object, java.lang.Object, int)'> (0x0000000087ff60e8) 
thrown [s\src\hotspot\share\interpreter\linkResolver.cpp, line 784]
Event: 5.135 Thread 0x000002188227dc90 Exception <a 'java/lang/NoSuchMethodError'{0x0000000087a1f898}: 'java.lang.Object java.lang.invoke.DirectMethodHandle$Holder.invokeStaticInit(java.lang.Object, java.lang.Object, java.lang.Object)'> (0x0000000087a1f898) 
thrown [s\src\hotspot\share\interpreter\linkResolver.cpp, line 784]
Event: 5.849 Thread 0x000002188227dc90 Implicit null exception at 0x000002188f18491a to 0x000002188f184b1c
Event: 5.849 Thread 0x000002188227dc90 Implicit null exception at 0x000002188f1a323d to 0x000002188f1a32b9
Event: 5.973 Thread 0x000002188227dc90 Exception <a 'java/lang/NoSuchMethodError'{0x0000000087ca4710}: 'java.lang.Object java.lang.invoke.DirectMethodHandle$Holder.newInvokeSpecial(java.lang.Object, int, java.lang.Object)'> (0x0000000087ca4710) 
thrown [s\src\hotspot\share\interpreter\linkResolver.cpp, line 784]
Event: 6.903 Thread 0x000002188227dc90 Implicit null exception at 0x000002188f3eac6f to 0x000002188f3eb144
Event: 7.078 Thread 0x000002188227dc90 Implicit null exception at 0x000002188f2a055a to 0x000002188f2a0658
Event: 7.078 Thread 0x000002188227dc90 Implicit null exception at 0x000002188f3c8a9f to 0x000002188f3c9f60
Event: 7.078 Thread 0x000002188227dc90 Implicit null exception at 0x000002188f3b9c69 to 0x000002188f3ba41e
Event: 7.255 Thread 0x000002188227dc90 Exception <a 'java/lang/NoSuchMethodError'{0x0000000087e9f8f8}: 'void java.lang.invoke.DirectMethodHandle$Holder.invokeSpecial(java.lang.Object, java.lang.Object, int, java.lang.Object)'> (0x0000000087e9f8f8) 
thrown [s\src\hotspot\share\interpreter\linkResolver.cpp, line 784]
Event: 7.280 Thread 0x000002188227dc90 Exception <a 'java/lang/NoSuchMethodError'{0x0000000087c226a0}: 'java.lang.Object java.lang.invoke.DirectMethodHandle$Holder.newInvokeSpecial(java.lang.Object, java.lang.Object, java.lang.Object, java.lang.Object, int)'> (0x0000000087c226a0) 
thrown [s\src\hotspot\share\interpreter\linkResolver.cpp, line 784]
Event: 7.280 Thread 0x000002188227dc90 Exception <a 'java/lang/NoSuchMethodError'{0x0000000087c27110}: 'java.lang.Object java.lang.invoke.DirectMethodHandle$Holder.invokeSpecial(java.lang.Object, java.lang.Object, java.lang.Object, java.lang.Object, java.lang.Object, int)'> (0x0000000087c27110) 
thrown [s\src\hotspot\share\interpreter\linkResolver.cpp, line 784]
Event: 7.280 Thread 0x000002188227dc90 Exception <a 'java/lang/NoSuchMethodError'{0x0000000087c2b640}: 'java.lang.Object java.lang.invoke.Invokers$Holder.linkToTargetMethod(java.lang.Object, java.lang.Object, java.lang.Object, int, java.lang.Object)'> (0x0000000087c2b640) 
thrown [s\src\hotspot\share\interpreter\linkResolver.cpp, line 784]

ZGC Phase Switch (0 events):
No events

VM Operations (20 events):
Event: 7.031 Executing VM operation: HandshakeAllThreads (Deoptimize) done
Event: 7.045 Executing VM operation: HandshakeAllThreads (Deoptimize)
Event: 7.045 Executing VM operation: HandshakeAllThreads (Deoptimize) done
Event: 7.070 Executing VM operation: HandshakeAllThreads (Deoptimize)
Event: 7.070 Executing VM operation: HandshakeAllThreads (Deoptimize) done
Event: 7.173 Executing VM operation: HandshakeAllThreads (Deoptimize)
Event: 7.173 Executing VM operation: HandshakeAllThreads (Deoptimize) done
Event: 7.228 Executing VM operation: HandshakeAllThreads (Deoptimize)
Event: 7.228 Executing VM operation: HandshakeAllThreads (Deoptimize) done
Event: 7.236 Executing VM operation: HandshakeAllThreads (Deoptimize)
Event: 7.236 Executing VM operation: HandshakeAllThreads (Deoptimize) done
Event: 7.245 Executing VM operation: HandshakeAllThreads (Deoptimize)
Event: 7.245 Executing VM operation: HandshakeAllThreads (Deoptimize) done
Event: 7.266 Executing VM operation: HandshakeAllThreads (Deoptimize)
Event: 7.266 Executing VM operation: HandshakeAllThreads (Deoptimize) done
Event: 7.269 Executing VM operation: HandshakeAllThreads (Deoptimize)
Event: 7.269 Executing VM operation: HandshakeAllThreads (Deoptimize) done
Event: 7.305 Executing VM operation: ICBufferFull
Event: 7.305 Executing VM operation: ICBufferFull done
Event: 7.306 Executing VM operation: G1CollectForAllocation (G1 Evacuation Pause)

Events (20 events):
Event: 6.518 Thread 0x000002189b209950 flushing nmethod 0x0000021887689590
Event: 6.518 Thread 0x000002189b209950 flushing nmethod 0x0000021887687b90
Event: 6.518 Thread 0x000002189b209950 flushing nmethod 0x0000021887677d90
Event: 6.518 Thread 0x000002189b209950 flushing nmethod 0x0000021887676a90
Event: 6.518 Thread 0x000002189b209950 flushing nmethod 0x0000021887672690
Event: 6.518 Thread 0x000002189b209950 flushing nmethod 0x0000021887675590
Event: 6.518 Thread 0x000002189b209950 flushing nmethod 0x000002188f223a90
Event: 6.518 Thread 0x000002189b209950 flushing nmethod 0x000002188f1e7c90
Event: 6.518 Thread 0x000002189b209950 flushing nmethod 0x000002188f1e3490
Event: 6.518 Thread 0x000002189b209950 flushing nmethod 0x000002188f1d9810
Event: 6.518 Thread 0x000002189b209950 flushing nmethod 0x000002188f1c4910
Event: 6.518 Thread 0x000002189b209950 flushing nmethod 0x000002188f1bac90
Event: 6.518 Thread 0x000002189b209950 flushing nmethod 0x000002188f16c910
Event: 6.518 Thread 0x000002189b209950 flushing nmethod 0x000002188f16c490
Event: 6.518 Thread 0x000002189b209950 flushing nmethod 0x000002188f163d10
Event: 6.518 Thread 0x000002189b209950 flushing nmethod 0x000002188f152990
Event: 6.518 Thread 0x000002189b209950 flushing nmethod 0x000002188f151710
Event: 6.518 Thread 0x000002189b209950 flushing nmethod 0x000002188f148a10
Event: 6.518 Thread 0x000002189b209950 flushing nmethod 0x000002188f134a10
Event: 6.518 Thread 0x000002189b209950 flushing nmethod 0x000002188f134490


Dynamic libraries:
0x00007ff620270000 - 0x00007ff62027a000 	C:\Program Files\Android\Android Studio\jbr\bin\java.exe
0x00007ffcb1cd0000 - 0x00007ffcb1ee7000 	C:\WINDOWS\SYSTEM32\ntdll.dll
0x00007ffcb1050000 - 0x00007ffcb1114000 	C:\WINDOWS\System32\KERNEL32.DLL
0x00007ffcaf1c0000 - 0x00007ffcaf593000 	C:\WINDOWS\System32\KERNELBASE.dll
0x00007ffcaef80000 - 0x00007ffcaf091000 	C:\WINDOWS\System32\ucrtbase.dll
0x00007ffc91f00000 - 0x00007ffc91f18000 	C:\Program Files\Android\Android Studio\jbr\bin\jli.dll
0x00007ffc95c30000 - 0x00007ffc95c4b000 	C:\Program Files\Android\Android Studio\jbr\bin\VCRUNTIME140.dll
0x00007ffcb13b0000 - 0x00007ffcb1561000 	C:\WINDOWS\System32\USER32.dll
0x00007ffc99820000 - 0x00007ffc99ab8000 	C:\WINDOWS\WinSxS\amd64_microsoft.windows.common-controls_6595b64144ccf1df_6.0.22621.5124_none_270e8f4f7386d69d\COMCTL32.dll
0x00007ffcaeea0000 - 0x00007ffcaeec6000 	C:\WINDOWS\System32\win32u.dll
0x00007ffcb1a10000 - 0x00007ffcb1a39000 	C:\WINDOWS\System32\GDI32.dll
0x00007ffcaf0a0000 - 0x00007ffcaf1bb000 	C:\WINDOWS\System32\gdi32full.dll
0x00007ffcaf5a0000 - 0x00007ffcaf63a000 	C:\WINDOWS\System32\msvcp_win.dll
0x00007ffcb1b50000 - 0x00007ffcb1bf7000 	C:\WINDOWS\System32\msvcrt.dll
0x00007ffcafb90000 - 0x00007ffcafbc1000 	C:\WINDOWS\System32\IMM32.DLL
0x00007ffc992b0000 - 0x00007ffc992bc000 	C:\Program Files\Android\Android Studio\jbr\bin\vcruntime140_1.dll
0x00007ffc6a920000 - 0x00007ffc6a9ad000 	C:\Program Files\Android\Android Studio\jbr\bin\msvcp140.dll
0x00007ffc35880000 - 0x00007ffc364fd000 	C:\Program Files\Android\Android Studio\jbr\bin\server\jvm.dll
0x00007ffcb0f90000 - 0x00007ffcb1041000 	C:\WINDOWS\System32\ADVAPI32.dll
0x00007ffcb1120000 - 0x00007ffcb11c8000 	C:\WINDOWS\System32\sechost.dll
0x00007ffcaef50000 - 0x00007ffcaef78000 	C:\WINDOWS\System32\bcrypt.dll
0x00007ffcb0e50000 - 0x00007ffcb0f64000 	C:\WINDOWS\System32\RPCRT4.dll
0x00007ffcb1330000 - 0x00007ffcb13a1000 	C:\WINDOWS\System32\WS2_32.dll
0x00007ffca7580000 - 0x00007ffca75b4000 	C:\WINDOWS\SYSTEM32\WINMM.dll
0x00007ffca5930000 - 0x00007ffca593a000 	C:\WINDOWS\SYSTEM32\VERSION.dll
0x00007ffcadc60000 - 0x00007ffcadcad000 	C:\WINDOWS\SYSTEM32\POWRPROF.dll
0x00007ffcadc40000 - 0x00007ffcadc53000 	C:\WINDOWS\SYSTEM32\UMPDC.dll
0x00007ffcadf00000 - 0x00007ffcadf18000 	C:\WINDOWS\SYSTEM32\kernel.appcore.dll
0x00007ffc990c0000 - 0x00007ffc990ca000 	C:\Program Files\Android\Android Studio\jbr\bin\jimage.dll
0x00007ffcac710000 - 0x00007ffcac942000 	C:\WINDOWS\SYSTEM32\DBGHELP.DLL
0x00007ffcb1670000 - 0x00007ffcb1a02000 	C:\WINDOWS\System32\combase.dll
0x00007ffcb02d0000 - 0x00007ffcb03a7000 	C:\WINDOWS\System32\OLEAUT32.dll
0x00007ffca4b20000 - 0x00007ffca4b52000 	C:\WINDOWS\SYSTEM32\dbgcore.DLL
0x00007ffcaf640000 - 0x00007ffcaf6bb000 	C:\WINDOWS\System32\bcryptPrimitives.dll
0x00007ffc92cb0000 - 0x00007ffc92ccf000 	C:\Program Files\Android\Android Studio\jbr\bin\java.dll
0x00007ffc829e0000 - 0x00007ffc829f8000 	C:\Program Files\Android\Android Studio\jbr\bin\zip.dll
0x00007ffcb05b0000 - 0x00007ffcb0e46000 	C:\WINDOWS\System32\SHELL32.dll
0x00007ffcaf830000 - 0x00007ffcaf96f000 	C:\WINDOWS\System32\wintypes.dll
0x00007ffcacd10000 - 0x00007ffcad62a000 	C:\WINDOWS\SYSTEM32\windows.storage.dll
0x00007ffcb0440000 - 0x00007ffcb054a000 	C:\WINDOWS\System32\SHCORE.dll
0x00007ffcafb20000 - 0x00007ffcafb83000 	C:\WINDOWS\System32\shlwapi.dll
0x00007ffcaed10000 - 0x00007ffcaed3b000 	C:\WINDOWS\SYSTEM32\profapi.dll
0x00007ffc95b20000 - 0x00007ffc95b30000 	C:\Program Files\Android\Android Studio\jbr\bin\net.dll
0x00007ffca5590000 - 0x00007ffca56bc000 	C:\WINDOWS\SYSTEM32\WINHTTP.dll
0x00007ffcae380000 - 0x00007ffcae3ea000 	C:\WINDOWS\system32\mswsock.dll
0x00007ffc827a0000 - 0x00007ffc827b6000 	C:\Program Files\Android\Android Studio\jbr\bin\nio.dll
0x00007ffc914b0000 - 0x00007ffc914c0000 	C:\Program Files\Android\Android Studio\jbr\bin\verify.dll

dbghelp: loaded successfully - version: 4.0.5 - missing functions: none
symbol engine: initialized successfully - sym options: 0x614 - pdb path: .;C:\Program Files\Android\Android Studio\jbr\bin;C:\WINDOWS\SYSTEM32;C:\WINDOWS\WinSxS\amd64_microsoft.windows.common-controls_6595b64144ccf1df_6.0.22621.5124_none_270e8f4f7386d69d;C:\Program Files\Android\Android Studio\jbr\bin\server

VM Arguments:
java_command: org.jetbrains.kotlin.cli.jvm.K2JVMCompiler @C:\Users\dinis\AndroidStudioProjects\BrainBrawl\app\build\20250414_8335062791699183900.compiler.options
java_class_path (initial): C:\Users\dinis\.gradle\caches\modules-2\files-2.1\org.jetbrains.kotlin\kotlin-compiler-embeddable\1.9.0\2c8c3a7402becca891f12739b3e9fd2dc2adbd7a\kotlin-compiler-embeddable-1.9.0.jar;C:\Users\dinis\.gradle\caches\modules-2\files-2.1\org.jetbrains.kotlin\kotlin-stdlib\1.9.0\8ee15ef0c67dc83d874f412d84378d7f0eb50b63\kotlin-stdlib-1.9.0.jar;C:\Users\dinis\.gradle\caches\modules-2\files-2.1\org.jetbrains.kotlin\kotlin-script-runtime\1.9.0\4b3102cbbb7e1b58d9d1adf89563f00069ffa7d1\kotlin-script-runtime-1.9.0.jar;C:\Users\dinis\.gradle\caches\modules-2\files-2.1\org.jetbrains.kotlin\kotlin-reflect\1.6.10\1cbe9c92c12a94eea200d23c2bbaedaf3daf5132\kotlin-reflect-1.6.10.jar;C:\Users\dinis\.gradle\caches\modules-2\files-2.1\org.jetbrains.kotlin\kotlin-daemon-embeddable\1.9.0\186543f5e28cf8d9a0290fecc2cf34301c40a65c\kotlin-daemon-embeddable-1.9.0.jar;C:\Users\dinis\.gradle\caches\modules-2\files-2.1\org.jetbrains.intellij.deps\trove4j\1.0.20200330\3afb14d5f9ceb459d724e907a21145e8ff394f02\trove4j-1.0.20200330.jar;C:\Users\dinis\.gradle\caches\modules-2\files-2.1\org.jetbrains.kotlin\kotlin-stdlib-common\1.9.0\cd65c21cfd1eec4d44ef09f9f52b6d9f8a720636\kotlin-stdlib-common-1.9.0.jar;C:\Users\dinis\.gradle\caches\modules-2\files-2.1\org.jetbrains\annotations\13.0\919f0dfe192fb4e063e7dacadee7f8bb9a2672a9\annotations-13.0.jar
Launcher Type: SUN_STANDARD

[Global flags]
     intx CICompilerCount                          = 3                                         {product} {ergonomic}
     uint ConcGCThreads                            = 1                                         {product} {ergonomic}
     uint G1ConcRefinementThreads                  = 4                                         {product} {ergonomic}
   size_t G1HeapRegionSize                         = 1048576                                   {product} {ergonomic}
    uintx GCDrainStackTargetSize                   = 64                                        {product} {ergonomic}
   size_t InitialHeapSize                          = 130023424                                 {product} {ergonomic}
   size_t MarkStackSize                            = 4194304                                   {product} {ergonomic}
   size_t MaxHeapSize                              = 2067791872                                {product} {ergonomic}
   size_t MaxNewSize                               = 1240465408                                {product} {ergonomic}
   size_t MinHeapDeltaBytes                        = 1048576                                   {product} {ergonomic}
   size_t MinHeapSize                              = 8388608                                   {product} {ergonomic}
    uintx NonNMethodCodeHeapSize                   = 5832780                                {pd product} {ergonomic}
    uintx NonProfiledCodeHeapSize                  = 122912730                              {pd product} {ergonomic}
    uintx ProfiledCodeHeapSize                     = 122912730                              {pd product} {ergonomic}
    uintx ReservedCodeCacheSize                    = 251658240                              {pd product} {ergonomic}
     bool SegmentedCodeCache                       = true                                      {product} {ergonomic}
   size_t SoftMaxHeapSize                          = 2067791872                             {manageable} {ergonomic}
     bool UseCompressedOops                        = true                           {product lp64_product} {ergonomic}
     bool UseG1GC                                  = true                                      {product} {ergonomic}
     bool UseLargePagesIndividualAllocation        = false                                  {pd product} {ergonomic}

Logging:
Log output configuration:
 #0: stdout all=warning uptime,level,tags foldmultilines=false
 #1: stderr all=off uptime,level,tags foldmultilines=false

Environment Variables:
JAVA_HOME=C:\Program Files\Java\jdk-21
PATH=C:\Program Files\Common Files\Oracle\Java\javapath;C:\Python313\Scripts\;C:\Python313\;C:\Program Files (x86)\Razer Chroma SDK\bin;C:\Program Files\Razer Chroma SDK\bin;C:\Program Files (x86)\Razer\ChromaBroadcast\bin;C:\Program Files\Razer\ChromaBroadcast\bin;C:\WINDOWS\system32;C:\WINDOWS;C:\WINDOWS\System32\Wbem;C:\WINDOWS\System32\WindowsPowerShell\v1.0\;C:\WINDOWS\System32\OpenSSH\;C:\msys64\mingw64\bin;C:\WINDOWS\system32\config\systemprofile\AppData\Local\Microsoft\WindowsApps;C:\Program Files\dotnet\;C:\xampp\php;C:\xampp\php\php.exe;C:\ProgramData\ComposerSetup\bin;c:\Users\dinis\AppData\Local\Programs\cursor\resources\app\bin;C:\Program Files\nodejs\;C:\ProgramData\chocolatey\bin;C:\Program Files\Git\cmd;C:\Program Files\Microsoft SQL Server\150\Tools\Binn\;C:\Program Files\Microsoft SQL Server\Client SDK\ODBC\170\Tools\Binn\;C:\Users\dinis\AppData\Local\Programs\Python\Launcher\;C:\Users\dinis\AppData\Local\Microsoft\WindowsApps;C:\Users\dinis\AppData\Local\Programs\Microsoft VS Code\bin;C:\Program Files\JetBrains\PyCharm Community Edition 2023.1\bin;;C:\Users\dinis\AppData\Local\GitHubDesktop\bin;C:\Users\dinis\AppData\Roaming\Composer\vendor\bin;C:\Users\dinis\AppData\Roaming\npm;C:\Program Files\Java\jdk-21\bin;C:\Users\dinis\.dotnet\tools
USERNAME=dinis
OS=Windows_NT
PROCESSOR_IDENTIFIER=Intel64 Family 6 Model 126 Stepping 5, GenuineIntel
TMP=C:\Users\dinis\AppData\Local\Temp
TEMP=C:\Users\dinis\AppData\Local\Temp




Periodic native trim disabled

JNI global refs:
JNI global refs: 9, weak refs: 1

JNI global refs memory usage: 835, weak refs: 833

Process memory usage:
Resident Set Size: 254244K (3% of 8069924K total physical memory with 686700K free physical memory)

OOME stack traces (most recent first):
Classloader memory used:
Loader jdk.internal.loader.ClassLoaders$AppClassLoader                                 : 48734K
Loader bootstrap                                                                       : 12307K

---------------  S Y S T E M  ---------------

OS:
 Windows 11 , 64 bit Build 22621 (10.0.22621.5124)
OS uptime: 2 days 20:40 hours

CPU: total 4 (initial active 4) (2 cores per cpu, 2 threads per core) family 6 model 126 stepping 5 microcode 0xa0, cx8, cmov, fxsr, ht, mmx, 3dnowpref, sse, sse2, sse3, ssse3, sse4.1, sse4.2, popcnt, lzcnt, tsc, tscinvbit, avx, avx2, aes, erms, clmul, bmi1, bmi2, adx, avx512f, avx512dq, avx512cd, avx512bw, avx512vl, sha, fma, vzeroupper, avx512_vpopcntdq, avx512_vpclmulqdq, avx512_vaes, avx512_vnni, clflush, clflushopt, avx512_vbmi2, avx512_vbmi, rdtscp, rdpid, fsrm, gfni, avx512_bitalg, f16c, pku, avx512_ifma
Processor Information for all 4 processors :
  Max Mhz: 1190, Current Mhz: 1190, Mhz Limit: 1190

Memory: 4k page, system-wide physical 7880M (672M free)
TotalPageFile size 32456M (AvailPageFile size 8M)
current process WorkingSet (physical memory assigned to process): 248M, peak: 252M
current process commit charge ("private bytes"): 325M, peak: 336M

vm_info: OpenJDK 64-Bit Server VM (21.0.3+-12282718-b509.11) for windows-amd64 JRE (21.0.3+-12282718-b509.11), built on 2024-08-27T17:34:15Z by "builder" with MS VC++ 16.10 / 16.11 (VS2019)

END.
